E/BT_SYSTEM_CONTROL( 1060): advertise_data.data[20]=0x37
E/BT_SYSTEM_CONTROL( 1060): advertise_data.data[21]=0x30
E/BT_SYSTEM_CONTROL( 1060): advertised_uuids[0].data()=FEA0
E/BT_SYSTEM_CONTROL( 1060): conv16_128uuid 1572
E/BT_SYSTEM_CONTROL( 1060): scan resp data set success
E/BT_SYSTEM_CONTROL( 1060): adv data set successfully
E/BT_SYSTEM_CONTROL( 1060): StartAdvertising 1705
D/bt_btm_ble( 1060): disc_mode 0200
E/bt_btif ( 1060): bta_gattc_listen failed, unknown client_if: 0
E/LibreBleController( 1395): BluetoothDummy::OnAdvertisingCb = 1
E/LIBRECastSysInfo( 1395): property_get ro.product.release.track from prop
E/LIBRECastSysInfo( 1395): property_get ro.product.release.track from prop
E/LIBRECastSysInfo( 1395): CastSysInfoDummy::GetManufacturer LibreSync
E/LIBRECastSysInfo( 1395): CastSysInfoDummy::GetManufacturer LibreSync
E/LIBRECastSysInfo( 1395): CastSysInfoDummy::GetDeviceModel LS2
E/LIBRECastSysInfo( 1395): CastSysInfoDummy::GetDeviceModel LS2
E/LIBRECastSysInfo( 1395): Serial Text in  GetSerialNumber ids6omnm3Pz8kuEv25Un 
E/LIBRECastSysInfo( 1395): CastSysInfoDummy::GetProductName LS9 Platform
I/cast_shell( 1393): [1395:1395:INFO:metrics_recorder_impl.cc(773)] Upload opt-out event with response code -1
I/cast_shell( 1393): [1395:1395:INFO:metrics_recorder.cc(89)] Metrics stat: total=2
I/cast_shell( 1393): Cast.Discovery.Mdns.ResponderPing=1
I/cast_shell( 1393): Cast.Discovery.Mdns.SocketPing=2
I/cast_shell( 1393): [1395:1439:INFO:wifi_proximity.cc(176)] Request scan.
E/YANI_KERNEL( 1029): GOT NetLink
E/YANI_KERNEL( 1029):  Interface Index  wlan0:4 eth0:0 p2p0:6
E/YANI_KERNEL( 1029):  Netlink event :16
E/YANI_KERNEL( 1029): Event for device index :6
E/YANI_KERNEL( 1029): Event Received fron Netlink Event:-1 iface:6 link:0
E/YANI_KERNEL( 1029): After Netlink 0
I/hostapd ( 1471): p2p0: STA 20:47:da:ff:1c:9c IEEE 802.11: associated
I/hostapd ( 1471): ######### hostapd_new_assoc_sta Station connected 
I/LUCITransportService( 1030): writeLocalMessage() MID = 494 buffer = StationConnected
E/LUCI_SERVER( 1030): Luci Server Thread wait over MID 494....
E/luci_helper( 1060): LUCIHelper::LUCI_TransportListener::onMessageBoxChanged
E/MB_HANDLER( 1060): Messagebox_handler::MessageBoxAlert id = 494 
E/MB_HANDLER( 1060):  
E/MB_HANDLER( 1060): Message Handler Thread wait over MID[494]....
I/LUCITransportService( 1030): readRemoteMessage() MID = 494 buffer = StationConnected
E/MB_HANDLER( 1060): Cast setup start MB handler message = StationConnected
E/MB_HANDLER( 1060): isp2p1running = 1
E/MB_HANDLER( 1060): Send Castsetup start notification to host MCU 
I/LUCITransportService( 1030): writeRemoteMessage() MID = 494 buffer = CASTSetupStart
I/LUCI-UART( 1030): UART write() SUCCESS MID = 494 data = CASTSetupStart bytesWritten = 24 m_fd = 0xb
E/LUCI_SERVER( 1030): Luci Server Thread waiting for packets....
E/MB_HANDLER( 1060): Message Handler Thread waiting for messages....
I/hostapd ( 1471): p2p0: AP-STA-CONNECTED 20:47:da:ff:1c:9c
I/dnsmasq ( 1493): DHCPDISCOVER(p2p0) 20:47:da:ff:1c:9c 
I/dnsmasq ( 1493): DHCPOFFER(p2p0) 192.168.43.100 20:47:da:ff:1c:9c 
I/dnsmasq ( 1493): DHCPDISCOVER(p2p0) 20:47:da:ff:1c:9c 
I/dnsmasq ( 1493): DHCPOFFER(p2p0) 192.168.43.100 20:47:da:ff:1c:9c 
I/dnsmasq ( 1493): DHCPREQUEST(p2p0) 192.168.43.100 20:47:da:ff:1c:9c 
I/dnsmasq ( 1493): DHCPACK(p2p0) 192.168.43.100 20:47:da:ff:1c:9c MI6-xiaomishouji
E/LibreConnect( 1109): aspGetAirplaySupport 1
E/LibreConnect( 1109): aspGetWiredMode 2
E/LibreConnect( 1109): StaticIPtruefalse 0
E/LibreConnect( 1109): StaticIP (null)
E/LibreConnect( 1109): StaticIP 0.0.0.0
E/LibreConnect( 1109): StaticIP 0.0.0.0
E/LibreConnect( 1109): StaticIP 0.0.0.0
E/LibreConnect( 1109): StaticIP 0.0.0.0
E/LibreConnect( 1109): aspSSIDScan do nothing
E/GenericAPI( 1109): genericapi_Check_ip ifname : p2p0
E/GenericAPI( 1109): IP addr in p2p [192.168.43.1]
E/GenericAPI( 1109): p2p0 wac interface is up, Got IP
E/LibreConnect( 1109): active_interface 2 
E/LibreConnect( 1109): buff Lyric_speaker_configure 
E/LibreConnect( 1109): Connected SSID Disconnected. In Lyric_speaker_configure mode
E/LibreConnect( 1109): DeviceName Lyric Speaker C50170
E/LibreConnect( 1109): NULL Returned,Can't do copy
E/LibreConnect( 1109): aspSSIDList ++
E/WS-UTILITY( 1109):  getWifiScanResults ++
E/GenericAPI( 1109): 
E/GenericAPI( 1109):   wifiapi_wpa_cli_open_connection socket_opened  0
E/WifiHW  ( 1109): ARK:- wifi_connect_on_socket_path SUCCESS
E/GenericAPI( 1109): 
E/GenericAPI( 1109):  ************wifi_connect_on_socket_generic***************  1
E/GenericAPI( 1109): bsendscan : 1
E/GenericAPI( 1109): OK
E/GenericAPI( 1109):   Success _wifiapiwpa_ctrl_command Send command results 
E/YANI_KERNEL( 1029): Got supplicant event
E/GenericAPI( 1109): wifiapi wait_for scan results
I/wpa_supplicant( 1048): State: INACTIVE -> SCANNING
E/YANI_KERNEL( 1029): GOT NetLink
E/YANI_KERNEL( 1029):  Interface Index  wlan0:4 eth0:0 p2p0:6
E/YANI_KERNEL( 1029):  Netlink event :16
E/YANI_KERNEL( 1029): Event for device index :4
E/YANI_KERNEL( 1029): Event Received fron Netlink Event:-1 iface:4 link:0
E/YANI_KERNEL( 1029): After Netlink 0
E/YANI_KERNEL( 1029): Got supplicant event
E/YANI_KERNEL( 1029): GOT NetLink
E/YANI_KERNEL( 1029):  Interface Index  wlan0:4 eth0:0 p2p0:6
E/YANI_KERNEL( 1029):  Netlink event :16
E/YANI_KERNEL( 1029): Event for device index :4
I/wpa_supplicant( 1048): nl80211: New scan results available
I/wpa_supplicant( 1048): State: SCANNING -> INACTIVE
E/YANI_KERNEL( 1029): Event Received fron Netlink Event:-1 iface:4 link:0
E/YANI_KERNEL( 1029): After Netlink 0
E/YANI_KERNEL( 1029): Got supplicant event
E/GenericAPI( 1109): wifiapi wait_for scan results
E/GenericAPI( 1109): bssid / frequency / signal level / flags / ssid
E/GenericAPI( 1109): c0:ff:d4:8e:90:46	5660	-28	[WPA2-PSK-CCMP][ESS]	RD45G
E/GenericAPI( 1109): c0:ff:d4:8e:90:42	2437	-18	[WPA2-PSK-CCMP][ESS]	RD4
E/GenericAPI( 1109): 1c:5f:2b:65:ac:a2	5180	-57	[WPA-PSK-CCMP+TKIP][WPA2-PSK-CCMP+TKIP][WPS][ESS]	dlink-ACA0-5GHz
E/GenericAPI( 1109): d4:ee:07:20:d9:2c	2452	-33	[WPA-PSK-CCMP][WPA2-PSK-CCMP][ESS]	dot by dot inc.
E/GenericAPI( 1109): ce:90:93:0e:96:17	2437	-56	[WPA2-PSK-CCMP][WPS][ESS][P2P]	
E/GenericAPI( 1109): a0:21:b7:ad:93:34	2437	-52	[WPA2-PSK-CCMP][WPS][ESS]	RD_HS1
E/GenericAPI( 1109): 20:e5:2a:2b:15:98	2412	-61	[WPA2-PSK-CCMP][WPS][ESS]	NETGEAR09
E/GenericAPI( 1109): ec:17:2f:65:81:a0	2437	-63	[WPA-PSK-CCMP][WPA2-PSK-CCMP][WPS][ESS]	TP_HSRD2
E/GenericAPI( 1109): b8:62:1f:52:69:dd	2437	-61	[WPA2-PSK-CCMP][WPS][ESS]	RD-APP
E/GenericAPI( 1109): d4:83:04:04:93:90	2412	-61	[WPA-PSK-CCMP][WPA2-PSK-CCMP][ESS]	HSRD2
E/GenericAPI( 1109): d8:f7:10:e0:e3:dd	2417	-67	[WPA2-PSK-CCMP][WPS][ESS]	DIRECT-LBHelge test
E/GenericAPI( 1109): 00:19:e0:b4:6d:6a	2472	-68	[WEP][ESS]	HANSONG
E/GenericAPI( 1109): 20:e5:2a:2b:15:97	5765	-80	[WPA2-PSK-CCMP][WPS][ESS]	NETGEAR09-5G
E/GenericAPI( 1109): 50:64:2b:21:bc:d3	2457	-76	[WPA-PSK-CCMP+TKIP][WPA2-PSK-CCMP+TKIP][WPS][ESS]	GUEST_plus
E/GenericAPI( 1109): 34:96:72:3d:f5:c7	2412	-86	[WPA-PSK-CCMP+TKIP][WPA2-PSK-CCMP+TKIP][ESS]	Acoustic2.4G
E/GenericAPI( 1109): 10:9a:dd:80:d6:f3	2412	-93	[ESS]	Soundwave24
E/GenericAPI( 1109): 9c:21:6a:4a:5b:6c	2412	-75	[WPA-PSK-CCMP][WPA2-PSK-CCMP][WPS][ESS]	DQE001
E/GenericAPI( 1109): a0:63:91:a4:5b:33	2472	-94	[WPA2-PSK-CCMP][WPS][ESS]	NETGEAR30
E/GenericAPI( 1109): c4:04:15:0d:9e:6c	2447	-96	[WPA2-PSK-CCMP][WPS][ESS]	NETGEAR97
E/GenericAPI( 1109): 1c:5f:2b:65:ac:a0	2457	-69	[WPA-PSK-CCMP+TKIP][WPA2-PSK-CCMP+TKIP][WPS][ESS]	dlink-ACA0
E/GenericAPI( 1109): 00:22:3f:93:12:7c	2437	-90	[WPA-PSK-TKIP][ESS]	blu24
E/GenericAPI( 1109): 44:94:fc:33:f7:ce	2412	-92	[WPA2-PSK-CCMP][WPS][ESS]	NADTESTAP
E/GenericAPI( 1109):   Success _wifiapiwpa_ctrl_command Send command results 
E/GenericAPI( 1109): ----remove_encoding----- 
E/GenericAPI( 1109): 
E/GenericAPI( 1109):  Close The connect 
E/WifiHW  ( 1109): Wifi Close Socket 
E/WifiHW  ( 1109): Close ctrl_Conn 
E/WifiHW  ( 1109): Close monitor_conn 
E/WifiHW  ( 1109): Close exit_sockets 
E/WifiHW  ( 1109): Close exit_sockets 1n 
E/WS-UTILITY( 1109): MakeJSONforWIFIScanResults ++
E/WS-UTILITY( 1109): MakeJSONforWIFIScanResults- {"Items":[{"SSID":"RD45G","Security":"WPA-PSK"},{"SSID":"RD4","Security":"WPA-PSK"},{"SSID":"dlink&#45;ACA0&#45;5GHz","Security":"WPA-PSK"},{"SSID":"dot&#32;by&#32;dot&#32;inc&#46;","Security":"WPA-PSK"},{"SSID":"RD&#95;HS1","Security":"WPA-PSK"},{"SSID":"NETGEAR09","Security":"WPA-PSK"},{"SSID":"TP&#95;HSRD2","Security":"WPA-PSK"},{"SSID":"RD&#45;APP","Security":"WPA-PSK"},{"SSID":"HSRD2","Security":"WPA-PSK"},{"SSID":"DIRECT&#45;LBHelge&#32;test","Security":"WPA-PSK"},{"SSID":"HANSONG","Security":"WEP"},{"SSID":"NETGEAR09&#45;5G","Security":"WPA-PSK"},{"SSID":"GUEST&#95;plus","Security":"WPA-PSK"},{"SSID":"Acoustic2&#46;4G","Security":"WPA-PSK"},{"SSID":"Soundwave24","Security":"NONE"},{"SSID":"DQE001","Security":"WPA-PSK"},{"SSID":"NETGEAR30","Security":"WPA-PSK"},{"SSID":"NETGEAR97","Security":"WPA-PSK"},{"SSID":"dlink&#45;ACA0","Security":"WPA-PSK"},{"SSID":"blu24","Security":"WPA-PSK"},{"SSID":"NADTESTAP","Security":"WPA-PSK"}]}
E/WS-UTILITY( 1109):  Length- 949
E/WS-UTILITY( 1109):  getWifiScanResults --
E/LibreConnect( 1109): Webs scan list nBytes 1099
E/LibreConnect( 1109): aspSSIDList --
E/LibreConnect( 1109): FW Version p2297.00121001.0
E/LibreConnect( 1109): Cannot find CGI program: 
E/LibreConnect( 1109): DeviceName Lyric Speaker C50170
E/LibreConnect( 1109): aspScanList ++
E/WS-UTILITY( 1109):  getWifiScanResults ++
E/GenericAPI( 1109): 
E/GenericAPI( 1109):   wifiapi_wpa_cli_open_connection socket_opened  0
E/WifiHW  ( 1109): ARK:- wifi_connect_on_socket_path SUCCESS
E/GenericAPI( 1109): 
E/GenericAPI( 1109):  ************wifi_connect_on_socket_generic***************  1
E/GenericAPI( 1109): bsendscan : 1
E/YANI_KERNEL( 1029): GOT NetLink
E/YANI_KERNEL( 1029):  Interface Index  wlan0:4 eth0:0 p2p0:6
E/YANI_KERNEL( 1029):  Netlink event :16
E/YANI_KERNEL( 1029): Event for device index :4
E/YANI_KERNEL( 1029): Event Received fron Netlink Event:-1 iface:4 link:0
E/YANI_KERNEL( 1029): After Netlink 0
E/GenericAPI( 1109): OK
E/GenericAPI( 1109):   Success _wifiapiwpa_ctrl_command Send command results 
E/YANI_KERNEL( 1029): Got supplicant event
E/YANI_KERNEL( 1029): Got supplicant event
E/YANI_KERNEL( 1029): Got supplicant event
E/GenericAPI( 1109): wifiapi wait_for scan results
E/GenericAPI( 1109): wifiapi wait_for scan results
E/GenericAPI( 1109): bssid / frequency / signal level / flags / ssid
E/GenericAPI( 1109): c0:ff:d4:8e:90:42	2437	-18	[WPA2-PSK-CCMP][ESS]	RD4
E/GenericAPI( 1109): 1c:5f:2b:65:ac:a2	5180	-57	[WPA-PSK-CCMP+TKIP][WPA2-PSK-CCMP+TKIP][WPS][ESS]	dlink-ACA0-5GHz
E/GenericAPI( 1109): d4:ee:07:20:d9:2c	2452	-33	[WPA-PSK-CCMP][WPA2-PSK-CCMP][ESS]	dot by dot inc.
E/GenericAPI( 1109): a0:21:b7:ad:93:34	2437	-52	[WPA2-PSK-CCMP][WPS][ESS]	RD_HS1
E/GenericAPI( 1109): 20:e5:2a:2b:15:98	2412	-61	[WPA2-PSK-CCMP][WPS][ESS]	NETGEAR09
E/GenericAPI( 1109): ec:17:2f:65:81:a0	2437	-63	[WPA-PSK-CCMP][WPA2-PSK-CCMP][WPS][ESS]	TP_HSRD2
E/GenericAPI( 1109): d4:83:04:04:93:90	2412	-61	[WPA-PSK-CCMP][WPA2-PSK-CCMP][ESS]	HSRD2
E/GenericAPI( 1109): 20:e5:2a:2b:15:97	5765	-80	[WPA2-PSK-CCMP][WPS][ESS]	NETGEAR09-5G
E/GenericAPI( 1109): 50:64:2b:21:bc:d3	2457	-76	[WPA-PSK-CCMP+TKIP][WPA2-PSK-CCMP+TKIP][WPS][ESS]	GUEST_plus
E/GenericAPI( 1109): 9c:21:6a:4a:5b:6c	2412	-75	[WPA-PSK-CCMP][WPA2-PSK-CCMP][WPS][ESS]	DQE001
E/GenericAPI( 1109): a0:63:91:a4:5b:33	2472	-94	[WPA2-PSK-CCMP][WPS][ESS]	NETGEAR30
E/GenericAPI( 1109): 1c:5f:2b:65:ac:a0	2457	-69	[WPA-PSK-CCMP+TKIP][WPA2-PSK-CCMP+TKIP][WPS][ESS]	dlink-ACA0
E/GenericAPI( 1109): 00:22:3f:93:12:7c	2437	-90	[WPA-PSK-TKIP][ESS]	blu24
E/GenericAPI( 1109): 44:94:fc:33:f7:ce	2412	-92	[WPA2-PSK-CCMP][WPS][ESS]	NADTESTAP
E/GenericAPI( 1109):   Success _wifiapiwpa_ctrl_command Send command results 
E/GenericAPI( 1109): ----remove_encoding----- 
E/GenericAPI( 1109): 
E/GenericAPI( 1109):  Close The connect 
E/WifiHW  ( 1109): Wifi Close Socket 
E/WifiHW  ( 1109): Close ctrl_Conn 
E/WifiHW  ( 1109): Close monitor_conn 
E/WifiHW  ( 1109): Close exit_sockets 
I/wpa_supplicant( 1048): State: INACTIVE -> SCANNING
I/wpa_supplicant( 1048): nl80211: New scan results available
I/wpa_supplicant( 1048): State: SCANNING -> INACTIVE
E/WifiHW  ( 1109): Close exit_sockets 1n 
E/WS-UTILITY( 1109): MakeJSONforWIFIScanResults ++
E/WS-UTILITY( 1109): MakeJSONforWIFIScanResults- {"Items":[{"SSID":"RD4","Security":"WPA-PSK"},{"SSID":"dlink&#45;ACA0&#45;5GHz","Security":"WPA-PSK"},{"SSID":"dot&#32;by&#32;dot&#32;inc&#46;","Security":"WPA-PSK"},{"SSID":"RD&#95;HS1","Security":"WPA-PSK"},{"SSID":"NETGEAR09","Security":"WPA-PSK"},{"SSID":"TP&#95;HSRD2","Security":"WPA-PSK"},{"SSID":"HSRD2","Security":"WPA-PSK"},{"SSID":"NETGEAR09&#45;5G","Security":"WPA-PSK"},{"SSID":"GUEST&#95;plus","Security":"WPA-PSK"},{"SSID":"DQE001","Security":"WPA-PSK"},{"SSID":"NETGEAR30","Security":"WPA-PSK"},{"SSID":"dlink&#45;ACA0","Security":"WPA-PSK"},{"SSID":"blu24","Security":"WPA-PSK"},{"SSID":"NADTESTAP","Security":"WPA-PSK"}]}
E/WS-UTILITY( 1109):  Length- 640
E/WS-UTILITY( 1109):  getWifiScanResults --
E/LibreConnect( 1109): aspScanList --
E/LibreConnect( 1109): _HandleSACn SSID = RD4  Password = 987654321 Security = WPA-PSK DeviceName = Lyric Speaker C50170 Key_Index = , CoutryCode = 
E/LibreConnect( 1109): New Device Name Lyric Speaker C50170
E/LIBRE MANAGER( 1109):  WebAppCallback  90!!!
E/LIBRE MANAGER( 1109): Device name change Notify devname = Lyric Speaker C50170
I/LUCITransportService( 1030): writeRemoteMessage() MID = 90 buffer = Lyric Speaker C50170
E/FW-ENV  ( 1026): ENV : Already set.Value is the same,return
E/LUCI_DISCOVERY( 1030): setDeviceName
I/LUCI-UART( 1030): UART write() SUCCESS MID = 90 data = Lyric Speaker C50170 bytesWritten = 30 m_fd = 0xb
E/LibreConnect( 1109): SetDevName_luci
E/LibreConnect( 1109): Network Password=987654321 
E/LibreConnect( 1109): Network SSID=RD4 
E/LibreConnect( 1109): Network Security =WPA-PSK 
E/LibreConnect( 1109): Network CountryCode = 
E/GenericAPI( 1109): wifiapi: Connect to wifi 
E/GenericAPI( 1109): 
E/GenericAPI( 1109):   wifiapi_wpa_cli_open_connection socket_opened  0
E/WifiHW  ( 1109): ARK:- wifi_connect_on_socket_path SUCCESS
E/GenericAPI( 1109): 
E/GenericAPI( 1109):  ************wifi_connect_on_socket_generic***************  1
E/GenericAPI( 1109): OK
E/GenericAPI( 1109):   Success wifiapi Send command results 
E/GenericAPI( 1109): OK
E/GenericAPI( 1109):   Success wifiapi Send command results 
E/GenericAPI( 1109): 0
E/GenericAPI( 1109):   Success wifiapi Send command results 
E/GenericAPI( 1109): OK
E/GenericAPI( 1109):   Success wifiapi Send command results 
E/GenericAPI( 1109): SET_NETWORK scan id command.SET_NETWORK 0 scan_ssid 1 
E/GenericAPI( 1109): OK
E/GenericAPI( 1109):   Success wifiapi Send command results 
E/GenericAPI( 1109): wifiapi: Set Security NONE WPAPSK WPA2PSK   
E/GenericAPI( 1109): SET_NETWORK command.SET_NETWORK 0 key_mgmt WPA-PSK 
E/GenericAPI( 1109): OK
E/GenericAPI( 1109):   Success wifiapi Send command results 
E/GenericAPI( 1109): SET_NETWORK command.SET_NETWORK 0 psk "*********" 
E/GenericAPI( 1109): OK
E/GenericAPI( 1109):   Success wifiapi Send command results 
E/GenericAPI( 1109): OK
E/GenericAPI( 1109):   Success wifiapi Send command results 
E/YANI_KERNEL( 1029): Got supplicant event
I/wpa_supplicant( 1048): State: INACTIVE -> SCANNING
E/GenericAPI( 1109): 
E/GenericAPI( 1109):  Close The connect 
E/WifiHW  ( 1109): Wifi Close Socket 
E/WifiHW  ( 1109): Close ctrl_Conn 
E/WifiHW  ( 1109): Close monitor_conn 
E/WifiHW  ( 1109): Close exit_sockets 
E/WifiHW  ( 1109): Close exit_sockets 1n 
E/GenericAPI( 1109): genericapi_Check_ip ifname : p2p0
E/GenericAPI( 1109): IP addr in p2p [192.168.43.1]
E/GenericAPI( 1109): p2p0 wac interface is up, Got IP
E/LibreConnect( 1109): WIFI CONFIG C0MPLETE
E/LibreConnect( 1109): Config Done Changing Device Name if present
E/YANI_KERNEL( 1029): GOT NetLink
E/YANI_KERNEL( 1029):  Interface Index  wlan0:4 eth0:0 p2p0:6
E/YANI_KERNEL( 1029):  Netlink event :16
E/YANI_KERNEL( 1029): Event for device index :4
E/YANI_KERNEL( 1029): Event Received fron Netlink Event:-1 iface:4 link:0
E/YANI_KERNEL( 1029): After Netlink 0
E/YANI_KERNEL( 1029): GOT NetLink
E/YANI_KERNEL( 1029):  Interface Index  wlan0:4 eth0:0 p2p0:6
E/YANI_KERNEL( 1029):  Netlink event :16
E/YANI_KERNEL( 1029): Event for device index :4
I/wpa_supplicant( 1048): nl80211: New scan results available
I/wpa_supplicant( 1048): CTRL_IFACE: Detach monitor /dev/socket/wifi/wpa_ctrl_1302-2 that cannot receive messages
I/wpa_supplicant( 1048): 0: c0:ff:d4:8e:90:42 ssid='RD4' wpa_ie_len=0 rsn_ie_len=20 caps=0x1411 level=-17
I/wpa_supplicant( 1048): wpa_supplicant_ssid_bss_match
I/wpa_supplicant( 1048): wpas_wps_ssid_bss_match
I/wpa_supplicant( 1048): Selected BSS :42 (level:-17 noise:-82 frequency:2437)
I/wpa_supplicant( 1048): 1: 1c:5f:2b:65:ac:a2 ssid='dlink-ACA0-5GHz' wpa_ie_len=26 rsn_ie_len=24 caps=0x511 level=-57 wps
I/wpa_supplicant( 1048):    skip - SSID mismatch
I/wpa_supplicant( 1048): 2: d4:ee:07:20:d9:2c ssid='dot by dot inc.' wpa_ie_len=22 rsn_ie_len=20 caps=0x431 level=-42
I/wpa_supplicant( 1048):    skip - SSID mismatch
I/wpa_supplicant( 1048): 3: c4:04:15:64:38:7a ssid='PM' wpa_ie_len=0 rsn_ie_len=20 caps=0x1011 level=-60 wps
I/wpa_supplicant( 1048):    skip - SSID mismatch
I/wpa_supplicant( 1048): 4: a0:21:b7:ad:93:34 ssid='RD_HS1' wpa_ie_len=0 rsn_ie_len=20 caps=0x431 level=-52 wps
I/wpa_supplicant( 1048):    skip - SSID mismatch
I/wpa_supplicant( 1048): 5: c4:04:15:64:38:7b ssid='PM' wpa_ie_len=0 rsn_ie_len=20 caps=0x1411 level=-54 wps
I/wpa_supplicant( 1048):    skip - SSID mismatch
I/wpa_supplicant( 1048): 6: 20:e5:2a:2b:15:98 ssid='NETGEAR09' wpa_ie_len=0 rsn_ie_len=20 caps=0x411 level=-59 wps
I/wpa_supplicant( 1048):    skip - SSID mismatch
I/wpa_supplicant( 1048): 7: d4:83:04:04:93:90 ssid='HSRD2' wpa_ie_len=22 rsn_ie_len=20 caps=0x431 level=-61
I/wpa_supplicant( 1048):    skip - SSID mismatch
I/wpa_supplicant( 1048): 8: ec:17:2f:65:81:a0 ssid='TP_HSRD2' wpa_ie_len=22 rsn_ie_len=20 caps=0x431 level=-63 wps
I/wpa_supplicant( 1048):    skip - SSID mismatch
I/wpa_supplicant( 1048): 9: 1c:5f:2b:65:ac:a0 ssid='dlink-ACA0' wpa_ie_len=26 rsn_ie_len=24 caps=0x411 level=-67 wps
E/YANI_KERNEL( 1029): Event Received fron Netlink Event:-1 iface:4 link:0
E/YANI_KERNEL( 1029): After Netlink 0
E/YANI_KERNEL( 1029): Got supplicant event
I/wpa_supplicant( 1048):    skip - SSID mismatch
I/wpa_supplicant( 1048): 10: 20:e5:2a:2b:15:97 ssid='NETGEAR09-5G' wpa_ie_len=0 rsn_ie_len=20 caps=0x11 level=-81 wps
I/wpa_supplicant( 1048):    skip - SSID mismatch
I/wpa_supplicant( 1048): 11: f0:b4:29:d7:a3:2a ssid='GUEST' wpa_ie_len=26 rsn_ie_len=24 caps=0xc11 level=-74 wps
I/wpa_supplicant( 1048):    skip - SSID mismatch
I/wpa_supplicant( 1048): 12: 9c:21:6a:4a:5b:6c ssid='DQE001' wpa_ie_len=22 rsn_ie_len=20 caps=0x431 level=-75 wps
I/wpa_supplicant( 1048):    skip - SSID mismatch
I/wpa_supplicant( 1048): 13: 50:64:2b:21:bc:d3 ssid='GUEST_plus' wpa_ie_len=26 rsn_ie_len=24 caps=0xc11 level=-76 wps
I/wpa_supplicant( 1048):    skip - SSID mismatch
I/wpa_supplicant( 1048): 14: 00:19:e0:b4:6d:6a ssid='HANSONG' wpa_ie_len=0 rsn_ie_len=0 caps=0x431 level=-76
I/wpa_supplicant( 1048):    skip - SSID mismatch
I/wpa_supplicant( 1048): 15: 00:22:3f:93:12:7c ssid='blu24' wpa_ie_len=22 rsn_ie_len=0 caps=0x431 level=-90
I/wpa_supplicant( 1048):    skip - SSID mismatch
I/wpa_supplicant( 1048): 16: 94:d9:b3:66:f0:b8 ssid='TP-LINK_F0B8' wpa_ie_len=22 rsn_ie_len=20 caps=0x1411 level=-91
I/wpa_supplicant( 1048):    skip - SSID mismatch
I/wpa_supplicant( 1048): 17: 44:94:fc:33:f7:ce ssid='NADTESTAP' wpa_ie_len=0 rsn_ie_len=20 caps=0x411 level=-92 wps
I/wpa_supplicant( 1048):    skip - SSID mismatch
I/wpa_supplicant( 1048): 18: a0:63:91:a4:5b:33 ssid='NETGEAR30' wpa_ie_len=0 rsn_ie_len=20 caps=0x431 level=-95 wps
I/wpa_supplicant( 1048):    skip - SSID mismatch
I/wpa_supplicant( 1048): Trying to associate with c0:ff:d4:8e:90:42 (SSID='RD4' freq=2437 MHz)
I/wpa_supplicant( 1048): State: SCANNING -> ASSOCIATING
I/hostapd ( 1471): p2p0: STA 20:47:da:ff:1c:9c IEEE 802.11: disassociated
I/hostapd ( 1471): p2p0: AP-STA-DISCONNECTED 20:47:da:ff:1c:9c
E/YANI_KERNEL( 1029): GOT NetLink
E/YANI_KERNEL( 1029):  Interface Index  wlan0:4 eth0:0 p2p0:6
E/YANI_KERNEL( 1029):  Netlink event :16
E/YANI_KERNEL( 1029): Event for device index :6
E/YANI_KERNEL( 1029): Event Received fron Netlink Event:-1 iface:6 link:0
E/YANI_KERNEL( 1029): After Netlink 0
E/YANI_KERNEL( 1029): GOT NetLink
E/YANI_KERNEL( 1029):  Interface Index  wlan0:4 eth0:0 p2p0:6
E/YANI_KERNEL( 1029):  Netlink event :16
E/YANI_KERNEL( 1029): Event for device index :4
E/YANI_KERNEL( 1029): Event Received fron Netlink Event:-1 iface:4 link:0
E/YANI_KERNEL( 1029): After Netlink 0
E/YANI_KERNEL( 1029): GOT NetLink
E/YANI_KERNEL( 1029):  Interface Index  wlan0:4 eth0:0 p2p0:6
E/YANI_KERNEL( 1029):  Netlink event :16
E/YANI_KERNEL( 1029): Event for device index :4
E/YANI_KERNEL( 1029): Event Received fron Netlink Event:-1 iface:4 link:0
E/YANI_KERNEL( 1029): After Netlink 0
E/YANI_KERNEL( 1029): GOT NetLink
E/YANI_KERNEL( 1029):  Interface Index  wlan0:4 eth0:0 p2p0:6
E/YANI_KERNEL( 1029):  Netlink event :16
E/YANI_KERNEL( 1029): Event for device index :4
E/YANI_KERNEL( 1029): Event Received fron Netlink Event:-1 iface:4 link:0
E/YANI_KERNEL( 1029): After Netlink 0
E/YANI_KERNEL( 1029): GOT NetLink
E/YANI_KERNEL( 1029):  Interface Index  wlan0:4 eth0:0 p2p0:6
E/YANI_KERNEL( 1029):  Netlink event :16
E/YANI_KERNEL( 1029): Event for device index :4
E/YANI_KERNEL( 1029): Event Received fron Netlink Event:-1 iface:4 link:0
E/YANI_KERNEL( 1029): After Netlink 0
E/YANI_KERNEL( 1029): GOT NetLink
E/YANI_KERNEL( 1029):  Interface Index  wlan0:4 eth0:0 p2p0:6
E/YANI_KERNEL( 1029):  Netlink event :16
E/YANI_KERNEL( 1029): Event for device index :4
I/hostapd ( 1471): p2p0: IEEE 802.11 driver had channel switch: freq=2437, ht=1, offset=0, width=1 (20 MHz), cf1=2437, cf2=0
I/hostapd ( 1471): p2p0: AP-CSA-FINISHED freq=2437 dfs=0
I/hostapd ( 1471): p2p1: IEEE 802.11 driver had channel switch: freq=2437, ht=1, offset=0, width=1 (20 MHz), cf1=2437, cf2=0
I/hostapd ( 1471): p2p0: AP-CSA-FINISHED freq=2437 dfs=0
I/wpa_supplicant( 1048): State: ASSOCIATING -> ASSOCIATED
I/wpa_supplicant( 1048): Associated with c0:ff:d4:8e:90:42
E/YANI_KERNEL( 1029): Event Received fron Netlink Event:-1 iface:4 link:0
E/YANI_KERNEL( 1029): After Netlink 0
E/YANI_KERNEL( 1029): GOT NetLink
E/YANI_KERNEL( 1029):  Interface Index  wlan0:4 eth0:0 p2p0:6
E/YANI_KERNEL( 1029):  Netlink event :16
E/YANI_KERNEL( 1029): Event for device index :4
E/YANI_KERNEL( 1029): Event Received fron Netlink Event:-1 iface:4 link:0
E/YANI_KERNEL( 1029): After Netlink 0
I/cast_shell( 1393): [1395:1436:INFO:mdns_app_filter.cc(2140)] MdnsAppFilter: responses sent in 64 seconds: 2
E/YANI_KERNEL( 1029): GOT NetLink
E/YANI_KERNEL( 1029):  Interface Index  wlan0:4 eth0:0 p2p0:6
E/YANI_KERNEL( 1029):  Netlink event :16
E/YANI_KERNEL( 1029): Event for device index :6
E/YANI_KERNEL( 1029): Event Received fron Netlink Event:-1 iface:6 link:0
E/YANI_KERNEL( 1029): After Netlink 0
I/hostapd ( 1471): p2p0: STA 20:47:da:ff:1c:9c IEEE 802.11: associated
I/hostapd ( 1471): ######### hostapd_new_assoc_sta Station connected 
I/LUCITransportService( 1030): writeLocalMessage() MID = 494 buffer = StationConnected
E/LUCI_SERVER( 1030): Luci Server Thread wait over MID 494....
E/luci_helper( 1060): LUCIHelper::LUCI_TransportListener::onMessageBoxChanged
E/MB_HANDLER( 1060): Messagebox_handler::MessageBoxAlert id = 494 
E/MB_HANDLER( 1060):  
E/MB_HANDLER( 1060): Message Handler Thread wait over MID[494]....
I/LUCITransportService( 1030): readRemoteMessage() MID = 494 buffer = StationConnected
E/MB_HANDLER( 1060): Cast setup start MB handler message = StationConnected
E/MB_HANDLER( 1060): isp2p1running = 1
E/MB_HANDLER( 1060): Send Castsetup start notification to host MCU 
E/LUCI_SERVER( 1030): Luci Server Thread waiting for packets....
I/LUCITransportService( 1030): writeRemoteMessage() MID = 494 buffer = CASTSetupStart
I/LUCI-UART( 1030): UART write() SUCCESS MID = 494 data = CASTSetupStart bytesWritten = 24 m_fd = 0xb
E/MB_HANDLER( 1060): Message Handler Thread waiting for messages....
I/hostapd ( 1471): p2p0: AP-STA-CONNECTED 20:47:da:ff:1c:9c
I/dnsmasq ( 1493): DHCPDISCOVER(p2p0) 20:47:da:ff:1c:9c 
I/dnsmasq ( 1493): DHCPOFFER(p2p0) 192.168.43.100 20:47:da:ff:1c:9c 
I/dnsmasq ( 1493): DHCPREQUEST(p2p0) 192.168.43.100 20:47:da:ff:1c:9c 
I/dnsmasq ( 1493): DHCPACK(p2p0) 192.168.43.100 20:47:da:ff:1c:9c MI6-xiaomishouji
I/wpa_supplicant( 1048): State: ASSOCIATED -> 4WAY_HANDSHAKE
I/wpa_supplicant( 1048): State: 4WAY_HANDSHAKE -> 4WAY_HANDSHAKE
I/wpa_supplicant( 1048): State: 4WAY_HANDSHAKE -> GROUP_HANDSHAKE
E/YANI_KERNEL( 1029): GOT NetLink
E/YANI_KERNEL( 1029):  Interface Index  wlan0:4 eth0:0 p2p0:6
E/YANI_KERNEL( 1029):  Netlink event :16
E/YANI_KERNEL( 1029): Event for device index :4
E/YANI_KERNEL( 1029): Event Received fron Netlink Event:-1 iface:4 link:0
E/YANI_KERNEL( 1029): After Netlink 0
E/YANI_KERNEL( 1029): Got supplicant event
E/YANI_SERVER( 1029): Received NetLink  event -1 index 4 
E/YANI_SERVER( 1029): Received LinkStatus Wlan 7 Eth -1
E/YANI_SERVER( 1029): PARSE RESULT ifill 7 ifindex 1
E/        ( 1029): WlanP2pif: current chan = 6
E/YANI_WIFI( 1029): Got channel : 6
E/YANI_WIFI( 1029): nrates = 7
I/wpa_supplicant( 1048): State: GROUP_HANDSHAKE -> COMPLETED
I/wpa_supplicant( 1048): wlan0: CTRL-EVENT-CONNECTED - Connection to c0:ff:d4:8e:90:42 completed [id=0 id_str=]
E/YANI_DHCP( 1029): start DHCP thread for : wlan0
E/YANI_AUTOIP( 1029): start_autoip
E/YANI_SERVER( 1029): YANI: I am Done Wait For Event 
E/YANI_SERVER( 1029): YANI: Get Event or iFindex -1 
E/YANI_KERNEL( 1029): Listen for FD of WLAN: 13 & Netlink:11 
E/YANI_KERNEL( 1029): GOT NetLink
E/YANI_KERNEL( 1029):  Interface Index  wlan0:4 eth0:0 p2p0:6
E/YANI_KERNEL( 1029):  Netlink event :16
E/YANI_KERNEL( 1029): Event for device index :4
E/YANI_AUTOIP( 1029): AutoIP::threadLoop
E/YANI_DHCP( 1029): start_dhcp
E/YANI_AUTOIP( 1029): Pree-- buff val true
E/YANI_AUTOIP( 1029):  WAC true setting autotimer to 40000
E/YANI_KERNEL( 1029): Event Received fron Netlink Event:-1 iface:4 link:0
E/YANI_KERNEL( 1029): After Netlink 0
E/DHCPCD  ( 1589): hostname Given: Lyric Speaker C50170
E/DHCPCD  ( 1589): hostname opt 104 & name Lyric Speaker C50170
E/DHCPCD  ( 1589): hostname Given: Lyric Speaker C50170
E/DHCPCD  ( 1589): hostname opt 104 & name Lyric Speaker C50170
I/DHCPCD  ( 1589): version 5.5.6 starting
E/DHCPCD  ( 1589): hostname Given: Lyric Speaker C50170
E/DHCPCD  ( 1589): hostname opt 104 & name Lyric Speaker C50170
E/DHCPCD  ( 1589): hostname Given: Lyric Speaker C50170
E/DHCPCD  ( 1589): hostname opt 104 & name Lyric Speaker C50170
D/DHCPCD  ( 1589): wlan0: using hwaddr d8:f7:10:c5:01:70
D/DHCPCD  ( 1589): wlan0: executing `/system/etc/dhcpcd/dhcpcd-run-hooks', reason PREINIT
D/DHCPCD  ( 1589): wlan0: reading lease `/data/misc/dhcp/dhcpcd-wlan0.lease'
I/DHCPCD  ( 1589): wlan0: rebinding lease of 10.10.6.89
D/DHCPCD  ( 1589): wlan0: sending REQUEST (xid 0x57edaad4), next in 3.66 seconds
I/DHCPCD  ( 1589): wlan0: acknowledged 10.10.6.89 from 10.10.6.1
I/DHCPCD  ( 1589): wlan0: leased 10.10.6.89 for 86400 seconds
D/DHCPCD  ( 1589): wlan0:adding IP address 10.10.6.89/24
D/DHCPCD  ( 1589):   Renew request 6 
E/DHCPCD  ( 1589): Libre::iFname adding: Route Cmd: (null)
D/DHCPCD  ( 1589): wlan0: adding route to 10.10.6.0/24
E/DHCPCD  ( 1589): Libre::iFname adding: Route Cmd: adding
E/YANI_KERNEL( 1029): GOT NetLink
E/YANI_KERNEL( 1029):  Interface Index  wlan0:4 eth0:0 p2p0:6
E/YANI_KERNEL( 1029):  Netlink event :20
E/YANI_KERNEL( 1029): Event for device index :4
E/YANI_KERNEL( 1029): Event Received fron Netlink Event:2 iface:4 link:-1
E/YANI_KERNEL( 1029): After Netlink 1
E/YANI_SERVER( 1029): Received NetLink  event 2 index 4 
E/YANI_SERVER( 1029): Received LinkStatus Wlan -1 Eth -1
E/YANI_SERVER( 1029): PARSE RESULT ifill 2 ifindex 1
D/DHCPCD  ( 1589): wlan0: adding default route via 10.10.6.1
D/DHCPCD  ( 1589): Libre::Setting Default gateway route add default gw 10.10.6.1 dev wlan0
E/LibreConnect( 1109): aspGetAirplaySupport 1
E/LibreConnect( 1109): aspGetWiredMode 2
E/LibreConnect( 1109): StaticIPtruefalse 0
E/LibreConnect( 1109): StaticIP (null)
E/LibreConnect( 1109): StaticIP 0.0.0.0
E/LibreConnect( 1109): StaticIP 10.10.6.1
E/LibreConnect( 1109): StaticIP 0.0.0.0
E/LibreConnect( 1109): StaticIP 0.0.0.0
E/LibreConnect( 1109): aspSSIDScan do nothing
E/GenericAPI( 1109): genericapi_Check_ip ifname : p2p0
E/GenericAPI( 1109): IP addr in wlan0 [10.10.6.89]
E/GenericAPI( 1109): wlan0 interface is up, Got IP
E/LibreConnect( 1109): active_interface 1 
E/LibreConnect( 1109): buff RD4 
E/LibreConnect( 1109): Connected SSID Connected to RD4 
E/LibreConnect( 1109): DeviceName Lyric Speaker C50170
E/LibreConnect( 1109): NULL Returned,Can't do copy
E/LibreConnect( 1109): aspSSIDList ++
D/DHCPCD  ( 1589):  Resolve conf FileSize 39
D/DHCPCD  ( 1589):  Updated File address nameserver 8.8.8.8
D/DHCPCD  ( 1589): nameserver 10.10.6.1
D/DHCPCD  ( 1589): wlan0: writing lease `/data/misc/dhcp/dhcpcd-wlan0.lease'
E/WS-UTILITY( 1109):  getWifiScanResults ++
E/GenericAPI( 1109): 
E/GenericAPI( 1109):   wifiapi_wpa_cli_open_connection socket_opened  0
E/WifiHW  ( 1109): ARK:- wifi_connect_on_socket_path SUCCESS
E/GenericAPI( 1109): 
E/GenericAPI( 1109):  ************wifi_connect_on_socket_generic***************  1
E/GenericAPI( 1109): bsendscan : 0
D/DHCPCD  ( 1589): wlan0: executing `/system/etc/dhcpcd/dhcpcd-run-hooks', reason REBOOT
E/YANI_SERVER( 1029): IFACE status is GOTIP for IFACE=wlan0
E/YANI_AUTOIP( 1029): stop_autoip
E/YANI_AUTOIP( 1029): poll returned : 1
E/YANI_AUTOIP( 1029): Force Exit AutoIP thread
E/YANI_AUTOIP( 1029): threadLoop exit
E/YANI_AUTOIP( 1029): stop_autoip exit
E/YANI_SERVER( 1029): YANI GOT IP FOR IFACE=wlan0 IP=10.10.6.89
E/YANI_SERVER( 1029): REFILL_IP_ASSIGNED for IFACE wlan0 IP=10.10.6.89
E/YANI_SERVER( 1029): YANI: I am Done Wait For Event 
E/YANI_SERVER( 1029): YANI: Get Event or iFindex -1 
E/YANI_KERNEL( 1029): Listen for FD of WLAN: 13 & Netlink:11 
E/YANI_SERVER( 1029):  onNetworkParametersChanged m_wacmode = 1  m_index =1 NetStatus->interfacename_ =wlan0 NetStatus->mstatus_ = 1
E/YANI_SERVICE( 1029): YaniService notifyOnMessageBoxChanged Start 
E/YANI_SERVICE( 1029): YaniService mListeners 0 
E/YANI_HELPER( 1059): YANIHelper::Yani Helper ::onNetworkParametersChanged
E/LSDC    ( 1059): LSComService::YaniAlert got yani alert iface is 1, status is 1....
E/LSDC    ( 1059): LSComService::networkParametersChanged iface = 1 status = 1 
E/LSDHelp ( 1059): GetMacIPAddrByIface ifname : wlan0
E/LSDC    ( 1059): LSComService::YaniAlert DONE 
E/LSDDMS  ( 1059): LSDDMSService::YaniAlert iface = 1 status = 1 
E/LSDC    ( 1059): LSComService::doCleanup stopped acceptor, stopping discovery.
E/LSDC    ( 1059): LSComService::doCleanup stopped discovery.
E/LSDDMS  ( 1059): LSDDMSService::YaniAlert DONE 
E/YANI_SERVICE( 1029): YaniService mListeners 1 
E/YANI_HELPER( 1060): YANIHelper::Yani Helper ::onNetworkParametersChanged
E/MB_HANDLER( 1060): Messagebox_handler::____YaniAlert IFACE=1 STATUS = 1 
E/MB_HANDLER( 1060):  --- YaniHandler Thread Thread wait over....
E/MB_HANDLER( 1060):  --- YaniHandler clear lock
E/MB_HANDLER( 1060): ***** WAC WACStopRequest ***** 
E/MB_HANDLER( 1060):  WACSTOP request
E/WAC_SERVER( 1060): STOPPING WAC from LUCI
E/WAC_SERVER( 1060): Stopping WAC
E/WAC_SERVER( 1060): PlatformSoftwareAccessPointStop begin
E/LSDDMS  ( 1059): LSDDMSService::threadLoop player state is 0, activeInterface is 1
E/YANI_SERVICE( 1029): YaniService mListeners 2 
E/YANI_HELPER( 1058): YANIHelper::Yani Helper ::onNetworkParametersChanged
E/common_time( 1058): CommonTimeServer::YaniAlert 1 1 
E/common_time( 1058): common_time :NetworkParametersChanged 1 1 0
E/YANI_KERNEL( 1029): GOT NetLink
E/common_time( 1058): CommonTimeServer::YaniAlert DONE 
E/YANI_KERNEL( 1029):  Interface Index  wlan0:4 eth0:0 p2p0:6
E/YANI_KERNEL( 1029):  Netlink event :21
E/YANI_KERNEL( 1029): Event for device index :6
E/YANI_KERNEL( 1029): Event Received fron Netlink Event:5 iface:6 link:-1
E/YANI_KERNEL( 1029): After Netlink 1
E/YANI_SERVER( 1029): Received NetLink  event 5 index 6 
E/YANI_SERVER( 1029): Received LinkStatus Wlan -1 Eth -1
E/YANI_SERVER( 1029): PARSE RESULT ifill 5 ifindex 2
E/YANI_SERVER( 1029): IFACE status is LOSTIP for IFACE=p2p0
E/YANI_SERVICE( 1029): YaniService mListeners 3 
E/YANI_HELPER( 1030): YANIHelper::Yani Helper ::onNetworkParametersChanged
E/LUCI_SERVER( 1030): Luci Server YaniAlert iface = 1,status =1 
E/LUCI_SERVER( 1030):  LucicontrolServer--- YaniHandler Thread Thread wait over....
E/LUCI_SERVER( 1030): Luci Server Network Status Wlan0:1 p2p0 :0 eth0 :0
E/LUCI_SERVER( 1030): Start Discovery & UDPNetwork with Active Interface 1 
E/LUCI_DISCOVERY( 1030): setDeviceName
E/LUCI_DISCOVERY( 1030): free DeviceName memory 
E/LUCI_DISCOVERY( 1030): LUCIDiscovery::start starting thread..
E/LUCI_DISCOVERY( 1030): m_sources=LS9::f7ffffff
E/luci_udp_control( 1030): LUCINetworkController::start
E/LUCI_SERVER( 1030): Luci Server Finished with yani alert wait for next
E/LUCI_SERVER( 1030):  LucicontrolServer--- YaniHandler Thread waiting for messages....
E/YANI_SERVICE( 1029): YaniService mListeners 4 
E/YANI_HELPER( 1108): YANIHelper::Yani Helper ::onNetworkParametersChanged
E/InternetUpgrade( 1108): YaniAlert iface = 1 , Status = 1 
E/InternetUpgrade( 1108): Do not Update on network change
E/InternetUpgrade( 1108): ::YaniAlert Finish
E/YANI_SERVICE( 1029): YaniService mListeners 5 
E/YANI_HELPER( 1109): YANIHelper::Yani Helper ::onNetworkParametersChanged
E/LIBRE MANAGER( 1109): LibreCrazyManager::YaniAlert 1 1 
E/LIBRE MANAGER( 1109): LibreCrazyManger::NetworkParametersChanged 1 1 
E/LIBRE MANAGER( 1109): Do RECONFIGURE_ALL for IN HOME, non P2P interfaces
E/LIBRE MANAGER( 1109): Libre manager in the mood to do some work now...
E/LIBRE MANAGER( 1109): NOT IN OOH DDMS MODE
I/hostapd ( 1471): p2p0: AP-DISABLED 
I/hostapd ( 1471): p2p0: AP-STA-DISCONNECTED 20:47:da:ff:1c:9c
E/LIBRE MANAGER( 1109): NOT IN OOH DDMS MODE NETWROK STATUS wlan0 : 1 eth0 : 0
E/LIBRE MANAGER( 1109): We Got what we wanted
E/LIBRE MANAGER( 1109): MOdule Name : airplay 
E/LIBRE MANAGER( 1109): MOdule Name : dmr 
E/YANI_SERVICE( 1029): YaniService mListeners 6 
E/YANI_HELPER( 1175): YANIHelper::Yani Helper ::onNetworkParametersChanged
E/UpnpBrowser( 1175): UpnpBrowser:: YaniAlert IFACE=1 STATUS = 1 
E/UpnpBrowser( 1175): UpnpBrowser:: YaniAlert END ***** 
E/YANI_SERVICE( 1029): YaniService mListeners 7 
E/YANI_HELPER( 1174): YANIHelper::Yani Helper ::onNetworkParametersChanged
I/castlibre( 1174): YaniAlert() iface '1' Status '1' bootupstate '0'
E/YANI_SERVICE( 1029): YaniService mListeners 8 
E/YANI_HELPER( 1213): YANIHelper::Yani Helper ::onNetworkParametersChanged
E/YANI_SERVICE( 1029): YaniService mListeners 9 
E/YANI_HELPER( 1245): YANIHelper::Yani Helper ::onNetworkParametersChanged
E/TELNET  ( 1245): TelnetServer::____YaniAlert IFACE=1 STATUS = 1
E/TELNET  ( 1245): Server-socket() is OK...
E/TELNET  ( 1245): Server-setsockopt() is OK...
E/TELNET  ( 1245): Server-bind() is OK...
E/TELNET  ( 1245): Server-listen() is OK...
E/TELNET  ( 1245): TelnetServer::____YaniAlert end
E/YANI_SERVICE( 1029): YaniService notifyOnMessageBoxChanged Finished
E/YANI_SERVER( 1029): ******* YaniServer::NOTIFY DONE ************* 
E/        ( 1395): Libre:bluetooth_v2_dummy - Server::IsSupported
E/LibreBleController( 1395): Libre:IsSupported
E/        ( 1395): Libre:bluetooth_v2_dummy - LeAdvertiser::IsSupported
E/LibreBleController( 1395): Libre:IsSupported
I/cast_shell( 1393): [1395:1420:INFO:device_info_impl.cc(778)] Primary netif changed: new=wlan0, old=p2p0
I/cast_shell( 1393): [1395:1420:INFO:device_info_impl.cc(787)] Primary IPv4 address changed: netif=wlan0, new=10.10.6.89, old=192.168.43.1
I/cast_shell( 1393): [1395:1395:INFO:cast_receiver_impl.cc(1280)] Discovery stopped.
I/cast_shell( 1393): [1395:1395:INFO:cast_receiver_impl.cc(1264)] Discovery started or updated: state=setup-only
E/LIBREWifiController( 1395): WifiControllerDummy::GetCurrentStatus
I/cast_shell( 1393): [1395:1439:WARNING:setup_manager_impl.cc(814)] NAT not supported, no captive portal support.
E/LUCI_DISCOVERY( 1030): LUCIDiscovery::threadLoop
E/TELNET  ( 1245): TelnetServer::threadLoop started
I/cast_shell( 1393): [1395:1436:INFO:mdns_app_filter.cc(1413)] MdnsAppFilter is stopping
I/cast_shell( 1393): [1395:1436:INFO:metrics_recorder.cc(196)] cast event: Cast.Discovery.Mdns.ResponderStopped
E/YANI_SERVER( 1029): YANI: I am Done Wait For Event 
E/YANI_SERVER( 1029): YANI: Get Event or iFindex -1 
E/YANI_KERNEL( 1029): Listen for FD of WLAN: 13 & Netlink:11 
E/YANI_KERNEL( 1029): GOT NetLink
E/YANI_KERNEL( 1029):  Interface Index  wlan0:4 eth0:0 p2p0:6
E/YANI_KERNEL( 1029):  Netlink event :21
E/YANI_KERNEL( 1029): Event for device index :7
E/YANI_KERNEL( 1029): Event Received fron Netlink Event:0 iface:7 link:-1
E/YANI_KERNEL( 1029): After Netlink 0
E/YANI_SERVER( 1029):  onNetworkParametersChanged m_wacmode = 1  m_index =2 NetStatus->interfacename_ =p2p0 NetStatus->mstatus_ = 0
E/YANI_SERVICE( 1029): YaniService notifyOnMessageBoxChanged Start 
E/YANI_SERVICE( 1029): YaniService mListeners 0 
I/hostapd ( 1471): nl80211: deinit ifname=p2p0 disabled_11b_rates=0
I/cast_shell( 1393): [1395:1441:INFO:multizone_manager.cc(1347)] Updated leader quality: 13762592
E/YANI_KERNEL( 1029): GOT NetLink
E/YANI_KERNEL( 1029):  Interface Index  wlan0:4 eth0:0 p2p0:6
E/LIBREWifiController( 1395): WifiControllerDummy::GetConfiguredNetworks
E/YANI_KERNEL( 1029):  Netlink event :16
E/YANI_KERNEL( 1029): Event for device index :7
E/LIBREWifiController( 1395): WifiControllerDummy::GetCurrentStatus
I/cast_shell( 1393): [1395:1439:INFO:setup_state.cc(429)] EurekaInfoCalled: wifi_state=10, has_ip_address=true, connected=0, is_initial_setup=0
E/LIBREWifiController( 1395): WifiControllerDummy::GetConfiguredNetworks
E/LIBRECastSysInfo( 1395): CastSysInfoDummy::FactoryCountry 00
E/LIBRECastSysInfo( 1395): CastSysInfoDummy::GetDeviceModel LS2
E/LIBRECastSysInfo( 1395): CastSysInfoDummy::GetProductName LS9 Platform
E/LIBRECastSysInfo( 1395): CastSysInfoDummy::GetManufacturer LibreSync
E/LIBREWifiController( 1395): WifiControllerDummy::IsSupported 1
E/LIBRECastSysInfo( 1395): CastSysInfoDummy::FactoryCountry 00
E/        ( 1395): Libre:bluetooth_v2_dummy - Server::IsSupported
E/LibreBleController( 1395): Libre:IsSupported
E/        ( 1395): Libre:bluetooth_v2_dummy - LeAdvertiser::IsSupported
E/LibreBleController( 1395): Libre:IsSupported
E/LIBREWifiController( 1395): WifiControllerDummy::IsSupported 1
E/        ( 1395): Libre:bluetooth_v2_dummy - Server::IsSupported
E/LibreBleController( 1395): Libre:IsSupported
E/        ( 1395): Libre:bluetooth_v2_dummy - LeAdvertiser::IsSupported
E/LibreBleController( 1395): Libre:IsSupported
E/LIBRECastSysInfo( 1395): property_get ro.product.release.track beta-channel
E/YANI_HELPER( 1059): YANIHelper::Yani Helper ::onNetworkParametersChanged
E/LSDC    ( 1059): LSComService::YaniAlert got yani alert iface is 4, status is 0....
E/LIBRECastSysInfo( 1395): CastSysInfoDummy::GetProductName LS9 Platform
E/LSDC    ( 1059): LSComService::YaniAlert DONE 
E/LSDDMS  ( 1059): LSDDMSService::YaniAlert iface = 4 status = 0 
E/LIBRECastSysInfo( 1395): CastSysInfoDummy::FactoryCountry 00
E/LIBRECastSysInfo( 1395): CastSysInfoDummy::GetDeviceModel LS2
E/LIBRECastSysInfo( 1395): CastSysInfoDummy::GetProductName LS9 Platform
E/LIBRECastSysInfo( 1395): CastSysInfoDummy::GetManufacturer LibreSync
E/LSDDMS  ( 1059): LSDDMSService::YaniAlert DONE 
E/LIBREWifiController( 1395): WifiControllerDummy::IsSupported 1
E/LIBRECastSysInfo( 1395): CastSysInfoDummy::FactoryCountry 00
E/        ( 1395): Libre:bluetooth_v2_dummy - Server::IsSupported
E/LibreBleController( 1395): Libre:IsSupported
E/        ( 1395): Libre:bluetooth_v2_dummy - LeAdvertiser::IsSupported
E/LibreBleController( 1395): Libre:IsSupported
E/YANI_SERVICE( 1029): YaniService mListeners 1 
E/LIBREWifiController( 1395): WifiControllerDummy::IsSupported 1
E/        ( 1395): Libre:bluetooth_v2_dummy - Server::IsSupported
E/LibreBleController( 1395): Libre:IsSupported
E/        ( 1395): Libre:bluetooth_v2_dummy - LeAdvertiser::IsSupported
E/LibreBleController( 1395): Libre:IsSupported
E/LIBRECastSysInfo( 1395): property_get ro.product.release.track beta-channel
E/YANI_HELPER( 1060): YANIHelper::Yani Helper ::onNetworkParametersChanged
E/LIBRECastSysInfo( 1395): CastSysInfoDummy::GetProductName LS9 Platform
E/MB_HANDLER( 1060): Messagebox_handler::____YaniAlert IFACE=4 STATUS = 0 
E/YANI_SERVICE( 1029): YaniService mListeners 2 
E/YANI_HELPER( 1058): YANIHelper::Yani Helper ::onNetworkParametersChanged
E/common_time( 1058): CommonTimeServer::YaniAlert 4 0 
E/common_time( 1058): CommonTimeServer::YaniAlert DONE 
I/cast_shell( 1393): [1395:1439:INFO:setup_state.cc(429)] EurekaInfoCalled: wifi_state=10, has_ip_address=true, connected=0, is_initial_setup=0
E/YANI_SERVICE( 1029): YaniService mListeners 3 
E/YANI_HELPER( 1030): YANIHelper::Yani Helper ::onNetworkParametersChanged
E/LUCI_SERVER( 1030): Luci Server YaniAlert iface = 4,status =0 
E/YANI_SERVICE( 1029): YaniService mListeners 4 
E/YANI_HELPER( 1108): YANIHelper::Yani Helper ::onNetworkParametersChanged
E/InternetUpgrade( 1108): YaniAlert iface = 4 , Status = 0 
E/InternetUpgrade( 1108):  Not in Active Interface to Internet Upgrade
E/InternetUpgrade( 1108): ::YaniAlert Finish
E/YANI_SERVICE( 1029): YaniService mListeners 5 
E/YANI_HELPER( 1109): YANIHelper::Yani Helper ::onNetworkParametersChanged
E/LIBRE MANAGER( 1109): LibreCrazyManager::YaniAlert 4 0 
E/LIBRE MANAGER( 1109): LibreCrazyManger::NetworkParametersChanged 4 0 
E/YANI_SERVICE( 1029): YaniService mListeners 6 
E/YANI_HELPER( 1175): YANIHelper::Yani Helper ::onNetworkParametersChanged
E/LibreBleController( 1395): Libre:StopAdvertising
E/LibreBleController( 1395): Libre:StopAdvertise
E/BT_SYSTEM_CONTROL( 1060): StartAdvertising 1705
E/bt_btif ( 1060): bta_gattc_listen failed, unknown client_if: 0
E/UpnpBrowser( 1175): UpnpBrowser:: YaniAlert IFACE=4 STATUS = 0 
E/UpnpBrowser( 1175): UpnpBrowser:: YaniAlert END ***** 
I/cast_shell( 1393): [1395:1436:INFO:mdns_app_filter.cc(1419)] MdnsAppFilter is stopping; closing socket: address=192.168.43.1
E/YANI_SERVICE( 1029): YaniService mListeners 7 
E/YANI_HELPER( 1174): YANIHelper::Yani Helper ::onNetworkParametersChanged
I/castlibre( 1174): YaniAlert() iface '4' Status '0' bootupstate '0'
E/castlibre( 1174): 
E/castlibre( 1174): Network got disconnected, Stop playback 
I/LUCITransportService( 1030): writeRemoteMessage() MID = 40 buffer = STOP
I/LUCI-UART( 1030): UART write() SUCCESS MID = 40 data = STOP bytesWritten = 14 m_fd = 0xb
I/cast_shell( 1393): [1395:1436:INFO:metrics_recorder.cc(196)] cast event: Cast.Discovery.Mdns.SocketDestroyed
I/cast_shell( 1393): [1395:1436:INFO:mdns_app_filter.cc(1419)] MdnsAppFilter is stopping; closing socket: address=192.168.255.249
E/YANI_SERVICE( 1029): YaniService mListeners 8 
E/YANI_HELPER( 1213): YANIHelper::Yani Helper ::onNetworkParametersChanged
I/cast_shell( 1393): [1395:1436:INFO:metrics_recorder.cc(196)] cast event: Cast.Discovery.Mdns.SocketDestroyed
E/YANI_SERVICE( 1029): YaniService mListeners 9 
E/YANI_HELPER( 1245): YANIHelper::Yani Helper ::onNetworkParametersChanged
E/TELNET  ( 1245): TelnetServer::____YaniAlert IFACE=4 STATUS = 0
E/TELNET  ( 1245): TelnetServer::____YaniAlert end
E/YANI_SERVICE( 1029): YaniService notifyOnMessageBoxChanged Finished
E/YANI_SERVER( 1029): ******* YaniServer::NOTIFY DONE ************* 
E/LUCI_DISCOVERY( 1030): DDMSOOHMOde = disabled
E/        ( 1030): WlanP2pif: current chan = 6
E/        ( 1030): 2.4Ghz Band
E/LUCI_DISCOVERY( 1030): LUCIDiscovery::threadLoop We are in 2.4G
E/LUCI_DISCOVERY( 1030): mramode : APMS
E/LUCI_DISCOVERY( 1030): ConvertiFaceIndextoiFame Ifname wlan0
E/LUCI_DISCOVERY( 1030): ConvertiFaceIndextoiFame Ifname wlan0
E/LUCI_DISCOVERY( 1030): FETCHING MAC ADDR Success D8F710C50170
E/LUCI_DISCOVERY( 1030): LUCIDiscovery::setupSocket
E/LUCI_DISCOVERY( 1030): ConvertiFaceIndextoiFame Ifname wlan0
I/cast_shell( 1393): [1395:1436:INFO:metrics_recorder.cc(196)] cast event: Cast.Discovery.Mdns.SocketCreated
I/cast_shell( 1393): [1395:1436:INFO:mdns_app_filter.cc(1028)] Created mDNS socket for interface:name=wlan0, address=10.10.6.89, index=4
I/cast_shell( 1393): [1395:1436:INFO:mdns_app_filter.cc(879)] MdnsAppFilter is starting.
I/cast_shell( 1393): [1395:1436:INFO:metrics_recorder.cc(196)] cast event: Cast.Discovery.Mdns.ResponderStarted
I/cast_shell( 1393): [1395:1436:INFO:mdns_manager_impl.cc(252)] Primary interface for service discovery has changed: ifindex=4
E/LUCI_DISCOVERY( 1030): makeLSSDPPacket() Lyric Speaker C50170
E/LUCI_DISCOVERY( 1030): SendAliveNotify
E/LUCI_DISCOVERY( 1030): makeLSSDPPacket() Lyric Speaker C50170
I/cast_shell( 1393): [1395:1395:INFO:mdns_manager_impl.cc(427)] Successfully updated service: type=_googlezone
E/LSDC    ( 1059): LSComService::LSDiscover::threadLoop start...
E/LUCI_DISCOVERY( 1030): SendAliveNotify
E/LSDC    ( 1059): LSComService::ClientAcceptor::threadLoop start...
E/LSDC    ( 1059): LSComService::LSDiscover::Notifier::threadLoop start...
E/LUCI_DISCOVERY( 1030): makeLSSDPPacket() Lyric Speaker C50170
E/LUCI_DISCOVERY( 1030): SendAliveNotify
E/LUCI_DISCOVERY( 1030): makeLSSDPPacket() Lyric Speaker C50170
E/LUCI_DISCOVERY( 1030): SendAliveNotify
E/YANI_KERNEL( 1029): Event Received fron Netlink Event:-1 iface:7 link:0
E/YANI_KERNEL( 1029): After Netlink 0
E/LibreBleController( 1395): BluetoothDummy::OnAdvertisingCb = 0
E/LibreBleController( 1395): Libre:StartAdvertising = FEA0, 1
E/LibreBleController( 1395): Libre:SetAdvertisement service_uuid=FEA0, transmit_name=0
E/LibreBleController( 1395): advertised_uuids[0].data()=FEA0
E/LibreBleController( 1395): Libre:SetScanResponse:service_uuid=FEA0,transmit_name= 1
E/LibreBleController( 1395): advertised_uuids[0].data()=FEA0
E/LibreBleController( 1395): Libre:StartAdvertise
E/BT_SYSTEM_CONTROL( 1060): Libre:SetAdvertisement service_uuid=FEA0, transmit_name=0
E/BT_SYSTEM_CONTROL( 1060): advertise_data.data[0]=0x3
E/BT_SYSTEM_CONTROL( 1060): advertise_data.data[1]=0x3
E/BT_SYSTEM_CONTROL( 1060): advertise_data.data[2]=0xa0
E/BT_SYSTEM_CONTROL( 1060): advertise_data.data[3]=0xfe
E/BT_SYSTEM_CONTROL( 1060): advertise_data.data[4]=0x10
E/BT_SYSTEM_CONTROL( 1060): advertise_data.data[5]=0x16
E/BT_SYSTEM_CONTROL( 1060): advertise_data.data[6]=0xa0
E/BT_SYSTEM_CONTROL( 1060): advertise_data.data[7]=0xfe
E/BT_SYSTEM_CONTROL( 1060): advertise_data.data[8]=0x3
E/BT_SYSTEM_CONTROL( 1060): advertise_data.data[9]=0xfa
E/BT_SYSTEM_CONTROL( 1060): advertise_data.data[10]=0x8f
E/BT_SYSTEM_CONTROL( 1060): advertise_data.data[11]=0xca
E/BT_SYSTEM_CONTROL( 1060): advertise_data.data[12]=0x55
E/BT_SYSTEM_CONTROL( 1060): advertise_data.data[13]=0xe1
E/BT_SYSTEM_CONTROL( 1060): advertise_data.data[14]=0x8e
E/BT_SYSTEM_CONTROL( 1060): advertise_data.data[15]=0x64
E/BT_SYSTEM_CONTROL( 1060): advertise_data.data[16]=0x20
E/BT_SYSTEM_CONTROL( 1060): advertise_data.data[17]=0x20
E/BT_SYSTEM_CONTROL( 1060): advertise_data.data[18]=0x20
E/BT_SYSTEM_CONTROL( 1060): advertise_data.data[19]=0x1e
E/BT_SYSTEM_CONTROL( 1060): advertise_data.data[20]=0x3
E/BT_SYSTEM_CONTROL( 1060): advertised_uuids[0].data()=FEA0
E/BT_SYSTEM_CONTROL( 1060): conv16_128uuid 1572
E/BT_SYSTEM_CONTROL( 1060): Can not set advertisement data, since BLE not initialized 0xb3f011e0
E/BT_SYSTEM_CONTROL( 1060): adv data set success
E/BT_SYSTEM_CONTROL( 1060): Libre:SetScanResponse:service_uuid=FEA0,transmit_name= 1
E/BT_SYSTEM_CONTROL( 1060): advertise_data.data[0]=0x15
E/BT_SYSTEM_CONTROL( 1060): advertise_data.data[1]=0x9
E/BT_SYSTEM_CONTROL( 1060): advertise_data.data[2]=0x4c
E/BT_SYSTEM_CONTROL( 1060): advertise_data.data[3]=0x79
E/BT_SYSTEM_CONTROL( 1060): advertise_data.data[4]=0x72
E/BT_SYSTEM_CONTROL( 1060): advertise_data.data[5]=0x69
E/BT_SYSTEM_CONTROL( 1060): advertise_data.data[6]=0x63
E/BT_SYSTEM_CONTROL( 1060): advertise_data.data[7]=0x20
E/BT_SYSTEM_CONTROL( 1060): advertise_data.data[8]=0x53
E/BT_SYSTEM_CONTROL( 1060): advertise_data.data[9]=0x70
E/BT_SYSTEM_CONTROL( 1060): advertise_data.data[10]=0x65
E/BT_SYSTEM_CONTROL( 1060): advertise_data.data[11]=0x61
E/BT_SYSTEM_CONTROL( 1060): advertise_data.data[12]=0x6b
E/BT_SYSTEM_CONTROL( 1060): advertise_data.data[13]=0x65
E/BT_SYSTEM_CONTROL( 1060): advertise_data.data[14]=0x72
E/BT_SYSTEM_CONTROL( 1060): advertise_data.data[15]=0x20
E/BT_SYSTEM_CONTROL( 1060): advertise_data.data[16]=0x43
E/BT_SYSTEM_CONTROL( 1060): advertise_data.data[17]=0x35
E/BT_SYSTEM_CONTROL( 1060): advertise_data.data[18]=0x30
E/BT_SYSTEM_CONTROL( 1060): advertise_data.data[19]=0x31
E/BT_SYSTEM_CONTROL( 1060): advertise_data.data[20]=0x37
E/BT_SYSTEM_CONTROL( 1060): advertise_data.data[21]=0x30
E/BT_SYSTEM_CONTROL( 1060): advertised_uuids[0].data()=FEA0
E/BT_SYSTEM_CONTROL( 1060): conv16_128uuid 1572
E/BT_SYSTEM_CONTROL( 1060): scan resp data set success
E/BT_SYSTEM_CONTROL( 1060): adv data set successfully
E/BT_SYSTEM_CONTROL( 1060): StartAdvertising 1705
D/bt_btm_ble( 1060): disc_mode 0200
E/bt_btif ( 1060): bta_gattc_listen failed, unknown client_if: 0
E/LSDC    ( 1059): 3 vector size is 1 
E/LSDC    ( 1059): 3 vector size is 2 
E/LibreBleController( 1395): BluetoothDummy::OnAdvertisingCb = 1
E/YANI_KERNEL( 1029): GOT NetLink
E/YANI_KERNEL( 1029):  Interface Index  wlan0:4 eth0:0 p2p0:6
E/YANI_KERNEL( 1029):  Netlink event :16
E/YANI_KERNEL( 1029): Event for device index :6
E/YANI_KERNEL( 1029): Event Received fron Netlink Event:-1 iface:6 link:0
