I/process_manager( 1295): [0101/080038.068866:INFO:process_manager.cc(673)] Attempting to terminate and wait on all children
I/update_engine( 1297): [0101/080038.088192:ERROR:main.cc(59)] Got signal 15
I/update_engine( 1297): [0101/080038.088401:INFO:main.cc(215)] Eureka Update Engine terminating
I/update_engine( 1297): [0101/080038.088459:INFO:string_based_ipc_server.cc(85)] Stop IPC server: /tmp/socket/updater
I/update_engine( 1297): [0101/080038.088515:VERBOSE2:io_watcher.cc(77)] Stopped watching read event: /tmp/socket/updater
I/update_engine( 1297): [0101/080038.088600:VERBOSE2:string_based_ipc_server.cc(88)] Close IPCs: num=0
E/LIBRECastSysInfo( 1302): property_get ro.product.release.track from prop
E/LIBRECastSysInfo( 1302): property_get ro.product.release.track from prop
E/LIBRECastSysUpdater( 1302):  SystemUpdaterDummy:: FDR Reboot 
E/LIBRECastSysUpdater( 1302):  SystemUpdaterDummy::IsSupported 1 
I/cast_shell( 1299): [1302:1302:INFO:chromecast_service_client_default.cc(84)] System updater is supported, and this is first setup.
E/LIBRECastSysInfo( 1302): property_get ro.product.release.track from prop
I/cast_shell( 1299): [1302:1302:INFO:media_manager_impl.cc(254)] Using CastMediaShlib for volume control
I/cast_shell( 1299): [1302:1302:INFO:multizone_manager.cc(455)] Multizone features are enabled
I/cast_shell( 1299): [1302:1302:INFO:timezone_settings.cc(235)] Setting system timezone to Asia/Hong_Kong
I/cast_shell( 1299): [1302:1302:INFO:cast_extension_ids.cc(71)] New cast extension id added: boadgeojelhgndaghljhdicfkmllpafd
I/cast_shell( 1299): [1302:1302:INFO:cast_extension_ids.cc(71)] New cast extension id added: dliochdbjfkdbacpmhlcpmleaejidimm
I/cast_shell( 1299): [1302:1302:INFO:cast_extension_ids.cc(71)] New cast extension id added: hfaagokkkhdbgiakmmlclaapfelnkoah
I/cast_shell( 1299): [1302:1302:INFO:cast_extension_ids.cc(71)] New cast extension id added: fmfcbgogabcbclcofgocippekhfcmgfj
I/cast_shell( 1299): [1302:1302:INFO:cast_extension_ids.cc(71)] New cast extension id added: pkedcjkdefgpdelpbcmbmeomcjbeemfm
I/cast_shell( 1299): [1302:1302:INFO:cast_extension_ids.cc(71)] New cast extension id added: enhhojjnijigcajfphajepfemndkmdlo
E/LIBRECastSysInfo( 1302): CastSysInfoDummy::GetProductName Env LS9 Platform
I/cast_shell( 1299): [1302:1302:INFO:platform_client_auth_creds.cc(113)] Loaded client certificate. Key len = 2048 bits. Chain len = 2 (source FROM_CERT).
E/LIBRECastSysInfo( 1302): property_get ro.product.release.track beta-channel
E/LIBRECastSysInfo( 1302): CastSysInfoDummy::GetApInterface
E/LIBRECastSysInfo( 1302): CastSysInfoDummy::GetApInterface
E/LIBREWifiController( 1302): WifiControllerDummy::AddEventListener
I/cast_shell( 1299): [1302:1302:INFO:metrics_recorder.cc(89)] Metrics stat: total=0
E/LIBRECastSysInfo( 1302): CastSysInfoDummy::GetDeviceModel Env LS2
I/cast_shell( 1299): [1302:1302:INFO:device_info_impl.cc(224)] MAC address for wlan0: D8:F7:10:C5:01:70
E/LIBRECastSysInfo( 1302): Serial Text in  GetSerialNumber ids6omnm3Pz8kuEv25Un 
E/LIBRECastSysInfo( 1302): CastSysInfoDummy::GetDeviceModel LS2
I/cast_shell( 1299): [1302:1302:INFO:device_info_impl.cc(291)] Control Notifications: 0
E/LIBRECastSysInfo( 1302): property_get ro.product.release.track beta-channel
I/cast_shell( 1299): [1302:1302:ERROR:device_info_impl.cc(93)] Cannot read file: /data/bootid
I/cast_shell( 1299): [1302:1302:INFO:device_info_impl.cc(298)] SSDP Boot ID: 0
I/cast_shell( 1299): [1302:1302:INFO:device_info_impl.cc(302)] SSDP Config ID: 1
I/cast_shell( 1299): [0101/080038.469202:WARNING:volume_map.cc(31)] No cast audio config found; using default volume map.
I/cast_shell( 1299): [1302:1330:INFO:url_request_context_factory.cc(334)] Set HttpNetworkSessionParams.enable_quic = 0
I/cast_shell( 1299): [0101/080038.512223:VERBOSE1:alsa_volume_control.cc(42)] Opening mixer element "Master" on device "default"
I/cast_shell( 1299): [0101/080038.520534:VERBOSE1:alsa_volume_control.cc(168)] Volume device = default, element = Master
I/cast_shell( 1299): [0101/080038.520690:VERBOSE1:alsa_volume_control.cc(170)] Mute device = default, element = Master
I/cast_shell( 1299): [0101/080038.520757:VERBOSE1:alsa_volume_control.cc(42)] Opening mixer element "Master" on device "default"
I/cast_shell( 1299): [1302:1330:INFO:url_request_context_factory.cc(334)] Set HttpNetworkSessionParams.enable_quic = 0
E/LIBRECastSysInfo( 1302): property_get ro.product.release.track beta-channel
I/cast_shell( 1299): [0101/080038.523479:WARNING:post_processing_pipeline_parser.cc(46)] Could not open post-processing config in /etc/cast_audio.json.
I/cast_shell( 1299): [0101/080038.523633:WARNING:post_processing_pipeline_parser.cc(73)] No post-processors found for streams (key = output_streams).
I/cast_shell( 1299):  No stream-specific processing will occur.
I/cast_shell( 1299): [0101/080038.523729:WARNING:post_processing_pipeline_parser.cc(113)] No post-processor description found for "mix" in /etc/cast_audio.json. Using passthrough.
I/cast_shell( 1299): [0101/080038.523783:WARNING:post_processing_pipeline_parser.cc(113)] No post-processor description found for "linearize" in /etc/cast_audio.json. Using passthrough.
I/cast_shell( 1299): [1302:1340:INFO:media_manager_impl.cc(885)] New device volume control type: new_type=1, old_type=0
I/cast_shell( 1299): [1302:1340:INFO:media_manager_impl.cc(908)] New device volume step interval: new_interval=0.02, old_interval=0
I/cast_shell( 1299): [1302:1340:ERROR:media_manager_impl.cc(1173)] GetScreenResolution failed.
I/cast_shell( 1299): [1302:1340:INFO:media_manager_impl.cc(331)] Media manager is initialized.
I/cast_shell( 1299): [1302:1302:INFO:client_auth_creds.cc(165)] Device cert: IDS6OMNM3PZ8KUEV25UN FA8FCA55E18E
I/cast_shell( 1299): [1302:1302:INFO:client_auth_creds.cc(174)] Intermediate cert: Libre Wireless Technologies inc Libre Test Cast Audio Model Cert
I/cast_shell( 1299): [1302:1302:INFO:client_auth_creds.cc(174)] Intermediate cert: Libre Cast Audio OEM Cert
I/cast_shell( 1299): [1302:1302:INFO:client_auth_creds.cc(218)] Imported client auth cert.
I/cast_shell( 1299): [1302:1302:INFO:client_auth_creds.cc(229)] Imported client auth private key
I/cast_shell( 1299): [1302:1302:INFO:client_auth_signer.cc(215)] Created singleton instance of ClientAuthSigner.
I/cast_shell( 1299): [1302:1302:WARNING:application_config_manager_impl.cc(159)] Cannot read application config file: /fakeapp.conf
I/cast_shell( 1299): [1302:1302:INFO:application_manager_impl.cc(192)] Application manager is initialized.
I/cast_shell( 1299): [1302:1344:INFO:mdns_app_filter.cc(518)] MdnsAppFilter initialized
I/cast_shell( 1299): [1302:1302:INFO:mdns_manager_impl.cc(167)] MdnsManager is initialized
I/cast_shell( 1299): [1302:1302:INFO:config_downloader.cc(251)] Set config periodic interval: min=300, max=420
I/cast_shell( 1299): [1302:1302:INFO:crl_downloader.cc(250)] Set CRL periodic interval: min=2160, max=2880
I/cast_shell( 1299): [1302:1346:INFO:v2_transport.cc(356)] Added Cast V2 endpoint: id=Tr@n$p0rt-0
I/cast_shell( 1299): [1302:1326:WARNING:crl_downloader.cc(127)] CRL failed to restore.
I/cast_shell( 1299): [1302:1346:INFO:endpoint_with_namespace_handler.cc(93)] Added a namespace handler: local_id=Tr@n$p0rt-0, namespace=urn:x-cast:com.google.cast.tp.connection
I/cast_shell( 1299): [1302:1346:INFO:endpoint_with_namespace_handler.cc(93)] Added a namespace handler: local_id=Tr@n$p0rt-0, namespace=urn:x-cast:com.google.cast.tp.heartbeat
I/cast_shell( 1299): [1302:1346:INFO:endpoint_with_namespace_handler.cc(93)] Added a namespace handler: local_id=Tr@n$p0rt-0, namespace=urn:x-cast:com.google.cast.tp.deviceauth
I/cast_shell( 1299): [1302:1346:INFO:v2_transport.cc(235)] V2Transport initialized.
I/cast_shell( 1299): [1302:1346:INFO:v2_transport.cc(311)] Added socket factory: id=domain-socket@/tmp/cast-control
I/cast_shell( 1299): [1302:1302:INFO:virtual_device.cc(111)] Disabling virtual device c2108e27-6d24-fcb1-47ea-6da4a7a724b4
I/cast_shell( 1299): [1302:1302:INFO:receiver_namespace_handler.cc(255)] Disabling apps on virtual device c2108e27-6d24-fcb1-47ea-6da4a7a724b4
I/cast_shell( 1299): [1302:1344:INFO:mdns_cast_service.cc(336)] Disabling application subtypes for virtual device c2108e27-6d24-fcb1-47ea-6da4a7a724b4
I/cast_shell( 1299): [1302:1302:INFO:virtual_device_manager.cc(117)] Added virtual device: id=c2108e27-6d24-fcb1-47ea-6da4a7a724b4
I/cast_shell( 1299): [1302:1346:INFO:v2_transport.cc(311)] Added socket factory: id=opencast-socket
I/cast_shell( 1299): [1302:1346:INFO:v2_transport.cc(356)] Added Cast V2 endpoint: id=receiver-c2108e27-6d24-fcb1-47ea-6da4a7a724b4
I/cast_shell( 1299): [1302:1346:INFO:endpoint_with_namespace_handler.cc(93)] Added a namespace handler: local_id=receiver-c2108e27-6d24-fcb1-47ea-6da4a7a724b4, namespace=urn:x-cast:com.google.cast.receiver
I/cast_shell( 1299): [1302:1346:INFO:endpoint_with_namespace_handler.cc(93)] Added a namespace handler: local_id=receiver-c2108e27-6d24-fcb1-47ea-6da4a7a724b4, namespace=urn:x-cast:com.google.cast.receiver.discovery
I/cast_shell( 1299): [1302:1346:INFO:endpoint_with_namespace_handler.cc(93)] Added a namespace handler: local_id=receiver-c2108e27-6d24-fcb1-47ea-6da4a7a724b4, namespace=urn:x-cast:com.google.cast.receiver.debug
I/cast_shell( 1299): [1302:1346:INFO:v2_transport.cc(311)] Added socket factory: id=c2108e27-6d24-fcb1-47ea-6da4a7a724b4
I/cast_shell( 1299): [1302:1302:INFO:ccs_manager_impl.cc(285)] Added CCS device
I/cast_shell( 1299): [1302:1346:INFO:endpoint_with_namespace_handler.cc(93)] Added a namespace handler: local_id=receiver-c2108e27-6d24-fcb1-47ea-6da4a7a724b4, namespace=urn:x-cast:com.google.cast.receiver.key_exchange
I/cast_shell( 1299): [1302:1302:INFO:gcm_manager.cc(110)] GCM Dir = /data/chrome/gcm
I/cast_shell( 1299): [1302:1346:INFO:endpoint_with_namespace_handler.cc(93)] Added a namespace handler: local_id=receiver-c2108e27-6d24-fcb1-47ea-6da4a7a724b4, namespace=urn:x-cast:com.google.cast.broadcast
E/LIBREHotspotController( 1302): HotspotControllerDummy::Initialize
I/cast_shell( 1299): [1302:1302:INFO:gcm_manager.cc(213)] Enabling GCM Driver
I/cast_shell( 1299): [1302:1346:INFO:endpoint_with_namespace_handler.cc(93)] Added a namespace handler: local_id=receiver-c2108e27-6d24-fcb1-47ea-6da4a7a724b4, namespace=urn:x-cast:com.google.cast.proximity
I/cast_shell( 1299): [1302:1302:INFO:setup_manager_impl.cc(404)] opt-in.audio-hdr: 0
I/cast_shell( 1299): [1302:1302:INFO:setup_manager_impl.cc(406)] opt-in.cloud-ipc: 1
I/cast_shell( 1299): [1302:1346:INFO:endpoint_with_namespace_handler.cc(93)] Added a namespace handler: local_id=receiver-c2108e27-6d24-fcb1-47ea-6da4a7a724b4, namespace=urn:x-cast:com.google.cast.resource
I/cast_shell( 1299): [1302:1302:INFO:setup_manager_impl.cc(408)] opt-in.hdmi-prefer-50hz: 0
I/cast_shell( 1299): [1302:1302:INFO:setup_manager_impl.cc(411)] opt-in.hdmi-prefer-high-fps: 1
I/cast_shell( 1299): [1302:1302:INFO:setup_manager_impl.cc(413)] opt-in.location: 0
I/cast_shell( 1299): [1302:1302:INFO:setup_manager_impl.cc(415)] opt-in.opencast: 0
I/cast_shell( 1299): [1302:1302:INFO:setup_manager_impl.cc(417)] opt-in.preview-channel: 0
I/cast_shell( 1299): [1302:1302:INFO:setup_manager_impl.cc(419)] opt-in.remote-ducking: 1
I/cast_shell( 1299): [1302:1302:INFO:setup_manager_impl.cc(422)] opt-in.show-debug-overlay: 0
I/cast_shell( 1299): [1302:1302:INFO:setup_manager_impl.cc(424)] opt-in.stats: 1
I/cast_shell( 1299): [1302:1302:INFO:setup_manager_impl.cc(425)] tos-accepted: 0
I/cast_shell( 1299): [1302:1302:INFO:setup_manager_impl.cc(427)] audio.digital: 0
I/cast_shell( 1299): [1302:1302:INFO:setup_manager_impl.cc(429)] 4k-blocked: 0
I/cast_shell( 1299): [1302:1302:INFO:setup_manager_impl.cc(443)] release channel: beta-channel
I/cast_shell( 1299): [1302:1302:INFO:locale_manager.cc(262)] No timezone yet.
I/cast_shell( 1299): [1302:1302:INFO:locale_manager.cc(292)] Current time format: 12-hour
E/LIBRECastSysInfo( 1302): CastSysInfoDummy::FactoryCountry read from env 00
E/LIBRECastSysInfo( 1302): CastSysInfoDummy::GetFactoryLocale = en-00
E/LIBREWifiController( 1302): WifiControllerDummy::Initialize
I/cast_shell( 1299): [1302:1302:INFO:locale_manager.cc(305)] No locale. Set default from factory: en-00
E/LIBREWifiController( 1302): Start Wifi Event Thread
E/LIBREWifiController( 1302): WifiControllerDummy::AddEventListener
E/LIBREWifiController( 1302): WifiControllerDummy::GetConfiguredNetworks
E/GenericAPI( 1302): 
E/GenericAPI( 1302):   wifiapi_wpa_cli_open_connection socket_opened  0
E/WifiHW  ( 1302): ARK:- wifi_connect_on_socket_path SUCCESS
E/GenericAPI( 1302): 
E/GenericAPI( 1302):  ************wifi_connect_on_socket_generic***************  1
I/cast_shell( 1299): [1302:1347:INFO:setup_manager_impl.cc(907)] Register internal API: eureka_info
I/cast_shell( 1299): [1302:1347:INFO:setup_manager_impl.cc(907)] Register internal API: get_app_device_id
I/cast_shell( 1299): [1302:1347:INFO:setup_manager_impl.cc(907)] Register internal API: accept_tos
I/cast_shell( 1299): [1302:1347:INFO:setup_manager_impl.cc(907)] Register internal API: configured_networks
I/cast_shell( 1299): [1302:1347:INFO:setup_manager_impl.cc(907)] Register internal API: connect_wifi
E/LIBRECastSysInfo( 1302): CastSysInfoDummy::FactoryCountry 00
E/LIBRECastSysInfo( 1302): CastSysInfoDummy::FactoryCountry 00
I/cast_shell( 1299): [1302:1302:INFO:locale_manager_factory_default.cc(102)] PAK Resource loaded: en-US
I/cast_shell( 1299): [1302:1347:INFO:setup_manager_impl.cc(907)] Register internal API: forget_wifi
I/cast_shell( 1299): [1302:1302:INFO:locale_manager_factory_default.cc(105)] Acutal device locale: en-US
I/cast_shell( 1299): [1302:1302:INFO:locale_manager.cc(334)] Use factory country code: 00
I/cast_shell( 1299): [1302:1302:INFO:locale_manager.cc(568)] New country code: 00
I/cast_shell( 1299): [1302:1347:INFO:setup_manager_impl.cc(907)] Register internal API: offer
I/cast_shell( 1299): [1302:1347:INFO:setup_manager_impl.cc(907)] Register internal API: play_sound
I/cast_shell( 1299): [1302:1347:INFO:setup_manager_impl.cc(907)] Register internal API: resume_cast
I/cast_shell( 1299): [1302:1347:INFO:setup_manager_impl.cc(907)] Register internal API: save_wifi
I/cast_shell( 1299): [1302:1302:INFO:setup_manager_impl.cc(482)] Initial activation date cached value: 
I/cast_shell( 1299): [1302:1347:INFO:setup_manager_impl.cc(907)] Register internal API: scan_results
I/cast_shell( 1299): [1302:1347:INFO:setup_manager_impl.cc(907)] Register internal API: scan_wifi
I/cast_shell( 1299): [1302:1302:INFO:multizone_manager.cc(488)] Using SSL for control data
I/cast_shell( 1299): [1302:1347:INFO:setup_manager_impl.cc(907)] Register internal API: send_log_report
I/cast_shell( 1299): [1302:1347:INFO:setup_manager_impl.cc(907)] Register internal API: set_eureka_info
I/cast_shell( 1299): [1302:1347:INFO:setup_manager_impl.cc(907)] Register internal API: start_nat
I/cast_shell( 1299): [1302:1347:INFO:setup_manager_impl.cc(907)] Register internal API: supported_timezones
I/cast_shell( 1299): [1302:1347:INFO:setup_manager_impl.cc(907)] Register internal API: supported_locales
I/cast_shell( 1299): [1302:1347:INFO:setup_manager_impl.cc(907)] Register internal API: suspend_cast
I/cast_shell( 1299): [1302:1302:INFO:mdns_util.cc(116)] Defaulting mDNS capabilities for audio-only build
I/cast_shell( 1299): [1302:1302:INFO:setup_manager_impl.cc(920)] Register external API: reboot
I/cast_shell( 1299): [1302:1302:INFO:daily_reboot.cc(90)] Daily reboot is disabled
I/cast_shell( 1299): [1302:1302:WARNING:cast_crypto_keys_openssl_shlib.cc(69)] No valid ESN read.
I/cast_shell( 1299): [1302:1302:WARNING:cast_crypto_keys_openssl_shlib.cc(82)] Invalid or no DKE value read.
I/cast_shell( 1299): [1302:1302:WARNING:cast_crypto_keys_openssl_shlib.cc(94)] Invalid or no DKH value read.
I/cast_shell( 1299): [1302:1302:WARNING:cast_crypto_keys_openssl_shlib.cc(150)] Invalid or no DKW value read/computed.
I/cast_shell( 1299): [1302:1302:INFO:local_network_info_impl.cc(148)] Created new network GUID:
I/cast_shell( 1299): [1302:1347:INFO:setup_manager_impl.cc(907)] Register internal API: test_internet_download_speed
I/cast_shell( 1299): [1302:1347:INFO:setup_manager_impl.cc(907)] Register internal API: test_udp_throughput
E/LIBREWifiController( 1302): ######## SetCountryCode  = 00 ############ 
E/GenericAPI( 1302): Does not  Map country code set to 00
E/GenericAPI( 1302): Set Country SET country 00 
I/cast_shell( 1299): [1302:1349:INFO:multizone_media_manager.cc(190)] SetVolume to 0.8
I/cast_shell( 1299): [1302:1302:INFO:setup_manager_impl.cc(920)] Register external API: profile_processor/set_profile_processor
I/cast_shell( 1299): [1302:1302:INFO:profile_processor_manager.cc(135)] Updating post processor dolby with config: off
I/cast_shell( 1299): [1302:1344:INFO:mdns_manager_impl.cc(444)] Registering new service PTR listener: _googlezone._tcp.local
E/LIBREWifiController( 1302): WifiControllerDummy::GetCurrentStatus
I/cast_shell( 1299): [1302:1346:INFO:endpoint_with_namespace_handler.cc(93)] Added a namespace handler: local_id=receiver-c2108e27-6d24-fcb1-47ea-6da4a7a724b4, namespace=urn:x-cast:com.google.cast.multizone
E/LIBREWifiController( 1302): WifiControllerDummy::AddEventListener
I/cast_shell( 1299): [1302:1347:INFO:wifi_proximity.cc(176)] Request scan.
I/cast_shell( 1299): [1302:1349:INFO:setup_manager_impl.cc(920)] Register external API: multizone/aux_in
I/cast_shell( 1299): [1302:1349:INFO:setup_manager_impl.cc(920)] Register external API: multizone/disband_group
I/cast_shell( 1299): [1302:1349:INFO:setup_manager_impl.cc(920)] Register external API: multizone/join_group
I/cast_shell( 1299): [1302:1349:INFO:setup_manager_impl.cc(920)] Register external API: multizone/leave_group
I/cast_shell( 1299): [1302:1349:INFO:setup_manager_impl.cc(920)] Register external API: multizone/set_audio_output_delay
I/cast_shell( 1299): <<<<< CPU-1 OSAL Init
I/cast_shell( 1299): MV_Time_Init OK.
I/cast_shell( 1299): [   38.598] [35;1mAmp1@@[/home/ysoni/hendrix/MRVL/ampsdk/amp/src/libs/common/amp_logger_isr.c:AMP_CreateISRLogger():132]:[0mcreate isr logger enter
I/cast_shell( 1299): [   38.605] [35;1mAmp1@@[/home/ysoni/hendrix/MRVL/ampsdk/amp/src/libs/common/amp_logger_isr.c:AMP_CreateISRLogger():170]:[0mcreate isr logger done
I/cast_shell( 1299): [1302:1347:INFO:setup_manager_impl.cc(920)] Register external API: input/status
I/cast_shell( 1299): [1302:1347:INFO:setup_manager_impl.cc(920)] Register external API: input/set_active
I/cast_shell( 1299): [1302:1346:INFO:endpoint_with_namespace_handler.cc(93)] Added a namespace handler: local_id=receiver-c2108e27-6d24-fcb1-47ea-6da4a7a724b4, namespace=urn:x-cast:com.google.cast.audio.input
E/LibreBleController( 1302): 
E/LibreBleController( 1302): Libre:BluetoothDummy 
E/LibreBleController( 1302): BT Cast setup is true
E/LibreBleController( 1302): CastSetup is enabled
E/LibreBleController( 1302): Libre:ClientSocket
E/BT_SYSTEM_CONTROL( 1060): Client Connected 12
E/LibreBleController( 1302): Start On char receive
I/cast_shell( 1299): [   38.606] [35;1mAmp1@@[MODULE_EVENT:AMP_Event_CreateListener():374]:[0m AmpListener event client listener
I/cast_shell( 1299): [   38.607] [35;1mAmp1@@[MODULE_EVENT:AMP_Event_CreateListener():428]:[0m AmpListener new listener:0xb76b5000 (80000022 80000023 b76b502c)
E/LibreBleController( 1302): 
E/LibreBleController( 1302): Libre:Initialize
E/LibreBleController( 1302): BluetoothDummy::threadLoop
I/cast_shell( 1299): [1302:1343:INFO:cast_auth_api_adaptor.cc(57)] CastAuth: common module initialization successful.
I/cast_shell( 1299): [1302:1343:WARNING:cast_auth_api_adaptor.cc(64)] CastAuth: model-based module not available.
E/BT_SYSTEM_CONTROL( 1060): BleInitialize
I/bt_bluedroid( 1060): get_profile_interface gatt
E/BT_SYSTEM_CONTROL( 1060): pBtSystemControl =0xb3f011e0 1060 1075
E/BT_SYSTEM_CONTROL( 1060): GATT client is registered successfully
E/BT_SYSTEM_CONTROL( 1060): GATT Server is registered successfully
E/BT_SYSTEM_CONTROL( 1060): register_client_cb 4
E/BT_SYSTEM_CONTROL( 1060): register_client_cb is called
E/bt_btif ( 1060): register application first_unuse rcb_idx = 0
E/BT_SYSTEM_CONTROL( 1060): set_adv_data cli_if = 4
E/BT_SYSTEM_CONTROL( 1060): register_server_cb status 0 server_if 5
I/process_manager( 1295): [0101/080043.091499:INFO:process_manager.cc(750)] service has stopped: name=update_engine, status=0
I/logwrapper( 1298): /system/chrome/crash_uploader terminated by signal 15
I/process_manager( 1295): [0101/080043.109365:INFO:process_manager.cc(750)] service has stopped: name=crash_uploader, status=0
E/BT_SYSTEM_CONTROL( 1060): BtSocketHandler : Error in Socket - exit
I/logwrapper( 1299): /system/chrome/cast_shell terminated by signal 15
I/process_manager( 1295): [0101/080043.211326:INFO:process_manager.cc(750)] service has stopped: name=cast_shell, status=0
I/process_manager( 1295): [0101/080043.211441:INFO:process_manager.cc(708)] Done terminating all children
I/process_manager( 1295): [0101/080043.211560:INFO:process_manager_main.cc(98)] process manager is exiting with status 0
E/GenericAPI( 1060): 
E/GenericAPI( 1060):   wifiapi_wpa_cli_open_connection socket_opened  0
E/WifiHW  ( 1060): ARK:- wifi_connect_on_socket_path SUCCESS
E/GenericAPI( 1060): 
E/GenericAPI( 1060):  ************wifi_connect_on_socket_generic***************  1
E/GenericAPI( 1060): OK
E/GenericAPI( 1060):   Success wifiapi Send command results 
E/GenericAPI( 1060): OK
E/GenericAPI( 1060):   Success wifiapi Send command results 
E/GenericAPI( 1060): 
E/GenericAPI( 1060):  Close The connect 
E/WifiHW  ( 1060): Wifi Close Socket 
E/WifiHW  ( 1060): Close ctrl_Conn 
E/WifiHW  ( 1060): Close monitor_conn 
E/WifiHW  ( 1060): Close exit_sockets 
E/WifiHW  ( 1060): Close exit_sockets 1n 
I/mdns    ( 1016): mDNS Response sent for 34 seconds = 13
E/MB_HANDLER( 1060):  Start Cast Conf in Progress user trigger again 
E/luci_udp_control( 1030): LUCINetworkController::write : Ignoring Remote ID which is not Valid
E/MB_HANDLER( 1060): Message Handler Thread waiting for messages....
I/cast_cli( 1385): [0101/080051.082474:WARNING:package_utils.cc(487)] Current process command line flag 'enable-hi-res-audio-support' should not be empty when passing as external flag
I/cast_cli( 1385): [0101/080051.083049:INFO:package_utils.cc(185)] Run process_manager: /bin/logwrapper /system/chrome/process_manager --async --alsa-enable-upsampling=true --default-eureka-name-prefix=Lyric Speaker C50170 --enable-background-apps=true --enable-hi-res-audio-support --enable-multizone=true --netif-for-unique-ids=wlan0 --setup-ssid-suffix=d --setup-support-guest-mode=0 --wpa-supplicant-unix-socket-path=/dev/socket/wpa_wlan0
I/process_manager( 1387): [0101/080051.122022:WARNING:package_utils.cc(487)] Current process command line flag 'enable-hi-res-audio-support' should not be empty when passing as external flag
I/process_manager( 1387): [0101/080051.122576:INFO:process_manager.cc(306)] process manager initialized
I/process_manager( 1387): [0101/080051.122709:INFO:process_manager.cc(357)] Process manager is starting
I/process_manager( 1387): [0101/080051.123655:INFO:process_manager.cc(367)] Process manager successfully started with pid 1389
E/LIBRECastSysInfo( 1389): property_get ro.product.release.track from prop
E/LIBRECastSysInfo( 1389): property_get ro.product.release.track beta-channel
I/cast_cli( 1385): [0101/080051.126044:INFO:cast_cli.cc(432)] Process manager successfully started as daemon
I/process_manager( 1389): [0101/080051.165352:WARNING:package_utils.cc(487)] Current process command line flag 'enable-hi-res-audio-support' should not be empty when passing as external flag
I/process_manager( 1389): [0101/080051.165907:INFO:process_manager.cc(306)] process manager initialized
I/process_manager( 1389): [0101/080051.166171:INFO:process_manager.cc(433)] Resuming manager from a previous state
I/process_manager( 1389): [0101/080051.181988:INFO:package_utils.cc(185)] Run update_engine: /bin/logwrapper /system/chrome/update_engine --foreground --netif-for-unique-ids=eth0 --ota-directory=/chrome/cache/ --update-engine-unix-socket-path=/tmp/socket/updater --v=4 --netif-for-unique-ids=wlan0
I/process_manager( 1389): [0101/080051.183294:INFO:package_utils.cc(185)] Run crash_uploader: /bin/logwrapper /system/chrome/crash_uploader
I/process_manager( 1389): [0101/080051.184743:INFO:package_utils.cc(185)] Run cast_shell: /bin/logwrapper /system/chrome/cast_shell --accept-resource-provider=true --alsa-enable-upsampling=false --app-config-path=/fakeapp.conf --blink-platform-log-channels=Media --cast-control-unix-socket-path=/tmp/cast-control --default-eureka-name-prefix=Google Cast Speaker --disable-dial=true --enable-background-apps=false --idle-screen=false --js-flags=--trace_gc --netif-for-unique-ids=eth0 --no-daily-reboot=true --ota-directory=/chrome/cache/ --setup-support-guest-mode=0 --skip-gpu-data-loading --update-engine-unix-socket-path=/tmp/socket/updater --vmodule=*chromecast/media/cma/*=2,*chromecast/media/service/*=2,*chromecast/renderer/media/*=2,*content/renderer/media/render_media_log.cc=2,*media/mojo/*=2,*third_party/WebKit/Source/core/html/HTMLMediaElement.cpp=2,*third_party/WebKit/Source/modules/mediasource/*=2 --alsa-enable-upsampling=true --default-eureka-name-prefix=Lyric Speaker C50170 --enable-background-apps=true --enable-hi-res-audio-support --enable-multizone=true --netif-for-unique-ids=wlan0 --setup-ssid-suffix=d --setup-support-guest-mode=0 --wpa-supplicant-unix-socket-path=/dev/socket/wpa_wlan0
I/crash_uploader( 1392): [0101/080051.219128:INFO:crash_uploader.cc(37)] Starting crash uploader...
E/LIBRECastSysInfo( 1394): property_get ro.product.release.track from prop
E/LIBRECastSysInfo( 1394): CastSysInfoDummy::GetProductName Env LS9 Platform
E/LIBRECastSysInfo( 1394): CastSysInfoDummy::GetDeviceModel Env LS2
E/LIBRECastSysInfo( 1394): CastSysInfoDummy::GetBoardName Prop LS9AC11DBT
E/LIBRECastSysInfo( 1394): CastSysInfoDummy::GetManufacturer ENV SIX
E/LIBRECastSysInfo( 1394): CastSysInfoDummy::GetSystemBuildNumber from prop 2297
E/LIBRECastSysInfo( 1394): property_get ro.product.release.track beta-channel
I/update_engine( 1391): [0101/080051.239603:INFO:main.cc(156)] Eureka Update Engine starting
I/update_engine( 1391): [0101/080051.254426:INFO:main.cc(135)] Dynamically opened libcurl.so
I/update_engine( 1391): [0101/080051.254642:VERBOSE1:path_utils.cc(24)] Path adjusted from metrics/uma-events to /data/chrome/metrics/uma-events
I/update_engine( 1391): [0101/080051.254933:INFO:update_check_scheduler.cc(65)] Next update check in 2700 seconds
I/update_engine( 1391): [0101/080051.255066:INFO:string_based_ipc_server.cc(67)] Start IPC server: /tmp/socket/updater
I/update_engine( 1391): [0101/080051.255253:INFO:unix_stream_server_socket.cc(60)] Unix server socket is created: /tmp/socket/updater
I/update_engine( 1391): [0101/080051.255346:VERBOSE2:string_based_ipc_server.cc(98)] Wait for new ipc client: /tmp/socket/updater
I/update_engine( 1391): [0101/080051.255435:VERBOSE2:io_watcher.cc(70)] Started watching read event: /tmp/socket/updater, fd=15
E/LIBRECastSysInfo( 1395): CastSysInfoDummy::GetApInterface
E/LIBRECastSysInfo( 1395): CastSysInfoDummy::GetApInterface
I/cast_shell( 1393): [1395:1395:WARNING:discardable_shared_memory_manager.cc(178)] Less than 64MB of free space in temporary directory for shared memory files: 32
E/LIBRECastSysInfo( 1395): property_get ro.product.release.track from prop
E/LIBRECastSysInfo( 1395): property_get ro.product.release.track from prop
E/LIBRECastSysInfo( 1395): property_get ro.product.release.track from prop
E/LIBRECastSysUpdater( 1395):  SystemUpdaterDummy:: FDR Reboot 
E/LIBRECastSysUpdater( 1395):  SystemUpdaterDummy::IsSupported 1 
E/LIBRECastSysInfo( 1395): property_get ro.product.release.track from prop
I/cast_shell( 1393): [1395:1395:INFO:chromecast_service_client_default.cc(84)] System updater is supported, and this is first setup.
I/cast_shell( 1393): [1395:1395:INFO:media_manager_impl.cc(254)] Using CastMediaShlib for volume control
I/cast_shell( 1393): [1395:1395:INFO:multizone_manager.cc(455)] Multizone features are enabled
I/cast_shell( 1393): [1395:1395:INFO:timezone_settings.cc(235)] Setting system timezone to Asia/Hong_Kong
I/cast_shell( 1393): [1395:1395:INFO:cast_extension_ids.cc(71)] New cast extension id added: boadgeojelhgndaghljhdicfkmllpafd
I/cast_shell( 1393): [1395:1395:INFO:cast_extension_ids.cc(71)] New cast extension id added: dliochdbjfkdbacpmhlcpmleaejidimm
I/cast_shell( 1393): [1395:1395:INFO:cast_extension_ids.cc(71)] New cast extension id added: hfaagokkkhdbgiakmmlclaapfelnkoah
I/cast_shgcajfphajepfemndkmdlo
E/LIBRECastSysInfo( 1395): CastSysInfoDummy::GetProductName Env LS9 Platform
I/cast_shell( 1393): [1395:1395:INFO:platform_client_auth_creds.cc(113)] Loaded client certificate. Key len = 2048 bits. Chain len = 2 (source FROM_CERT).
E/LIBRECastSysInfo( 1395): property_get ro.product.release.track beta-channel
E/LIBRECastSysInfo( 1395): CastSysInfoDummy::GetApInterface
E/LIBRECastSysInfo( 1395): CastSysInfoDummy::GetApInterface
I/cast_shell( 1393): [1395:1395:INFO:metrics_recorder.cc(89)] Metrics stat: total=0
E/LIBREWifiController( 1395): WifiControllerDummy::AddEventListener
I/cast_shell( 1393): [1395:1395:INFO:device_info_impl.cc(224)] MAC address for wlan0: D8:F7:10:C5:01:70
E/LIBRECastSysInfo( 1395): Serial Text in  GetSerialNumber ids6omnm3Pz8kuEv25Un 
I/cast_shell( 1393): [1395:1395:INFO:device_info_impl.cc(291)] Control Notifications: 0
I/cast_shell( 1393): [1395:1395:ERROR:device_info_impl.cc(93)] Cannot read file: /data/bootid
I/cast_shell( 1393): [1395:1395:INFO:device_info_impl.cc(298)] SSDP Boot ID: 0
I/cast_shell( 1393): [1395:1395:INFO:device_info_impl.cc(302)] SSDP Config ID: 1
E/LIBRECastSysInfo( 1395): property_get ro.product.release.track beta-channel
I/cast_shell( 1393): [0101/080051.649276:WARNING:volume_map.cc(31)] No cast audio config found; using default volume map.
I/cast_shell( 1393): [0101/080051.650282:VERBOSE1:alsa_volume_control.cc(42)] Opening mixer element "Master" on device "default"
I/cast_shell( 1393): [0101/080051.657516:VERBOSE1:alsa_volume_control.cc(168)] Volume device = default, element = Master
I/cast_shell( 1393): [0101/080051.657675:VERBOSE1:alsa_volume_control.cc(170)] Mute device = default, element = Master
I/cast_shell( 1393): [0101/080051.657755:VERBOSE1:alsa_volume_control.cc(42)] Opening mixer element "Master" on device "default"
I/cast_shell( 1393): [0101/080051.659674:WARNING:post_processing_pipeline_parser.cc(46)] Could not open post-processing config in /etc/cast_audio.json.
I/cast_shell( 1393): [0101/080051.659825:WARNING:post_processing_pipeline_parser.cc(73)] No post-processors found for streams (key = output_streams).
I/cast_shell( 1393):  No stream-specific processing will occur.
I/cast_shell( 1393): [0101/080051.659949:WARNING:post_processing_pipeline_parser.cc(113)] No post-processor description found for "mix" in /etc/cast_audio.json. Using passthrough.
I/cast_shell( 1393): [0101/080051.660082:WARNING:post_processing_pipeline_parser.cc(113)] No post-processor description found for "linearize" in /etc/cast_audio.json. Using passthrough.
E/LIBRECastSysInfo( 1395): property_get ro.product.release.track beta-channel
I/cast_shell( 1393): [1395:1432:INFO:media_manager_impl.cc(885)] New device volume control type: new_type=1, old_type=0
I/cast_shell( 1393): [1395:1432:INFO:media_manager_impl.cc(908)] New device volume step interval: new_interval=0.02, old_interval=0
I/cast_shell( 1393): [1395:1432:ERROR:media_manager_impl.cc(1173)] GetScreenResolution failed.
I/cast_shell( 1393): [1395:1432:INFO:media_manager_impl.cc(331)] Media manager is initialized.
I/cast_shell( 1393): [1395:1424:INFO:url_request_context_factory.cc(334)] Set HttpNetworkSessionParams.enable_quic = 0
I/cast_shell( 1393): [1395:1424:INFO:url_request_context_factory.cc(334)] Set HttpNetworkSessionParams.enable_quic = 0
I/cast_shell( 1393): [1395:1395:INFO:client_auth_creds.cc(165)] Device cert: IDS6OMNM3PZ8KUEV25UN FA8FCA55E18E
I/cast_shell( 1393): [1395:1395:INFO:client_auth_creds.cc(174)] Intermediate cert: Libre Wireless Technologies inc Libre Test Cast Audio Model Cert
I/cast_shell( 1393): [1395:1395:INFO:client_auth_creds.cc(174)] Intermediate cert: Libre Cast Audio OEM Cert
I/cast_shell( 1393): [1395:1395:INFO:client_auth_creds.cc(218)] Imported client auth cert.
I/cast_shell( 1393): [1395:1395:INFO:client_auth_creds.cc(229)] Imported client auth private key
I/cast_shell( 1393): [1395:1395:INFO:client_auth_signer.cc(215)] Created singleton instance of ClientAuthSigner.
I/cast_shell( 1393): [1395:1395:WARNING:application_config_manager_impl.cc(159)] Cannot read application config file: /fakeapp.conf
I/cast_shell( 1393): [1395:1395:INFO:application_manager_impl.cc(192)] Application manager is initialized.
I/cast_shell( 1393): [1395:1395:INFO:mdns_manager_impl.cc(167)] MdnsManager is initialized
I/cast_shell( 1393): [1395:1436:INFO:mdns_app_filter.cc(518)] MdnsAppFilter initialized
I/cast_shell( 1393): [1395:1395:INFO:config_downloader.cc(251)] Set config periodic interval: min=300, max=420
I/cast_shell( 1393): [1395:1395:INFO:crl_downloader.cc(250)] Set CRL periodic interval: min=2160, max=2880
I/cast_shell( 1393): [1395:1420:WARNING:crl_downloader.cc(127)] CRL failed to restore.
I/cast_shell( 1393): [1395:1395:INFO:virtual_device.cc(111)] Disabling virtual device c2108e27-6d24-fcb1-47ea-6da4a7a724b4
I/cast_shell( 1393): [1395:1395:INFO:receiver_namespace_handler.cc(255)] Disabling apps on virtual device c2108e27-6d24-fcb1-47ea-6da4a7a724b4
I/cast_shell( 1393): [1395:1436:INFO:mdns_cast_service.cc(336)] Disabling application subtypes for virtual device c2108e27-6d24-fcb1-47ea-6da4a7a724b4
I/cast_shell( 1393): [1395:1395:INFO:virtual_device_manager.cc(117)] Added virtual device: id=c2108e27-6d24-fcb1-47ea-6da4a7a724b4
I/cast_shell( 1393): [1395:1438:INFO:v2_transport.cc(356)] Added Cast V2 endpoint: id=Tr@n$p0rt-0
I/cast_shell( 1393): [1395:1395:INFO:ccs_manager_impl.cc(285)] Added CCS device
I/cast_shell( 1393): [1395:1395:INFO:gcm_manager.cc(110)] GCM Dir = /data/chrome/gcm
I/cast_shell( 1393): [1395:1438:INFO:endpoint_with_namespace_handler.cc(93)] Added a namespace handler: local_id=Tr@n$p0rt-0, namespace=urn:x-cast:com.google.cast.tp.connection
I/cast_shell( 1393): [1395:1438:INFO:endpoint_with_namespace_handler.cc(93)] Added a namespace handler: local_id=Tr@n$p0rt-0, namespace=urn:x-cast:com.google.cast.tp.heartbeat
I/cast_shell( 1393): [1395:1438:INFO:endpoint_with_namespace_handler.cc(93)] Added a namespace handler: local_id=Tr@n$p0rt-0, namespace=urn:x-cast:com.google.cast.tp.deviceauth
E/LIBREHotspotController( 1395): HotspotControllerDummy::Initialize
I/cast_shell( 1393): [1395:1395:INFO:gcm_manager.cc(213)] Enabling GCM Driver
I/cast_shell( 1393): [1395:1438:INFO:v2_transport.cc(235)] V2Transport initialized.
I/cast_shell( 1393): [1395:1438:INFO:v2_transport.cc(311)] Added socket factory: id=domain-socket@/tmp/cast-control
I/cast_shell( 1393): [1395:1438:INFO:v2_transport.cc(311)] Added socket factory: id=opencast-socket
I/cast_shell( 1393): [1395:1438:INFO:v2_transport.cc(356)] Added Cast V2 endpoint: id=receiver-c2108e27-6d24-fcb1-47ea-6da4a7a724b4
I/cast_shell( 1393): [1395:1438:INFO:endpoint_with_namespace_handler.cc(93)] Added a namespace handler: local_id=receiver-c2108e27-6d24-fcb1-47ea-6da4a7a724b4, namespace=urn:x-cast:com.google.cast.receiver
I/cast_shell( 1393): [1395:1438:INFO:endpoint_with_namespace_handler.cc(93)] Added a namespace handler: local_id=receiver-c2108e27-6d24-fcb1-47ea-6da4a7a724b4, namespace=urn:x-cast:com.google.cast.receiver.discovery
I/cast_shell( 1393): [1395:1395:INFO:setup_manager_impl.cc(404)] opt-in.audio-hdr: 0
I/cast_shell( 1393): [1395:1438:INFO:endpoint_with_namespace_handler.cc(93)] Added a namespace handler: local_id=receiver-c2108e27-6d24-fcb1-47ea-6da4a7a724b4, namespace=urn:x-cast:com.google.cast.receiver.debug
I/cast_shell( 1393): [1395:1438:INFO:v2_transport.cc(311)] Added socket factory: id=c2108e27-6d24-fcb1-47ea-6da4a7a724b4
I/cast_shell( 1393): [1395:1438:INFO:endpoint_with_namespace_handler.cc(93)] Added a namespace handler: local_id=receiver-c2108e27-6d24-fcb1-47ea-6da4a7a724b4, namespace=urn:x-cast:com.google.cast.receiver.key_exchange
I/cast_shell( 1393): [1395:1395:INFO:setup_manager_impl.cc(406)] opt-in.cloud-ipc: 1
I/cast_shell( 1393): [1395:1438:INFO:endpoint_with_namespace_handler.cc(93)] Added a namespace handler: local_id=receiver-c2108e27-6d24-fcb1-47ea-6da4a7a724b4, namespace=urn:x-cast:com.google.cast.broadcast
I/cast_shell( 1393): [1395:1438:INFO:endpoint_with_namespace_handler.cc(93)] Added a namespace handler: local_id=receiver-c2108e27-6d24-fcb1-47ea-6da4a7a724b4, namespace=urn:x-cast:com.google.cast.proximity
E/LIBREWifiController( 1395): WifiControllerDummy::Initialize
E/LIBREWifiController( 1395): Start Wifi Event Thread
I/cast_shell( 1393): [1395:1395:INFO:setup_manager_impl.cc(408)] opt-in.hdmi-prefer-50hz: 0
I/cast_shell( 1393): [1395:1438:INFO:endpoint_with_namespace_handler.cc(93)] Added a namespace handler: local_id=receiver-c2108e27-6d24-fcb1-47ea-6da4a7a724b4, namespace=urn:x-cast:com.google.cast.resource
I/cast_shell( 1393): [1395:1395:INFO:setup_manager_impl.cc(411)] opt-in.hdmi-prefer-high-fps: 1
I/cast_shell( 1393): [1395:1395:INFO:setup_manager_impl.cc(413)] opt-in.location: 0
I/cast_shell( 1393): [1395:1395:INFO:setup_manager_impl.cc(415)] opt-in.opencast: 0
I/cast_shell( 1393): [1395:1395:INFO:setup_manager_impl.cc(417)] opt-in.preview-channel: 0
I/cast_shell( 1393): [1395:1395:INFO:setup_manager_impl.cc(419)] opt-in.remote-ducking: 1
I/cast_shell( 1393): [1395:1395:INFO:setup_manager_impl.cc(422)] opt-in.show-debug-overlay: 0
I/cast_shell( 1393): [1395:1395:INFO:setup_manager_impl.cc(424)] opt-in.stats: 1
I/cast_shell( 1393): [1395:1395:INFO:setup_manager_impl.cc(425)] tos-accepted: 0
I/cast_shell( 1393): [1395:1395:INFO:setup_manager_impl.cc(427)] audio.digital: 0
I/cast_shell( 1393): [1395:1395:INFO:setup_manager_impl.cc(429)] 4k-blocked: 0
I/cast_shell( 1393): [1395:1395:INFO:setup_manager_impl.cc(443)] release channel: beta-channel
I/cast_shell( 1393): [1395:1395:INFO:locale_manager.cc(262)] No timezone yet.
I/cast_shell( 1393): [1395:1395:INFO:locale_manager.cc(292)] Current time format: 12-hour
E/LIBREWifiController( 1395): WifiControllerDummy::AddEventListener
E/LIBRECastSysInfo( 1395): CastSysInfoDummy::FactoryCountry read from env 00
E/LIBRECastSysInfo( 1395): CastSysInfoDummy::GetFactoryLocale = en-00
E/LIBREWifiController( 1395): WifiControllerDummy::GetConfiguredNetworks
E/GenericAPI( 1395): 
E/GenericAPI( 1395):   wifiapi_wpa_cli_open_connection socket_opened  0
I/cast_shell( 1393): [1395:1395:INFO:locale_manager.cc(305)] No locale. Set default from factory: en-00
E/WifiHW  ( 1395): ARK:- wifi_connect_on_socket_path SUCCESS
E/GenericAPI( 1395): 
E/GenericAPI( 1395):  ************wifi_connect_on_socket_generic***************  1
I/cast_shell( 1393): [1395:1395:INFO:locale_manager_factory_default.cc(102)] PAK Resource loaded: en-US
I/cast_shell( 1393): [1395:1395:INFO:locale_manager_factory_default.cc(105)] Acutal device locale: en-US
E/LIBRECastSysInfo( 1395): CastSysInfoDummy::FactoryCountry 00
E/LIBRECastSysInfo( 1395): CastSysInfoDummy::FactoryCountry 00
E/LibreBleController( 1395): 
E/LibreBleController( 1395): Libre:BluetoothDummy 
I/cast_shell( 1393): [1395:1439:INFO:setup_manager_impl.cc(907)] Register internal API: eureka_info
I/cast_shell( 1393): [1395:1395:INFO:locale_manager.cc(334)] Use factory country code: 00
I/cast_shell( 1393): [1395:1395:INFO:locale_manager.cc(568)] New country code: 00
I/cast_shell( 1393): [1395:1439:INFO:setup_manager_impl.cc(907)] Register internal API: get_app_device_id
I/cast_shell( 1393): [1395:1439:INFO:setup_manager_impl.cc(907)] Register internal API: accept_tos
I/cast_shell( 1393): [1395:1439:INFO:setup_manager_impl.cc(907)] Register internal API: configured_networks
I/cast_shell( 1393): [1395:1439:INFO:setup_manager_impl.cc(907)] Register internal API: connect_wifi
I/cast_shell( 1393): [1395:1439:INFO:setup_manager_impl.cc(907)] Register internal API: forget_wifi
I/cast_shell( 1393): [1395:1395:INFO:setup_manager_impl.cc(482)] Initial activation date cached value: 
I/cast_shell( 1393): [1395:1395:INFO:multizone_manager.cc(488)] Using SSL for control data
I/cast_shell( 1393): [1395:1439:INFO:setup_manager_impl.cc(907)] Register internal API: offer
I/cast_shell( 1393): [1395:1439:INFO:setup_manager_impl.cc(907)] Register internal API: play_sound
I/cast_shell( 1393): [1395:1439:INFO:setup_manager_impl.cc(907)] Register internal API: resume_cast
I/cast_shell( 1393): [1395:1439:INFO:setup_manager_impl.cc(907)] Register internal API: save_wifi
I/cast_shell( 1393): [1395:1439:INFO:setup_manager_impl.cc(907)] Register internal API: scan_results
I/cast_shell( 1393): [1395:1439:INFO:setup_manager_impl.cc(907)] Register internal API: scan_wifi
I/cast_shell( 1393): [1395:1395:INFO:mdns_util.cc(116)] Defaulting mDNS capabilities for audio-only build
I/cast_shell( 1393): [1395:1439:INFO:setup_manager_impl.cc(907)] Register internal API: send_log_report
I/cast_shell( 1393): [1395:1439:INFO:setup_manager_impl.cc(907)] Register internal API: set_eureka_info
I/cast_shell( 1393): [1395:1395:INFO:setup_manager_impl.cc(920)] Register external API: reboot
I/cast_shell( 1393): [1395:1439:INFO:setup_manager_impl.cc(907)] Register internal API: start_nat
I/cast_shell( 1393): [1395:1395:INFO:daily_reboot.cc(90)] Daily reboot is disabled
I/cast_shell( 1393): [1395:1439:INFO:setup_manager_impl.cc(907)] Register internal API: supported_timezones
I/cast_shell( 1393): [1395:1395:WARNING:cast_crypto_keys_openssl_shlib.cc(69)] No valid ESN read.
I/cast_shell( 1393): [1395:1439:INFO:setup_manager_impl.cc(907)] Register internal API: supported_locales
I/cast_shell( 1393): [1395:1395:WARNING:cast_crypto_keys_openssl_shlib.cc(82)] Invalid or no DKE value read.
I/cast_shell( 1393): [1395:1439:INFO:setup_manager_impl.cc(907)] Register internal API: suspend_cast
I/cast_shell( 1393): [1395:1395:WARNING:cast_crypto_keys_openssl_shlib.cc(94)] Invalid or no DKH value read.
I/cast_shell( 1393): [1395:1395:WARNING:cast_crypto_keys_openssl_shlib.cc(150)] Invalid or no DKW value read/computed.
I/cast_shell( 1393): [1395:1395:INFO:setup_manager_impl.cc(920)] Register external API: profile_processor/set_profile_processor
I/cast_shell( 1393): [1395:1395:INFO:profile_processor_manager.cc(135)] Updating post processor dolby with config: off
I/cast_shell( 1393): [1395:1438:INFO:endpoint_with_namespace_handler.cc(93)] Added a namespace handler: local_id=receiver-c2108e27-6d24-fcb1-47ea-6da4a7a724b4, namespace=urn:x-cast:com.google.cast.audio.input
E/LibreBleController( 1395): BT Cast setup is true
E/LibreBleController( 1395): CastSetup is enabled
E/LibreBleController( 1395): Libre:ClientSocket
E/LibreBleController( 1395): Start On char receive
E/LibreBleController( 1395): 
E/LibreBleController( 1395): Libre:Initialize
E/BT_SYSTEM_CONTROL( 1060): Client Connected 12
I/cast_shell( 1393): [1395:1441:INFO:multizone_media_manager.cc(190)] SetVolume to 0.8
I/cast_shell( 1393): [1395:1436:INFO:mdns_manager_impl.cc(444)] Registering new service PTR listener: _googlezone._tcp.local
I/cast_shell( 1393): [1395:1438:INFO:endpoint_with_namespace_handler.cc(93)] Added a namespace handler: local_id=receiver-c2108e27-6d24-fcb1-47ea-6da4a7a724b4, namespace=urn:x-cast:com.google.cast.multizone
I/cast_shell( 1393): [1395:1441:INFO:setup_manager_impl.cc(920)] Register external API: multizone/aux_in
I/cast_shell( 1393): [1395:1441:INFO:setup_manager_impl.cc(920)] Register external API: multizone/disband_group
I/cast_shell( 1393): [1395:1441:INFO:setup_manager_impl.cc(920)] Register external API: multizone/join_group
I/cast_shell( 1393): [1395:1441:INFO:setup_manager_impl.cc(920)] Register external API: multizone/leave_group
I/cast_shell( 1393): [1395:1441:INFO:setup_manager_impl.cc(920)] Register external API: multizone/set_audio_output_delay
E/LibreBleController( 1395): BluetoothDummy::threadLoop
I/cast_shell( 1393): [1395:1439:INFO:setup_manager_impl.cc(907)] Register internal API: test_internet_download_speed
E/BT_SYSTEM_CONTROL( 1060): BleInitialize
I/bt_bluedroid( 1060): get_profile_interface gatt
E/BT_SYSTEM_CONTROL( 1060): pBtSystemControl =0xb3f011e0 1060 1075
E/BT_SYSTEM_CONTROL( 1060): GATT client is registered successfully
E/BT_SYSTEM_CONTROL( 1060): GATT Server is registered successfully
E/bt_att  ( 1060): application already registered.
E/bt_btif ( 1060): Register with GATT stack failed.
E/bt_att  ( 1060): application already registered.
E/bt_btif ( 1060): Register with GATT stack failed.
E/bt_att  ( 1060): application already registered.
E/bt_btif ( 1060): Register with GATT stack failed.
E/bt_att  ( 1060): application already registered.
E/bt_btif ( 1060): Register with GATT stack failed.
E/bt_att  ( 1060): application already registered.
E/bt_btif ( 1060): Register with GATT stack failed.
E/bt_att  ( 1060): application already registered.
E/bt_btif ( 1060): Register with GATT stack failed.
E/bt_att  ( 1060): application already registered.
E/bt_btif ( 1060): Register with GATT stack failed.
E/bt_att  ( 1060): application already registered.
E/bt_btif ( 1060): Register with GATT stack failed.
E/bt_att  ( 1060): application already registered.
E/bt_btif ( 1060): Register with GATT stack failed.
E/bt_att  ( 1060): application already registered.
E/bt_btif ( 1060): Register with GATT stack failed.
E/bt_att  ( 1060): application already registered.
E/bt_btif ( 1060): Register with GATT stack failed.
E/bt_att  ( 1060): application already registered.
E/bt_btif ( 1060): Register with GATT stack failed.
E/bt_att  ( 1060): application already registered.
E/bt_btif ( 1060): Register with GATT stack failed.
E/bt_att  ( 1060): application already registered.
E/bt_btif ( 1060): Register with GATT stack failed.
E/bt_att  ( 1060): application already registered.
E/bt_btif ( 1060): Register with GATT stack failed.
E/bt_att  ( 1060): application already registered.
I/cast_shell( 1393): [1395:1439:INFO:setup_manager_impl.cc(907)] Register internal API: test_udp_throughput
E/bt_btif ( 1060): Register with GATT stack failed.
E/bt_att  ( 1060): application already registered.
E/bt_btif ( 1060): Register with GATT stack failed.
E/bt_att  ( 1060): application already registered.
E/bt_btif ( 1060): Register with GATT stack failed.
E/bt_att  ( 1060): application already registered.
E/bt_btif ( 1060): Register with GATT stack failed.
E/bt_att  ( 1060): application already registered.
E/bt_btif ( 1060): Register with GATT stack failed.
E/bt_att  ( 1060): application already registered.
E/bt_btif ( 1060): Register with GATT stack failed.
E/bt_att  ( 1060): application already registered.
E/bt_btif ( 1060): Register with GATT stack failed.
E/bt_att  ( 1060): application already registered.
E/bt_btif ( 1060): Register with GATT stack failed.
E/bt_att  ( 1060): application already registered.
E/bt_btif ( 1060): Register with GATT stack failed.
E/bt_att  ( 1060): application already registered.
E/LIBREWifiController( 1395): ######## SetCountryCode  = 00 ############ 
E/bt_btif ( 1060): Register with GATT stack failed.
E/bt_att  ( 1060): application already registered.
E/GenericAPI( 1395): Does not  Map country code set to 00
E/bt_btif ( 1060): Register with GATT stack failed.
E/bt_att  ( 1060): application already registered.
E/GenericAPI( 1395): Set Country SET country 00 
E/bt_btif ( 1060): Register with GATT stack failed.
E/bt_att  ( 1060): application already registered.
E/bt_btif ( 1060): Register with GATT stack failed.
E/bt_att  ( 1060): application already registered.
E/bt_btif ( 1060): Register with GATT stack failed.
E/bt_att  ( 1060): application already registered.
E/bt_btif ( 1060): Register with GATT stack failed.
E/bt_btif ( 1060): application already registered.
E/BT_SYSTEM_CONTROL( 1060): register_client_cb 0
E/BT_SYSTEM_CONTROL( 1060): register_client_cb is called
E/BT_SYSTEM_CONTROL( 1060): set_adv_data cli_if = 0
E/bt_btif_gatt( 1060): bta_to_btif_uuid: Unknown UUID length 30008!
E/BT_SYSTEM_CONTROL( 1060): register_server_cb status 144 server_if 2
E/LIBREWifiController( 1395): WifiControllerDummy::GetCurrentStatus
E/LIBREWifiController( 1395): WifiControllerDummy::AddEventListener
I/cast_shell( 1393): [1395:1439:INFO:wifi_proximity.cc(176)] Request scan.
I/cast_shell( 1393): <<<<< CPU-1 OSAL Init
I/cast_shell( 1393): [1395:1439:INFO:setup_manager_impl.cc(920)] Register external API: input/status
I/cast_shell( 1393): MV_Time_Init OK.
I/cast_shell( 1393): [1395:1439:INFO:setup_manager_impl.cc(920)] Register external API: input/set_active
I/cast_shell( 1393): [   51.788] [35;1mAmp1@@[/home/ysoni/hendrix/MRVL/ampsdk/amp/src/libs/common/amp_logger_isr.c:AMP_CreateISRLogger():132]:[0mcreate isr logger enter
I/cast_shell( 1393): [   51.788] [35;1mAmp1@@[/home/ysoni/hendrix/MRVL/ampsdk/amp/src/libs/common/amp_logger_isr.c:AMP_CreateISRLogger():170]:[0mcreate isr logger done
I/cast_shell( 1393): [   51.789] [35;1mAmp1@@[MODULE_EVENT:AMP_Event_CreateListener():374]:[0m AmpListener event client listener
I/cast_shell( 1393): [   51.790] [35;1mAmp1@@[MODULE_EVENT:AMP_Event_CreateListener():428]:[0m AmpListener new listener:0xb7d23000 (8000002b 8000002c b7d2302c)
I/cast_shell( 1393): [1395:1435:INFO:cast_auth_api_adaptor.cc(57)] CastAuth: common module initialization successful.
I/cast_shell( 1393): [1395:1435:WARNING:cast_auth_api_adaptor.cc(64)] CastAuth: model-based module not available.
E/        ( 1395): Libre:bluetooth_v2_dummy - Server::IsSupported
E/LibreBleController( 1395): Libre:IsSupported
E/        ( 1395): Libre:bluetooth_v2_dummy - LeAdvertiser::IsSupported
E/LibreBleController( 1395): Libre:IsSupported
E/LibreBleController( 1395): Libre:SetGattClientDelegate 
