E/YANI_KERNEL( 1029): After Netlink 0
E/YANI_KERNEL( 1029): GOT NetLink
E/YANI_KERNEL( 1029):  Interface Index  wlan0:4 eth0:0 p2p0:6
E/YANI_KERNEL( 1029):  Netlink event :16
E/YANI_KERNEL( 1029): Event for device index :6
E/YANI_KERNEL( 1029): Event Received fron Netlink Event:-1 iface:6 link:0
E/YANI_KERNEL( 1029): After Netlink 0
E/WAC_SERVER( 1060): PlatformSoftwareAccessPointStop END 
E/WAC_SERVER( 1060): _HandleState_WaitingForAuthSetupMessage After Sem wait for /auth message 
E/WAC_SERVER( 1060): _HandleState_WaitingForAuthSetupMessage Error 0
E/WAC_SERVER( 1060):  THREAD STOP WAC_BONJOUR2  
E/WAC_SERVER( 1060): Waiting for http server listener thread to join
E/WAC_SERVER( 1060):   kPipeReadFD server->threadCommandPipe 1
E/WAC_SERVER( 1060): HTTP Listener EXIT
E/WAC_SERVER( 1060): _HandleHTTPServerCallback Before Post Signal the HTTP stopped semaphore for processing
E/WAC_SERVER( 1060): _HandleHTTPServerCallback After Post Signal the HTTP stopped semaphore for processing
E/WAC_SERVER( 1060): ERROR closing connected socket
E/WAC_SERVER( 1060): HTTP server "WACPreConfigListener":0 listener thread stopped
E/WAC_SERVER( 1060):  _HandleState_Complete PlatformMFiAuthFinalize 
E/WAC_SERVER( 1060): CALLBACK WAC PLATFORM
E/MB_HANDLER( 1060): ***** WACAlerts *****5 
I/LUCITransportService( 1030): writeRemoteMessage() MID = 143 buffer = 5
I/LUCI-UART( 1030): UART write() SUCCESS MID = 143 data = 5 bytesWritten = 11 m_fd = 0xb
E/WAC_SERVER( 1060): Accessory Configuration Complete!!!
E/WAC_SERVER( 1060): WAC Clean up start 0  
E/WAC_SERVER( 1060): WAC Clean up done 
E/MB_HANDLER( 1060): ***** WACAlerts *****10 
E/WAC_SERVER( 1060):  _HandleState_Complete Error: -6762 
E/WAC_SERVER( 1060): #####WAC Stop wac_bonjourthread ####
E/WAC_SERVER( 1060): #####WAC Stop serverEngineThread ####
E/MB_HANDLER( 1060):  Silently Wait for next request   
E/MB_HANDLER( 1060):  ############WAC RequsetForExit true##################   
E/MB_HANDLER( 1060): Messagebox_handler::YaniAlert IFACE=1 STATUS = 1 
E/MB_HANDLER( 1060): Yani alert to host 1#1,1#2,0#3,0#4,0
E/MB_HANDLER( 1060): Yani alert to host 1#1,1#2,0#3,0#4,0
I/LUCITransportService( 1030): writeRemoteMessage() MID = 124 buffer = 1#1,1#2,0#3,0#4,0
I/LUCI-UART( 1030): UART write() SUCCESS MID = 124 data = 1#1,1#2,0#3,0#4,0 bytesWritten = 27 m_fd = 0xb
E/MB_HANDLER( 1060): Messagebox_handler::Start with trigger DDMS
E/MB_HANDLER( 1060): Messagebox_handler::Done with trigger DDMS
E/MB_HANDLER( 1060): Messagebox_handler:: Finish work with YaniAlert 
E/MB_HANDLER( 1060):  --- YaniHandler Thread Thread wait over....
E/MB_HANDLER( 1060): Messagebox_handler::YaniAlert IFACE=4 STATUS = 0 
E/MB_HANDLER( 1060): Yani alert to host 1#1,1#2,0#3,0#4,0
E/MB_HANDLER( 1060): Yani alert to host 1#1,1#2,0#3,0#4,0
I/LUCITransportService( 1030): writeRemoteMessage() MID = 124 buffer = 1#1,1#2,0#3,0#4,0
I/LUCI-UART( 1030): UART write() SUCCESS MID = 124 data = 1#1,1#2,0#3,0#4,0 bytesWritten = 27 m_fd = 0xb
E/MB_HANDLER( 1060): Messagebox_handler::Start with trigger DDMS
E/MB_HANDLER( 1060): DDMSHandler: WLAN0 1 P2P0 0 p2p1 0
E/MB_HANDLER( 1060): DDMSHandler Trigger
E/MB_HANDLER( 1060): Trigger_p2p_device : Start p2pState = GO bConcurrent = 1
E/MB_HANDLER( 1060): p2pState = GO 
E/SourceSwitchClient( 1060): getting SourceSwitch service
E/SourceSwitchClient( 1060): address mSrcSwitch -0xb40128b0
E/MB_HANDLER( 1060): SetMaster p2pState = GO 
E/MB_HANDLER( 1060): wlanstat = 1 
E/MB_HANDLER( 1060): macaddress of master : C50170
I/LUCITransportService( 1030): writeRemoteMessage() MID = 105 buffer = LibreSyncC50170HN
I/LUCI-UART( 1030): UART write() SUCCESS MID = 105 data = LibreSyncC50170HN bytesWritten = 27 m_fd = 0xb
E/MB_HANDLER( 1060): Got new SSID : LibreSyncC50170HN
E/MB_HANDLER( 1060):  Calling stop group ddmsssid = LibreSyncC50170HN
E/FW-ENV  ( 1026): ENV : Already set.Value is the same,return
I/hostapd ( 1471): p2p0: interface state ENABLED->DISABLED
E/MB_HANDLER( 1060): GetMacIPAddr ifname : wlan0
I/LUCITransportService( 1030): readRemoteMessage() MID = 104 buffer = 239.255.255.251:3000
E/LUCI_SERVER( 1030): mramode : 1
I/LUCI-UART( 1030): UART write() SUCCESS MID = 103 data = FREE,STEREO,LibreSyncC50170HN bytesWritten = 39 m_fd = 0xb
E/LUCI_SERVER( 1030): LucicontrolServer::DDMS_Status_UpdateHost update done - FREE,STEREO,LibreSyncC50170HN
E/AuxAudioControl( 1060): DDMSStateHandler() IsAuxSource - 'FALSE' event - 'SETMASTER' Player - 'None'
E/MB_HANDLER( 1060): Messagebox_handler::Done with trigger DDMS
E/MB_HANDLER( 1060): Messagebox_handler:: Finish work with YaniAlert 
E/MB_HANDLER( 1060):  --- YaniHandler Thread waiting for messages....
E/MB_HANDLER( 1060): DDMSHandler: WLAN0 1 P2P0 0 p2p1 0
I/mdns    ( 1016): mDNS Response sent for 61 seconds = 2
I/LUCI-UART( 1030): RemoteID = 43690 CommandType = 2 Command = 208 CommandStatus = 0 DataLen = 9
W/LUCI-UART( 1030): ReadAvailableBytes(28) given more than PacketDataLength(9)
I/LUCI-UART( 1030): RemoteID = 43690 CommandType = 2 Command = 208 CommandStatus = 0 DataLen = 9
E/LUCI_SERVER( 1030): Luci Server Thread wait over MID 208....
E/LUCI_SERVER( 1030): Got NV name : ssid
I/LUCI-UART( 1030): UART write() SUCCESS MID = 208 data = ssid:RD4 bytesWritten = 18 m_fd = 0xb
E/LUCI_SERVER( 1030): SET_VALUE_TO_NV_READ = ssid:RD4
E/LUCI_SERVER( 1030): Luci Server Thread wait over MID 208....
E/LUCI_SERVER( 1030): Got NV name : ssid
I/LUCI-UART( 1030): UART write() SUCCESS MID = 208 data = ssid:RD4 bytesWritten = 18 m_fd = 0xb
E/LUCI_SERVER( 1030): SET_VALUE_TO_NV_READ = ssid:RD4
E/LUCI_SERVER( 1030): Luci Server Thread waiting for packets....
E/LSDC    ( 1059): 3 vector size is 3 
I/cast_shell( 1393): [1395:1436:INFO:mdns_app_filter.cc(1158)] MdnsAppFilter: Done probing.
E/LIBRE MANAGER( 1109): MLibreCrazyManger::initlibremodules
E/LIBRE MANAGER( 1109): MOdule Name : airplay 
E/AIRPLAY ( 1109): BONJOUR START!!!
E/LIBRE MANAGER( 1109): MOdule Name : dmr 
E/LIBRE MANAGER( 1109): LibreDmr process starting
E/FW-ENV  ( 1026): ENV : Already set.Value is the same,return
E/Airplay ( 1109): 1970-01-01 08:03:19.042314 AM [AirPlay] AirPlayStartMain startedghÄ¶|ðÝ¶
E/Airplay ( 1109): 1970-01-01 08:03:19.042697 AM [AirPlay] AirPlayStartMain stopped ô±xí²Èô± ù±Èô±
E/Airplay ( 1109): 1970-01-01 08:03:19.043114 AM [AirPlay] AirplayFirstPlay_th started
E/Airplay ( 1109): 1970-01-01 08:03:19.043625 AM [AirPlay] ### AirPlay Audio Receiver POSIX Release Version: 211.1.p8
E/        ( 1109): APSMFiPlatform_CopyCertificate
E/Test    ( 1109): MFi auth copy certificate
E/Test    ( 1109): Open
E/Test    ( 1109): A
E/Test    ( 1109): ### MFi auth set register 0x30 failed (try 1): 121
E/Test    ( 1109): WRITE register SUCCESS 0x30 (try 2): 0
E/Test    ( 1109): ### MFi auth read register 0x30, 2 bytes failed (try 1): 121 
E/LIBRE MANAGER( 1109): MOdule Name : spotify 
E/LIBRE MANAGER( 1109): 
E/LIBRE MANAGER( 1109): SPOTIFY INIT.
E/FW-ENV  ( 1026): ENV : Already set.Value is the same,return
E/LIBRE MANAGER( 1109): Product support CAST  
E/Test Mani( 1109): READ register SUCCESS 0x30 (try 2): 0 n : 2
E/Test    ( 1109): SUCCESS 0x30
E/Test    ( 1109): WRITE register SUCCESS 0x31 (try 1): 0
E/Test    ( 1109): ### MFi auth read register 0x31, 908 bytes failed (try 1): 121 
E/LIBRE MANAGER( 1109): MOdule Name : sddp 
E/LIBRE MANAGER( 1109): MOdule Name : Bonjour 
E/LIBRE MANAGER( 1109): 
E/LIBRE MANAGER( 1109): BonjourModuleInit 
E/BONJOUR ( 1109): 
E/BONJOUR ( 1109): OsSetupZeroconf
E/GenericAPI( 1109): wifiapiActive Interface is Wlan0
E/BONJOUR ( 1109): FriendlyName = Lyric Speaker C50170
E/BONJOUR ( 1109): 
E/        ( 1109): 
E/        ( 1109): 
E/        ( 1109): Bonjour deviceName = Lyric Speaker C50170  
E/        ( 1109): 
E/        ( 1109): 
E/LIBRE MANAGER( 1109): Libre Manager not having any mood swings....
E/LSDC    ( 1059): LSComService::addDevice mac e56ccd already in list...
E/LSDC    ( 1059): LSComService::addDevice mac e125e4 already in list...
E/LSDC    ( 1059): LSComService::addDevice mac 0e9617 already in list...
E/QPLAY   ( 1666): QPLAYSERVICE Constructor
E/DMR     ( 1666): ---- IN DMR eventLooper constructor-------
E/DMR     ( 1666): @@@@@@@DMRinit()====
E/DMR     ( 1666): ----- failed to read description file from lsync location ----
E/DMR     ( 1666): Load Description file for Cast build
E/DMR     ( 1666): getDeviceMacAddress ifname : wlan0
E/Test    ( 1666): ====@DMR wlan0 is active@====
E/DMR     ( 1666): ---->DeviceName:= Lyric Speaker C50170
E/Test Mani( 1109): READ register SUCCESS 0x31 (try 2): 0 n : 908
E/Test    ( 1109): 0x31 SUCCESS
E/Airplay ( 1109): 1970-01-01 08:03:19.149474 AM [AirPlay] AirPlayReceiverServerControl 'startServer'
E/Airplay ( 1109): 1970-01-01 08:03:19.150347 AM [AirPlay] Name changed '' -> 'Lyric Speaker C50170'
E/SPOTIFY ( 1668): Spotify start tid = 1674 
E/Airplay ( 1109): 1970-01-01 08:03:19.150912 AM [AirPlay] *****Password*****''
E/Airplay ( 1109): 1970-01-01 08:03:19.152115 AM [AirPlay] Registering Bonjour _airplay._tcp. port 5000
E/Airplay ( 1109): 1970-01-01 08:03:19.153014 AM [AirPlay] Registering Bonjour D8F710C50170@Lyric Speaker C50170._raop._tcp. port 5000
E/Airplay ( 1109): ®ÀÀ´i
E/Airplay ( 1109): 1970-01-01 08:03:19.153095 AM [AirPlay] AirPlay servers started
E/Airplay ( 1109): 0ì²øÀ´ðì²Èì²8í²hÀ´
I/cast_shell( 1393): [1395:1412:ERROR:cert_verify_proc_nss.cc(921)] CERT_PKIXVerifyCert for connectivitycheck.gstatic.com failed err=-8181
I/cast_shell( 1393): [1395:1424:ERROR:connectivity_checker_impl.cc(227)] OnSSLCertificateError: cert_status=2
E/        ( 1666): cg_upnp_device_stop : exit 
I/mdns    ( 1016): mDNS_Execute: mDNSPlatformRawTime went backwards by 1366612940 ticks; setting correction factor to -1752442589
E/MB_HANDLER( 1060): Messagebox_handler::DDMSHandler Trigger after setup
E/MB_HANDLER( 1060): Trigger_p2p_device : Start p2pState = GO bConcurrent = 1
E/MB_HANDLER( 1060): p2pState = GO 
E/MB_HANDLER( 1060): SetMaster p2pState = GO 
E/MB_HANDLER( 1060): wlanstat = 1 
E/MB_HANDLER( 1060): macaddress of master : C50170
I/LUCITransportService( 1030): writeRemoteMessage() MID = 105 buffer = LibreSyncC50170HN
I/LUCI-UART( 1030): UART write() SUCCESS MID = 105 data = LibreSyncC50170HN bytesWritten = 27 m_fd = 0xb
E/MB_HANDLER( 1060): Got new SSID : LibreSyncC50170HN
E/MB_HANDLER( 1060):  Calling stop group ddmsssid = LibreSyncC50170HN
E/FW-ENV  ( 1026): ENV : Already set.Value is the same,return
E/FW-ENV  ( 1026): ENV : Already set.Value is the same,return
E/MB_HANDLER( 1060): GetMacIPAddr ifname : wlan0
I/LUCITransportService( 1030): readRemoteMessage() MID = 104 buffer = 239.255.255.251:3000
E/LUCI_SERVER( 1030): mramode : 1
I/LUCI-UART( 1030): UART write() SUCCESS MID = 103 data = FREE,STEREO,LibreSyncC50170HN bytesWritten = 39 m_fd = 0xb
E/LUCI_SERVER( 1030): LucicontrolServer::DDMS_Status_UpdateHost update done - FREE,STEREO,LibreSyncC50170HN
E/AuxAudioControl( 1060): DDMSStateHandler() IsAuxSource - 'FALSE' event - 'SETMASTER' Player - 'None'
E/SPOTIFY ( 1668): Spotify initSpotifyLibrary 
E/SPOTIFY ( 1668): getmacaddrinterface Test 
E/SPOTIFY ( 1668): INSIDE INTERFACE 1
E/SPOTIFY ( 1668): INSIDE INTERFACE 1
E/SPOTIFY ( 1668): INSIDE WLAN0
E/SPOTIFY ( 1668): wlan0 is active
E/SPOTIFY ( 1668): Spotify init config 
E/SPOTIFY ( 1668): Spotify single Sp client key 
E/SPOTIFY ( 1668): Spotify macid = D8F710C50170 macid = 19 
E/SPOTIFY ( 1668): Spotify Unique Device ID = D8F710C50170
E/SPOTIFY ( 1668): Spotify FriendlyName = Lyric Speaker C50170
E/SPOTIFY ( 1668): Spotify Device Name = Lyric Speaker C50170
E/SPOTIFY ( 1668): Spotify Model Truncated = LS2
E/SPOTIFY ( 1668): Spotify Manufacturer = SIX
E/SPOTIFY ( 1668): Spotify startSpotifyLogin 
E/SPOTIFY ( 1668): Spotify Username = 
E/SPOTIFY ( 1668): Spotify first start 
E/YANI_SERVICE( 1029): @@@@@@@ YaniService registerListener
E/SPOTIFY ( 1668): Spotify application main while loop 
E/SPOTIFY ( 1668): audio_thread_main : wait for  isActiveSource and isPlayingSource
E/LSDC    ( 1059): LSComService::addDevice mac e56ccd already in list...
E/LSDC    ( 1059): 3 vector size is 4 
E/LSDC    ( 1059): LSComService::addDevice mac e125e4 already in list...
E/LSDC    ( 1059): LSComService::addDevice mac 0e9617 already in list...
E/LIBREWifiController( 1395): WifiControllerDummy::GetCurrentStatus
I/cast_shell( 1393): [1395:1439:INFO:local_network_info_impl.cc(462)] LNID_W changed:
E/LIBREWifiController( 1395): WifiControllerDummy::GetCurrentStatus
I/cast_shell( 1393): [1395:1420:INFO:local_network_info_impl.cc(321)] Associating network GUID with current LNID
I/cast_shell( 1393): [1395:1420:INFO:local_network_info_impl.cc(357)] LNID changed:
I/cast_shell( 1393): [1395:1395:INFO:ccs_manager_impl.cc(1097)] LNID has changed; Will re-register CCS
I/cast_shell( 1393): [1395:1441:INFO:multizone_manager.cc(1347)] Updated leader quality: 13762614
E/LIBREWifiController( 1395): WifiControllerDummy::GetCurrentStatus
E/LIBREWifiController( 1395): WifiControllerDummy::GetConfiguredNetworks
E/LIBREWifiController( 1395): WifiControllerDummy::GetCurrentStatus
I/cast_shell( 1393): [1395:1439:INFO:setup_state.cc(429)] EurekaInfoCalled: wifi_state=10, has_ip_address=true, connected=0, is_initial_setup=0
E/LIBREWifiController( 1395): WifiControllerDummy::GetConfiguredNetworks
E/LIBRECastSysInfo( 1395): CastSysInfoDummy::FactoryCountry 00
E/LIBRECastSysInfo( 1395): CastSysInfoDummy::GetDeviceModel LS2
E/LIBRECastSysInfo( 1395): CastSysInfoDummy::GetProductName LS9 Platform
E/LIBRECastSysInfo( 1395): CastSysInfoDummy::GetManufacturer LibreSync
E/LIBREWifiController( 1395): WifiControllerDummy::IsSupported 1
E/LIBRECastSysInfo( 1395): CastSysInfoDummy::FactoryCountry 00
E/        ( 1395): Libre:bluetooth_v2_dummy - Server::IsSupported
E/LibreBleController( 1395): Libre:IsSupported
E/        ( 1395): Libre:bluetooth_v2_dummy - LeAdvertiser::IsSupported
E/LibreBleController( 1395): Libre:IsSupported
E/LIBREWifiController( 1395): WifiControllerDummy::IsSupported 1
E/        ( 1395): Libre:bluetooth_v2_dummy - Server::IsSupported
E/LibreBleController( 1395): Libre:IsSupported
E/        ( 1395): Libre:bluetooth_v2_dummy - LeAdvertiser::IsSupported
E/LibreBleController( 1395): Libre:IsSupported
E/LIBRECastSysInfo( 1395): property_get ro.product.release.track beta-channel
E/LIBRECastSysInfo( 1395): CastSysInfoDummy::GetProductName LS9 Platform
E/LIBRECastSysInfo( 1395): CastSysInfoDummy::FactoryCountry 00
E/LIBRECastSysInfo( 1395): CastSysInfoDummy::GetDeviceModel LS2
E/LIBRECastSysInfo( 1395): CastSysInfoDummy::GetProductName LS9 Platform
E/LIBRECastSysInfo( 1395): CastSysInfoDummy::GetManufacturer LibreSync
E/LIBREWifiController( 1395): WifiControllerDummy::IsSupported 1
E/LIBRECastSysInfo( 1395): CastSysInfoDummy::FactoryCountry 00
E/        ( 1395): Libre:bluetooth_v2_dummy - Server::IsSupported
E/LibreBleController( 1395): Libre:IsSupported
E/        ( 1395): Libre:bluetooth_v2_dummy - LeAdvertiser::IsSupported
E/LibreBleController( 1395): Libre:IsSupported
E/LIBREWifiController( 1395): WifiControllerDummy::IsSupported 1
E/        ( 1395): Libre:bluetooth_v2_dummy - Server::IsSupported
E/LibreBleController( 1395): Libre:IsSupported
E/        ( 1395): Libre:bluetooth_v2_dummy - LeAdvertiser::IsSupported
E/LibreBleController( 1395): Libre:IsSupported
E/LIBRECastSysInfo( 1395): property_get ro.product.release.track beta-channel
E/LIBRECastSysInfo( 1395): CastSysInfoDummy::GetProductName LS9 Platform
I/cast_shell( 1393): [1395:1439:INFO:setup_state.cc(429)] EurekaInfoCalled: wifi_state=10, has_ip_address=true, connected=0, is_initial_setup=0
E/LIBREWifiController( 1395): WifiControllerDummy::GetCurrentStatus
I/cast_shell( 1393): [1395:1424:INFO:connectivity_checker_impl.cc(113)] Global connection is: Up
I/cast_shell( 1393): [1395:1420:INFO:update_engine_client_with_system_updater.cc(212)] Network first connected, check system force update
I/cast_shell( 1393): [1395:1439:WARNING:setup_manager_impl.cc(779)] NAT not supported, no captive portal support.
E/LIBREWifiController( 1395): WifiControllerDummy::GetConfiguredNetworks
E/LIBREWifiController( 1395): WifiControllerDummy::GetCurrentStatus
I/cast_shell( 1393): [1395:1439:INFO:setup_state.cc(429)] EurekaInfoCalled: wifi_state=10, has_ip_address=true, connected=1, is_initial_setup=0
I/cast_shell( 1393): [1395:1439:INFO:setup_state.cc(212)] Setup state changed: SETUP_STATE_CHECKING_GLOBAL_CONNECTIVITY_BAD_ROUTER (52) -> SETUP_STATE_CONNECTED_TOS_NOT_ACCEPTED (63)
E/LIBRECastSysUpdater( 1395):  TriggerInternetUpgrade  
E/LIBRECastSysUpdater( 1395): Firmware update link = http://api.lyric-speaker.com/api/v2/get_latest_ls9?ls_code=D8F710C50170&country=00
E/LIBRECastSysUpdater( 1395): setfirmwareversion()
E/LIBRECastSysUpdater( 1395): 
E/LIBRECastSysUpdater( 1395): Version is 2297
E/LIBRECastSysUpdater( 1395): 
E/LIBRECastSysUpdater( 1395):  Version is num_value_writeEnv = p2297
E/LIBRECastSysUpdater( 1395): SystemUpdaterDummy::ResolveDNSFirmware
E/LIBRECastSysUpdater( 1395):  ResolveDNSNameForPlayURL temp = api.lyric-speaker.com/api/v2/get_latest_ls9?ls_code=D8F710C50170&country=00
E/LIBRECastSysUpdater( 1395):  ResolveDNSFirmware temp final = api.lyric-speaker.com
E/LIBREWifiController( 1395): WifiControllerDummy::GetConfiguredNetworks
E/LIBRECastSysInfo( 1395): CastSysInfoDummy::FactoryCountry 00
E/LIBRECastSysInfo( 1395): CastSysInfoDummy::GetDeviceModel LS2
E/LIBRECastSysInfo( 1395): CastSysInfoDummy::GetProductName LS9 Platform
E/LIBRECastSysInfo( 1395): CastSysInfoDummy::GetManufacturer LibreSync
E/LIBREWifiController( 1395): WifiControllerDummy::IsSupported 1
E/LIBRECastSysInfo( 1395): CastSysInfoDummy::FactoryCountry 00
E/        ( 1395): Libre:bluetooth_v2_dummy - Server::IsSupported
E/LibreBleController( 1395): Libre:IsSupported
E/        ( 1395): Libre:bluetooth_v2_dummy - LeAdvertiser::IsSupported
E/LibreBleController( 1395): Libre:IsSupported
E/LIBREWifiController( 1395): WifiControllerDummy::IsSupported 1
E/        ( 1395): Libre:bluetooth_v2_dummy - Server::IsSupported
E/LibreBleController( 1395): Libre:IsSupported
E/        ( 1395): Libre:bluetooth_v2_dummy - LeAdvertiser::IsSupported
E/LibreBleController( 1395): Libre:IsSupported
E/LIBRECastSysInfo( 1395): property_get ro.product.release.track beta-channel
E/LIBRECastSysInfo( 1395): CastSysInfoDummy::GetProductName LS9 Platform
E/LIBREWifiController( 1395): WifiControllerDummy::GetCurrentStatus
E/LIBRECastSysUpdater( 1395):  SystemUpdaterDummy:: isValidIpAddress 
E/LIBREWifiController( 1395): WifiControllerDummy::GetConfiguredNetworks
E/LIBREWifiController( 1395): WifiControllerDummy::GetCurrentStatus
E/LIBREWifiController( 1395): WifiControllerDummy::GetConfiguredNetworks
E/LIBREWifiController( 1395): WifiControllerDummy::GetCurrentStatus
E/LIBREWifiController( 1395): WifiControllerDummy::GetConfiguredNetworks
E/LIBRECastSysInfo( 1395): CastSysInfoDummy::FactoryCountry 00
E/LIBRECastSysInfo( 1395): CastSysInfoDummy::GetDeviceModel LS2
E/LIBRECastSysInfo( 1395): CastSysInfoDummy::GetProductName LS9 Platform
E/LIBRECastSysInfo( 1395): CastSysInfoDummy::GetManufacturer LibreSync
E/LIBREWifiController( 1395): WifiControllerDummy::IsSupported 1
E/LIBRECastSysInfo( 1395): CastSysInfoDummy::FactoryCountry 00
E/        ( 1395): Libre:bluetooth_v2_dummy - Server::IsSupported
E/LibreBleController( 1395): Libre:IsSupported
E/        ( 1395): Libre:bluetooth_v2_dummy - LeAdvertiser::IsSupported
E/LibreBleController( 1395): Libre:IsSupported
E/LIBREWifiController( 1395): WifiControllerDummy::IsSupported 1
E/        ( 1395): Libre:bluetooth_v2_dummy - Server::IsSupported
E/LibreBleController( 1395): Libre:IsSupported
E/        ( 1395): Libre:bluetooth_v2_dummy - LeAdvertiser::IsSupported
E/LibreBleController( 1395): Libre:IsSupported
E/LIBRECastSysInfo( 1395): property_get ro.product.release.track beta-channel
E/LIBRECastSysInfo( 1395): CastSysInfoDummy::GetProductName LS9 Platform
E/LIBRECastSysInfo( 1395): CastSysInfoDummy::FactoryCountry 00
E/LIBRECastSysInfo( 1395): CastSysInfoDummy::GetDeviceModel LS2
E/LIBRECastSysInfo( 1395): CastSysInfoDummy::GetProductName LS9 Platform
E/LIBRECastSysInfo( 1395): CastSysInfoDummy::GetManufacturer LibreSync
E/LIBREWifiController( 1395): WifiControllerDummy::IsSupported 1
E/LIBRECastSysInfo( 1395): CastSysInfoDummy::FactoryCountry 00
E/        ( 1395): Libre:bluetooth_v2_dummy - Server::IsSupported
E/LibreBleController( 1395): Libre:IsSupported
E/        ( 1395): Libre:bluetooth_v2_dummy - LeAdvertiser::IsSupported
E/LibreBleController( 1395): Libre:IsSupported
E/LIBREWifiController( 1395): WifiControllerDummy::IsSupported 1
E/        ( 1395): Libre:bluetooth_v2_dummy - Server::IsSupported
E/LibreBleController( 1395): Libre:IsSupported
E/        ( 1395): Libre:bluetooth_v2_dummy - LeAdvertiser::IsSupported
E/LibreBleController( 1395): Libre:IsSupported
E/LIBRECastSysInfo( 1395): property_get ro.product.release.track beta-channel
E/LIBRECastSysInfo( 1395): CastSysInfoDummy::GetProductName LS9 Platform
E/DMR     ( 1666):  Got the pointer of Mediaplayerservice 
E/DMR     ( 1666): 
E/DMR     ( 1666):  m_MetaDataRetriver is initialized 
E/DMR     ( 1666): threadLoop entry  threadId = b0aff460
E/DMR     ( 1666): Timer Sem Wait Start
E/LIBRECastSysUpdater( 1395): <-getaddrinfo returned =52.193.69.58
E/LIBRECastSysUpdater( 1395): ResolvedIP = 52.193.69.58
E/LIBRECastSysUpdater( 1395): Resolved URL = http://52.193.69.58/api/v2/get_latest_ls9?ls_code=D8F710C50170&country=00
E/LIBRECastSysUpdater( 1395):  callfuncForHTTPResponse cg_net_uri_gethost(netUrl) = 52.193.69.58
E/        ( 1395): 
E/        ( 1395): UPnP Request: GET 52.193.69.58:80/api/v2/get_latest_ls9?ls_code=D8F710C50170&country=00 HTTP/1.1
I/cast_shell( 1393): [1395:1436:INFO:mdns_app_filter.cc(1278)] MdnsAppFilter: Done announcing.
E/LIBRECastSysUpdater( 1395):  callfuncForHTTPResponse statusCode = 200
E/LIBRECastSysUpdater( 1395):  HttpResponseURL content length = 50 
E/LIBRECastSysUpdater( 1395):  ParseFirmwareXML
E/LIBRECastSysUpdater( 1395):  cg_xml_node_getchildnodes
E/LIBRECastSysUpdater( 1395):  XMLParserFunction Inside Content 
E/LIBRECastSysUpdater( 1395):  No child  is available 
E/LIBRECastSysUpdater( 1395):  No of child nodes 0
E/LIBRECastSysUpdater( 1395): XML parsing is failed
E/LIBRECastSysUpdater( 1395): SystemUpdaterDummy::CheckUpdate 0 
E/        ( 1395): sp<CASTBinder> getInstance()
I/cast_shell( 1393): [1395:1420:INFO:update_engine_client_with_system_updater.cc(222)] No system force update, error_code=222
E/        ( 1174): NOTIFYLUCI
I/castlibre( 1174): iCASTNotify_LUCI()  MID -> '223' buffer -> 'NO_UPDATE' 
E/castlibre( 1174): No seperater found in Recieved Message !!! 
E/castlibre( 1174): NO_UPDATE 
I/LUCITransportService( 1030): writeRemoteMessage() MID = 223 buffer = NO_UPDATE
I/LUCI-UART( 1030): UART write() SUCCESS MID = 223 data = NO_UPDATE bytesWritten = 19 m_fd = 0xb
I/cast_shell( 1393): [1395:1438:WARNING:v2_ssl_socket.cc(719)] Insecure Cast V2 Sender connection is accepted.
I/cast_shell( 1393): [1395:1438:ERROR:v2_ssl_socket.cc(318)] Message exceeds maximum length. Closing this socket: id=c2108e27-6d24-fcb1-47ea-6da4a7a724b4.2, len=369295618
E/LSDC    ( 1059): LSComService::addDevice mac e56ccd already in list...
E/LSDC    ( 1059): LSComService::addDevice mac e125e4 already in list...
E/LSDC    ( 1059): LSComService::addDevice mac 0e9617 already in list...
I/cast_shell( 1393): [1395:1438:INFO:v2_transport.cc(519)] V2TransportImpl::CreatSelfSignedCertificateWithKey called.
E/LIBREWifiController( 1395): WifiControllerDummy::GetCurrentStatus
I/cast_shell( 1393): [1395:1441:INFO:multizone_manager.cc(1347)] Updated leader quality: 13762623
E/LIBREWifiController( 1395): WifiControllerDummy::GetConfiguredNetworks
E/LIBREWifiController( 1395): **::HasChanges 0 *****
E/LIBRECastSysInfo( 1395): property_get ro.product.release.track beta-channel
E/LIBRECastSysInfo( 1395): CastSysInfoDummy::FactoryCountry 00
E/LIBRECastSysInfo( 1395): CastSysInfoDummy::GetDeviceModel LS2
E/LIBRECastSysInfo( 1395): CastSysInfoDummy::GetProductName LS9 Platform
E/LIBRECastSysInfo( 1395): CastSysInfoDummy::GetManufacturer LibreSync
E/LIBREWifiController( 1395): WifiControllerDummy::IsSupported 1
E/LIBRECastSysInfo( 1395): CastSysInfoDummy::FactoryCountry 00
E/        ( 1395): Libre:bluetooth_v2_dummy - Server::IsSupported
E/LibreBleController( 1395): Libre:IsSupported
E/        ( 1395): Libre:bluetooth_v2_dummy - LeAdvertiser::IsSupported
E/LibreBleController( 1395): Libre:IsSupported
E/LIBREWifiController( 1395): WifiControllerDummy::IsSupported 1
E/        ( 1395): Libre:bluetooth_v2_dummy - Server::IsSupported
E/LibreBleController( 1395): Libre:IsSupported
E/        ( 1395): Libre:bluetooth_v2_dummy - LeAdvertiser::IsSupported
E/LibreBleController( 1395): Libre:IsSupported
E/LIBRECastSysInfo( 1395): property_get ro.product.release.track beta-channel
E/LIBRECastSysInfo( 1395): CastSysInfoDummy::GetProductName LS9 Platform
I/cast_shell( 1393): [1395:1439:INFO:locale_manager.cc(787)] Request location update.
E/LIBREWifiController( 1395): **::HasChanges 0 *****
I/cast_shell( 1393): [1395:1439:INFO:bluetooth_manager.cc(584)] Clearing setup read attributes
E/LibreBleController( 1395): Libre:StopAdvertising
E/LibreBleController( 1395): Libre:StopAdvertise
E/BT_SYSTEM_CONTROL( 1060): StartAdvertising 1705
E/bt_btif ( 1060): bta_gattc_listen failed, unknown client_if: 0
I/cast_shell( 1393): [1395:1420:ERROR:unix_stream_client_socket.cc(51)] Cannot connect unix socket: /dev/socket/panel: No such file or directory (2)
E/        ( 1395): Libre:bluetooth_v2_dummy - Server::IsSupported
E/LibreBleController( 1395): Libre:IsSupported
E/        ( 1395): Libre:bluetooth_v2_dummy - LeAdvertiser::IsSupported
E/LibreBleController( 1395): Libre:IsSupported
I/cast_shell( 1393): [1395:1395:INFO:mdns_manager_impl.cc(427)] Successfully updated service: type=_googlezone
I/cast_shell( 1393): [1395:1395:INFO:cast_receiver_impl.cc(1342)] Network is globally connected. Schedule config downloading if necessary discovery_only_mode=1
E/LIBRECastSysInfo( 1395): CastSysInfoDummy::GetDeviceModel LS2
E/LIBRECastSysInfo( 1395): CastSysInfoDummy::GetManufacturer LibreSync
E/LIBRECastSysInfo( 1395): CastSysInfoDummy::GetProductName LS9 Platform
E/LIBRECastSysInfo( 1395): property_get ro.product.release.track beta-channel
I/cast_shell( 1393): [1395:1395:INFO:cast_receiver_impl.cc(1350)] Network is globally connected. Schedule crl downloading if necessary.
I/cast_shell( 1393): [1395:1395:INFO:crl_downloader.cc(342)] Downloading crl: url=https://clients5.google.com/cast/chromecast/device/crl
I/cast_shell( 1393): [1395:1395:INFO:cast_receiver_impl.cc(1364)] Network is globally connected. Starting CcsManager.
I/cast_shell( 1393): [1395:1395:INFO:ccs_manager_impl.cc(418)] Starting cloud ipc activity with CCS
I/cast_shell( 1393): [1395:1395:INFO:ccs_manager_impl.cc(743)] CcsManagerImpl opt_in.cloud_ipc pref changed: 1
I/cast_shell( 1393): [1395:1395:INFO:ccs_manager_impl.cc(779)] Waiting for all transports to be enabled
I/cast_shell( 1393): [1395:1395:INFO:gcm_manager.cc(213)] Enabling GCM Driver
I/cast_shell( 1393): [1395:1395:INFO:ccs_manager_impl.cc(779)] Waiting for all transports to be enabled
I/cast_shell( 1393): [1395:1395:INFO:mdns_manager_impl.cc(427)] Successfully updated service: type=_googlezone
I/cast_shell( 1393): [1395:1395:INFO:config_downloader.cc(488)] Downloading config: headers (excl. auth) ='Accept: application/protobuf', url=https://clients5.google.com/cast/chromecast/device/baseconfig?m=LS2&M=SIX&p=LS9+Platform&b=1.28.102057&c=wifi&r=beta-channel&pt=3&ln=6E7938F2917D38E143AA4E4AF8599D7C28A84CED8716F6A6AAA289D796F2F177&d=ids6omnm3Pz8kuEv25Un
I/cast_shell( 1393): [1395:1438:INFO:transport_creds.cc(165)] Self-signed certificate created: CN=c2108e27-6d24-fcb1-47ea-6da4a7a724b4
E/LIBREWifiController( 1395): WifiControllerDummy::Scan castsetuprunning: 1
E/LIBREHotspotController( 1395): HotspotControllerDummy::StopHotspot
I/cast_shell( 1393): [1395:1439:INFO:bluetooth_manager.cc(450)] Stopped Bluetooth service
I/cast_shell( 1393): [1395:1439:INFO:ble_setup.cc(350)] BLE setup stopped.
I/cast_shell( 1393): [1395:1418:INFO:hotspot_manager.cc(179)] Stop: id=1
E/        ( 1395): sp<CASTBinder> getInstance()
E/        ( 1395): iCASTNotify_CONF**** 2
E/        ( 1174): NOTIFYCONF
I/castlibre( 1174): iCASTNotify_CONF() Buffer 'Stop' value '2'
E/castlibre( 1174): Stop Hotspot Starting....
I/castlibre( 1174): P2P1 Interface is 'Down'
I/castlibre( 1174): Stop Hotspot Exiting....
E/GenericAPI( 1395): bssid / frequency / signal level / flags / ssid
E/GenericAPI( 1395): c0:ff:d4:8e:90:42	2437	-17	[WPA2-PSK-CCMP][ESS]	RD4
E/GenericAPI( 1395): 1c:5f:2b:65:ac:a2	5180	-57	[WPA-PSK-CCMP+TKIP][WPA2-PSK-CCMP+TKIP][WPS][ESS]	dlink-ACA0-5GHz
E/GenericAPI( 1395): d4:ee:07:20:d9:2c	2452	-42	[WPA-PSK-CCMP][WPA2-PSK-CCMP][ESS]	dot by dot inc.
E/GenericAPI( 1395): a0:21:b7:ad:93:34	2437	-52	[WPA2-PSK-CCMP][WPS][ESS]	RD_HS1
E/GenericAPI( 1395): 20:e5:2a:2b:15:98	2412	-59	[WPA2-PSK-CCMP][WPS][ESS]	NETGEAR09
E/GenericAPI( 1395): ec:17:2f:65:81:a0	2437	-63	[WPA-PSK-CCMP][WPA2-PSK-CCMP][WPS][ESS]	TP_HSRD2
E/GenericAPI( 1395): d4:83:04:04:93:90	2412	-61	[WPA-PSK-CCMP][WPA2-PSK-CCMP][ESS]	HSRD2
E/GenericAPI( 1395): 20:e5:2a:2b:15:97	5765	-81	[WPA2-PSK-CCMP][WPS][ESS]	NETGEAR09-5G
E/GenericAPI( 1395): 50:64:2b:21:bc:d3	2457	-76	[WPA-PSK-CCMP+TKIP][WPA2-PSK-CCMP+TKIP][WPS][ESS]	GUEST_plus
E/GenericAPI( 1395): 9c:21:6a:4a:5b:6c	2412	-75	[WPA-PSK-CCMP][WPA2-PSK-CCMP][WPS][ESS]	DQE001
E/GenericAPI( 1395): a0:63:91:a4:5b:33	2472	-95	[WPA2-PSK-CCMP][WPS][ESS]	NETGEAR30
E/GenericAPI( 1395): 1c:5f:2b:65:ac:a0	2457	-67	[WPA-PSK-CCMP+TKIP][WPA2-PSK-CCMP+TKIP][WPS][ESS]	dlink-ACA0
E/GenericAPI( 1395): 00:22:3f:93:12:7c	2437	-90	[WPA-PSK-TKIP][ESS]	blu24
E/GenericAPI( 1395): 44:94:fc:33:f7:ce	2412	-92	[WPA2-PSK-CCMP][WPS][ESS]	NADTESTAP
E/GenericAPI( 1395): c4:04:15:64:38:7a	5765	-60	[WPA2-PSK-CCMP][WPS][ESS]	PM
E/GenericAPI( 1395): c4:04:15:64:38:7b	2412	-54	[WPA2-PSK-CCMP][WPS][ESS]	PM
E/GenericAPI( 1395): f0:b4:29:d7:a3:2a	2457	-74	[WPA-PSK-CCMP+TKIP][WPA2-PSK-CCMP+TKIP][WPS][ESS]	GUEST
E/GenericAPI( 1395): 00:19:e0:b4:6d:6a	2472	-76	[WEP][ESS]	HANSONG
E/GenericAPI( 1395): 94:d9:b3:66:f0:b8	2462	-91	[WPA-PSK-CCMP][WPA2-PSK-CCMP][ESS]	TP-LINK_F0B8
E/GenericAPI( 1395):   genericapi_wpa_ctrl_command 
E/GenericAPI( 1395): ----remove_encoding----- 
E/GenericAPI( 1395): OK
E/GenericAPI( 1395):   Success _wifiapiwpa_ctrl_command Send command results 
E/GenericAPI( 1109): wifiapi wait_for scan results
E/YANI_KERNEL( 1029): Got supplicant event
E/LibreBleController( 1395): BluetoothDummy::OnAdvertisingCb = 0
I/cast_shell( 1393): [1395:1395:INFO:cast_receiver_impl.cc(1435)] System time changed. Schedule crl downloading if necessary.
I/cast_shell( 1393): [1395:1395:INFO:crl_downloader.cc(342)] Downloading crl: url=https://clients5.google.com/cast/chromecast/device/crl
I/cast_shell( 1393): [1395:1395:INFO:crypto_manager.cc(353)] Time changed, TLS cert still valid.
E/LSDC    ( 1059): LSComService::addDevice mac e56ccd already in list...
E/LSDC    ( 1059): LSComService::addDevice mac e125e4 already in list...
I/cast_shell( 1393): [1395:1438:INFO:metrics_recorder.cc(196)] Cast v2 action(socket_id=c2108e27-6d24-fcb1-47ea-6da4a7a724b4.3): CastV2.Connection.Connect.In
E/LSDC    ( 1059): LSComService::addDevice mac 0e9617 already in list...
I/cast_shell( 1393): [1395:1436:INFO:mdns_app_filter.cc(1278)] MdnsAppFilter: Done announcing.
I/cast_shell( 1393): [1395:1438:INFO:metrics_recorder.cc(196)] Cast v2 action(socket_id=c2108e27-6d24-fcb1-47ea-6da4a7a724b4.4): CastV2.Connection.Connect.In
I/cast_shell( 1393): [1395:1395:WARNING:application_config_manager_impl.cc(311)] Not supported app: id=42B56469
E/LIBREWifiController( 1395): WifiControllerDummy::Send SCAN result Event to Cast
E/LIBREWifiController( 1395): WifiControllerDummy::Send SCAN result Event to Cast
E/LIBREWifiController( 1395): WifiControllerDummy::Send SCAN result Event to Cast
E/LIBREWifiController( 1395): WifiControllerDummy::Send SCAN result Event to Cast
E/LIBREWifiController( 1395): WifiControllerDummy::Scan Results Size 1349
I/cast_shell( 1393): [1395:1439:INFO:metrics_recorder.cc(196)] Record action: Setup.eureka_info.iOS
E/LIBREWifiController( 1395): WifiControllerDummy::GetCurrentStatus
I/LibreCastControlDelegate( 1174): OnCastStatus() +++
I/LibreCastControlDelegate( 1174): Device Build Number -> '1.28.102057'
I/castlibre( 1174): updateCastBuildVersion() Version 1.28.102057
I/LUCITransportService( 1030): readRemoteMessage() MID = 7 buffer = 1.28.102057
I/cast_shell( 1393): [1395:1439:INFO:locale_manager_factory_default.cc(102)] PAK Resource loaded: zh-CN
I/cast_shell( 1393): [1395:1439:INFO:locale_manager_factory_default.cc(105)] Acutal device locale: zh-CN
I/cast_shell( 1393): [1395:1439:INFO:locale_manager.cc(510)] New locale: zh-CN
I/LibreCastControlDelegate( 1174): Active Applications -> 0
I/LibreCastControlDelegate( 1174): Current Cast State '2' -> 'NOT_SETUP'
I/castlibre( 1174): NotifyLUCIOTA() state = 13 value = 14 buff = 14 mCastNotifyOTAStatus = 14 
I/LUCITransportService( 1030): readRemoteMessage() MID = 108 buffer = None
I/LibreCastControlDelegate( 1174): OnCastStatus() ---
I/LibreCastControlDelegate( 1174): OnCastStatus() +++
I/LibreCastControlDelegate( 1174): Device Build Number -> '1.28.102057'
I/castlibre( 1174): updateCastBuildVersion() Version 1.28.102057
I/LUCITransportService( 1030): readRemoteMessage() MID = 7 buffer = 1.28.102057
I/LibreCastControlDelegate( 1174): Active Applications -> 0
I/LibreCastControlDelegate( 1174): Current Cast State '2' -> 'NOT_SETUP'
I/castlibre( 1174): NotifyLUCIOTA() state = 13 value = 14 buff = 14 mCastNotifyOTAStatus = 14 
I/LUCITransportService( 1030): readRemoteMessage() MID = 108 buffer = None
I/LibreCastControlDelegate( 1174): OnCastStatus() ---
E/LIBREWifiController( 1395): WifiControllerDummy::GetConfiguredNetworks
E/LIBRECastSysInfo( 1395): CastSysInfoDummy::GetSystemBuildNumber 2297
E/LIBREWifiController( 1395): **::HasChanges 0 *****
E/LIBREWifiController( 1395): WifiControllerDummy::GetCurrentStatus
E/LIBREWifiController( 1395): WifiControllerDummy::GetConfiguredNetworks
E/LIBREWifiController( 1395): WifiControllerDummy::GetCurrentStatus
E/LIBREWifiController( 1395): WifiControllerDummy::GetConfiguredNetworks
E/LIBRECastSysInfo( 1395): CastSysInfoDummy::FactoryCountry 00
E/LIBRECastSysInfo( 1395): CastSysInfoDummy::GetDeviceModel LS2
E/LIBRECastSysInfo( 1395): CastSysInfoDummy::GetProductName LS9 Platform
E/LIBRECastSysInfo( 1395): CastSysInfoDummy::GetManufacturer LibreSync
E/LIBREWifiController( 1395): WifiControllerDummy::IsSupported 1
E/LIBRECastSysInfo( 1395): CastSysInfoDummy::FactoryCountry 00
E/        ( 1395): Libre:bluetooth_v2_dummy - Server::IsSupported
E/LibreBleController( 1395): Libre:IsSupported
E/        ( 1395): Libre:bluetooth_v2_dummy - LeAdvertiser::IsSupported
E/LibreBleController( 1395): Libre:IsSupported
E/LIBREWifiController( 1395): WifiControllerDummy::IsSupported 1
E/        ( 1395): Libre:bluetooth_v2_dummy - Server::IsSupported
E/LibreBleController( 1395): Libre:IsSupported
E/        ( 1395): Libre:bluetooth_v2_dummy - LeAdvertiser::IsSupported
E/LibreBleController( 1395): Libre:IsSupported
E/LIBRECastSysInfo( 1395): property_get ro.product.release.track beta-channel
E/LIBRECastSysInfo( 1395): CastSysInfoDummy::GetProductName LS9 Platform
E/LIBRECastSysInfo( 1395): CastSysInfoDummy::FactoryCountry 00
E/LIBRECastSysInfo( 1395): CastSysInfoDummy::GetDeviceModel LS2
E/LIBRECastSysInfo( 1395): CastSysInfoDummy::GetProductName LS9 Platform
E/LIBRECastSysInfo( 1395): CastSysInfoDummy::GetManufacturer LibreSync
E/LIBREWifiController( 1395): WifiControllerDummy::IsSupported 1
E/LIBRECastSysInfo( 1395): CastSysInfoDummy::FactoryCountry 00
E/        ( 1395): Libre:bluetooth_v2_dummy - Server::IsSupported
E/LibreBleController( 1395): Libre:IsSupported
E/        ( 1395): Libre:bluetooth_v2_dummy - LeAdvertiser::IsSupported
E/LibreBleController( 1395): Libre:IsSupported
E/LIBREWifiController( 1395): WifiControllerDummy::IsSupported 1
E/        ( 1395): Libre:bluetooth_v2_dummy - Server::IsSupported
E/LibreBleController( 1395): Libre:IsSupported
E/        ( 1395): Libre:bluetooth_v2_dummy - LeAdvertiser::IsSupported
E/LibreBleController( 1395): Libre:IsSupported
E/LIBRECastSysInfo( 1395): property_get ro.product.release.track beta-channel
E/LIBRECastSysInfo( 1395): CastSysInfoDummy::GetProductName LS9 Platform
E/LIBREWifiController( 1395): WifiControllerDummy::GetCurrentStatus
E/LIBREWifiController( 1395): WifiControllerDummy::GetConfiguredNetworks
E/LIBREWifiController( 1395): WifiControllerDummy::GetCurrentStatus
E/LIBREWifiController( 1395): WifiControllerDummy::GetConfiguredNetworks
I/LibreCastControlDelegate( 1174): OnCastStatus() +++
I/LibreCastControlDelegate( 1174): Device Build Number -> '1.28.102057'
I/castlibre( 1174): updateCastBuildVersion() Version 1.28.102057
I/LUCITransportService( 1030): readRemoteMessage() MID = 7 buffer = 1.28.102057
I/LibreCastControlDelegate( 1174): Active Applications -> 0
I/LibreCastControlDelegate( 1174): Current Cast State '2' -> 'NOT_SETUP'
I/castlibre( 1174): NotifyLUCIOTA() state = 13 value = 14 buff = 14 mCastNotifyOTAStatus = 14 
I/LUCITransportService( 1030): readRemoteMessage() MID = 108 buffer = None
I/LibreCastControlDelegate( 1174): OnCastStatus() ---
E/LIBRECastSysInfo( 1395): CastSysInfoDummy::FactoryCountry 00
E/LIBRECastSysInfo( 1395): CastSysInfoDummy::GetDeviceModel LS2
E/LIBRECastSysInfo( 1395): CastSysInfoDummy::GetProductName LS9 Platform
E/LIBRECastSysInfo( 1395): CastSysInfoDummy::GetManufacturer LibreSync
E/LIBREWifiController( 1395): WifiControllerDummy::IsSupported 1
E/LIBRECastSysInfo( 1395): CastSysInfoDummy::FactoryCountry 00
E/        ( 1395): Libre:bluetooth_v2_dummy - Server::IsSupported
E/LibreBleController( 1395): Libre:IsSupported
E/        ( 1395): Libre:bluetooth_v2_dummy - LeAdvertiser::IsSupported
E/LibreBleController( 1395): Libre:IsSupported
E/LIBREWifiController( 1395): WifiControllerDummy::IsSupported 1
E/        ( 1395): Libre:bluetooth_v2_dummy - Server::IsSupported
E/LibreBleController( 1395): Libre:IsSupported
E/        ( 1395): Libre:bluetooth_v2_dummy - LeAdvertiser::IsSupported
E/LibreBleController( 1395): Libre:IsSupported
E/LIBRECastSysInfo( 1395): property_get ro.product.release.track beta-channel
E/LIBRECastSysInfo( 1395): CastSysInfoDummy::GetProductName LS9 Platform
I/cast_shell( 1393): [1395:1439:INFO:metrics_recorder.cc(196)] Record action: Setup.eureka_info.iOS.200
I/LibreCastControlDelegate( 1174): OnCastStatus() +++
I/LibreCastControlDelegate( 1174): Device Build Number -> '1.28.102057'
I/castlibre( 1174): updateCastBuildVersion() Version 1.28.102057
I/LUCITransportService( 1030): readRemoteMessage() MID = 7 buffer = 1.28.102057
I/LibreCastControlDelegate( 1174): Active Applications -> 0
I/LibreCastControlDelegate( 1174): Current Cast State '2' -> 'NOT_SETUP'
I/castlibre( 1174): NotifyLUCIOTA() state = 13 value = 14 buff = 14 mCastNotifyOTAStatus = 14 
I/LUCITransportService( 1030): readRemoteMessage() MID = 108 buffer = None
I/LibreCastControlDelegate( 1174): OnCastStatus() ---
E/YANI_KERNEL( 1029): GOT NetLink
E/YANI_KERNEL( 1029):  Interface Index  wlan0:4 eth0:0 p2p0:6
E/YANI_KERNEL( 1029):  Netlink event :16
E/YANI_KERNEL( 1029): Event for device index :4
E/GenericAPI( 1109): wifiapi wait_for scan results
E/LIBREWifiController( 1395): handle_message CTRL-EVENT-SCAN-RESULTS 
E/GenericAPI( 1109): bssid / frequency / signal level / flags / ssid
E/GenericAPI( 1109): c0:ff:d4:8e:90:42	2437	-20	[WPA2-PSK-CCMP][ESS]	RD4
E/GenericAPI( 1109): 1c:5f:2b:65:ac:a2	5180	-57	[WPA-PSK-CCMP+TKIP][WPA2-PSK-CCMP+TKIP][WPS][ESS]	dlink-ACA0-5GHz
E/GenericAPI( 1109): d4:ee:07:20:d9:2c	2452	-43	[WPA-PSK-CCMP][WPA2-PSK-CCMP][ESS]	dot by dot inc.
E/GenericAPI( 1109): a0:21:b7:ad:93:34	2437	-59	[WPA2-PSK-CCMP][WPS][ESS]	RD_HS1
E/GenericAPI( 1109): 20:e5:2a:2b:15:98	2412	-60	[WPA2-PSK-CCMP][WPS][ESS]	NETGEAR09
E/GenericAPI( 1109): ec:17:2f:65:81:a0	2437	-64	[WPA-PSK-CCMP][WPA2-PSK-CCMP][WPS][ESS]	TP_HSRD2
E/GenericAPI( 1109): d4:83:04:04:93:90	2412	-65	[WPA-PSK-CCMP][WPA2-PSK-CCMP][ESS]	HSRD2
E/GenericAPI( 1109): 20:e5:2a:2b:15:97	5765	-79	[WPA2-PSK-CCMP][WPS][ESS]	NETGEAR09-5G
E/GenericAPI( 1109): 50:64:2b:21:bc:d3	2457	-76	[WPA-PSK-CCMP+TKIP][WPA2-PSK-CCMP+TKIP][WPS][ESS]	GUEST_plus
E/GenericAPI( 1109): 9c:21:6a:4a:5b:6c	2412	-75	[WPA-PSK-CCMP][WPA2-PSK-CCMP][WPS][ESS]	DQE001
E/GenericAPI( 1109): a0:63:91:a4:5b:33	2472	-90	[WPA2-PSK-CCMP][WPS][ESS]	NETGEAR30
E/GenericAPI( 1109): 1c:5f:2b:65:ac:a0	2457	-67	[WPA-PSK-CCMP+TKIP][WPA2-PSK-CCMP+TKIP][WPS][ESS]	dlink-ACA0
E/GenericAPI( 1109): 00:22:3f:93:12:7c	2437	-90	[WPA-PSK-TKIP][ESS]	blu24
E/GenericAPI( 1109): 44:94:fc:33:f7:ce	2412	-92	[WPA2-PSK-CCMP][WPS][ESS]	NADTESTAP
E/GenericAPI( 1109): c4:04:15:64:38:7a	5765	-60	[WPA2-PSK-CCMP][WPS][ESS]	PM
E/GenericAPI( 1109): c4:04:15:64:38:7b	2412	-52	[WPA2-PSK-CCMP][WPS][ESS]	PM
E/GenericAPI( 1109): f0:b4:29:d7:a3:2a	2457	-74	[WPA-PSK-CCMP+TKIP][WPA2-PSK-CCMP+TKIP][WPS][ESS]	GUEST
E/GenericAPI( 1109): 00:19:e0:b4:6d:6a	2472	-70	[WEP][ESS]	HANSONG
E/GenericAPI( 1109): 94:d9:b3:66:f0:b8	2462	-91	[WPA-PSK-CCMP][WPA2-PSK-CCMP][ESS]	TP-LINK_F0B8
E/GenericAPI( 1109): d8:f7:10:e1:25:e5	2437	-58	[WPS][ESS][P2P]	
E/GenericAPI( 1109): b8:62:1f:52:69:dd	2437	-64	[WPA2-PSK-CCMP][WPS][ESS]	RD-APP
E/GenericAPI( 1109):   Success _wifiapiwpa_ctrl_command Send command results 
E/GenericAPI( 1109): ----remove_encoding----- 
E/GenericAPI( 1109): 
E/GenericAPI( 1109):  Close The connect 
E/WifiHW  ( 1109): Wifi Close Socket 
E/WifiHW  ( 1109): Close ctrl_Conn 
E/WifiHW  ( 1109): Close monitor_conn 
E/GenericAPI( 1395): bssid / frequency / signal level / flags / ssid
E/GenericAPI( 1395): c0:ff:d4:8e:90:42	2437	-20	[WPA2-PSK-CCMP][ESS]	RD4
E/GenericAPI( 1395): 1c:5f:2b:65:ac:a2	5180	-57	[WPA-PSK-CCMP+TKIP][WPA2-PSK-CCMP+TKIP][WPS][ESS]	dlink-ACA0-5GHz
E/GenericAPI( 1395): d4:ee:07:20:d9:2c	2452	-43	[WPA-PSK-CCMP][WPA2-PSK-CCMP][ESS]	dot by dot inc.
E/GenericAPI( 1395): a0:21:b7:ad:93:34	2437	-59	[WPA2-PSK-CCMP][WPS][ESS]	RD_HS1
E/GenericAPI( 1395): 20:e5:2a:2b:15:98	2412	-60	[WPA2-PSK-CCMP][WPS][ESS]	NETGEAR09
E/GenericAPI( 1395): ec:17:2f:65:81:a0	2437	-64	[WPA-PSK-CCMP][WPA2-PSK-CCMP][WPS][ESS]	TP_HSRD2
E/GenericAPI( 1395): d4:83:04:04:93:90	2412	-65	[WPA-PSK-CCMP][WPA2-PSK-CCMP][ESS]	HSRD2
E/GenericAPI( 1395): 20:e5:2a:2b:15:97	5765	-79	[WPA2-PSK-CCMP][WPS][ESS]	NETGEAR09-5G
E/GenericAPI( 1395): 50:64:2b:21:bc:d3	2457	-76	[WPA-PSK-CCMP+TKIP][WPA2-PSK-CCMP+TKIP][WPS][ESS]	GUEST_plus
E/GenericAPI( 1395): 9c:21:6a:4a:5b:6c	2412	-75	[WPA-PSK-CCMP][WPA2-PSK-CCMP][WPS][ESS]	DQE001
E/GenericAPI( 1395): a0:63:91:a4:5b:33	2472	-90	[WPA2-PSK-CCMP][WPS][ESS]	NETGEAR30
E/GenericAPI( 1395): 1c:5f:2b:65:ac:a0	2457	-67	[WPA-PSK-CCMP+TKIP][WPA2-PSK-CCMP+TKIP][WPS][ESS]	dlink-ACA0
E/GenericAPI( 1395): 00:22:3f:93:12:7c	2437	-90	[WPA-PSK-TKIP][ESS]	blu24
E/GenericAPI( 1395): 44:94:fc:33:f7:ce	2412	-92	[WPA2-PSK-CCMP][WPS][ESS]	NADTESTAP
E/GenericAPI( 1395): c4:04:15:64:38:7a	5765	-60	[WPA2-PSK-CCMP][WPS][ESS]	PM
E/GenericAPI( 1395): c4:04:15:64:38:7b	2412	-52	[WPA2-PSK-CCMP][WPS][ESS]	PM
E/GenericAPI( 1395): f0:b4:29:d7:a3:2a	2457	-74	[WPA-PSK-CCMP+TKIP][WPA2-PSK-CCMP+TKIP][WPS][ESS]	GUEST
E/GenericAPI( 1395): 00:19:e0:b4:6d:6a	2472	-70	[WEP][ESS]	HANSONG
E/GenericAPI( 1395): 94:d9:b3:66:f0:b8	2462	-91	[WPA-PSK-CCMP][WPA2-PSK-CCMP][ESS]	TP-LINK_F0B8
E/GenericAPI( 1395): d8:f7:10:e1:25:e5	2437	-58	[WPS][ESS][P2P]	
E/GenericAPI( 1395): b8:62:1f:52:69:dd	2437	-64	[WPA2-PSK-CCMP][WPS][ESS]	RD-APP
E/GenericAPI( 1395):   genericapi_wpa_ctrl_command 
E/GenericAPI( 1395): ----remove_encoding----- 
E/WifiHW  ( 1109): Close exit_sockets 
E/WifiHW  ( 1109): Close exit_sockets 1n 
E/WS-UTILITY( 1109): MakeJSONforWIFIScanResults ++
E/WS-UTILITY( 1109): MakeJSONforWIFIScanResults- {"Items":[{"SSID":"RD4","Security":"WPA-PSK"},{"SSID":"dlink&#45;ACA0&#45;5GHz","Security":"WPA-PSK"},{"SSID":"dot&#32;by&#32;dot&#32;inc&#46;","Security":"WPA-PSK"},{"SSID":"RD&#95;HS1","Security":"WPA-PSK"},{"SSID":"NETGEAR09","Security":"WPA-PSK"},{"SSID":"TP&#95;HSRD2","Security":"WPA-PSK"},{"SSID":"HSRD2","Security":"WPA-PSK"},{"SSID":"NETGEAR09&#45;5G","Security":"WPA-PSK"},{"SSID":"GUEST&#95;plus","Security":"WPA-PSK"},{"SSID":"DQE001","Security":"WPA-PSK"},{"SSID":"NETGEAR30","Security":"WPA-PSK"},{"SSID":"dlink&#45;ACA0","Security":"WPA-PSK"},{"SSID":"blu24","Security":"WPA-PSK"},{"SSID":"NADTESTAP","Security":"WPA-PSK"},{"SSID":"PM","Security":"WPA-PSK"},{"SSID":"GUEST","Security":"WPA-PSK"},{"SSID":"HANSONG","Security":"WEP"},{"SSID":"TP&#45;LINK&#95;F0B8","Security":"WPA-PSK"},{"SSID":"RD&#45;APP","Security":"WPA-PSK"}]}
E/WS-UTILITY( 1109):  Length- 845
E/WS-UTILITY( 1109):  getWifiScanResults --
E/LibreConnect( 1109): Webs scan list nBytes 961
E/LibreConnect( 1109): aspSSIDList --
E/YANI_KERNEL( 1029): Event Received fron Netlink Event:-1 iface:4 link:0
E/YANI_KERNEL( 1029): After Netlink 0
E/YANI_KERNEL( 1029): Got supplicant event
E/YANI_KERNEL( 1029): GOT NetLink
E/YANI_KERNEL( 1029):  Interface Index  wlan0:4 eth0:0 p2p0:6
E/YANI_KERNEL( 1029):  Netlink event :16
E/YANI_KERNEL( 1029): Event for device index :4
I/wpa_supplicant( 1048): nl80211: New scan results available
I/wpa_supplicant( 1048): 0: c0:ff:d4:8e:90:42 ssid='RD4' wpa_ie_len=0 rsn_ie_len=20 caps=0x1411 level=-20
I/wpa_supplicant( 1048): wpa_supplicant_ssid_bss_match
I/wpa_supplicant( 1048): wpas_wps_ssid_bss_match
I/wpa_supplicant( 1048): 1: 1c:5f:2b:65:ac:a2 ssid='dlink-ACA0-5GHz' wpa_ie_len=26 rsn_ie_len=24 caps=0x111 level=-57 wps
I/wpa_supplicant( 1048):    skip - SSID mismatch
I/wpa_supplicant( 1048): 2: d4:ee:07:20:d9:2c ssid='dot by dot inc.' wpa_ie_len=22 rsn_ie_len=20 caps=0x431 level=-43
I/wpa_supplicant( 1048):    skip - SSID mismatch
I/wpa_supplicant( 1048): 3: c4:04:15:64:38:7a ssid='PM' wpa_ie_len=0 rsn_ie_len=20 caps=0x1011 level=-60 wps
I/wpa_supplicant( 1048):    skip - SSID mismatch
I/wpa_supplicant( 1048): 4: c4:04:15:64:38:7b ssid='PM' wpa_ie_len=0 rsn_ie_len=20 caps=0x1411 level=-52 wps
I/wpa_supplicant( 1048):    skip - SSID mismatch
I/wpa_supplicant( 1048): 5: d8:f7:10:e1:25:e5 ssid='' wpa_ie_len=0 rsn_ie_len=0 caps=0x801 level=-58 wps p2p
I/wpa_supplicant( 1048):    skip - SSID not known
I/wpa_supplicant( 1048): 6: a0:21:b7:ad:93:34 ssid='RD_HS1' wpa_ie_len=0 rsn_ie_len=20 caps=0x431 level=-59 wps
I/wpa_supplicant( 1048):    skip - SSID mismatch
I/wpa_supplicant( 1048): 7: 20:e5:2a:2b:15:98 ssid='NETGEAR09' wpa_ie_len=0 rsn_ie_len=20 caps=0x411 level=-60 wps
I/wpa_supplicant( 1048):    skip - SSID mismatch
I/wpa_supplicant( 1048): 8: ec:17:2f:65:81:a0 ssid='TP_HSRD2' wpa_ie_len=22 rsn_ie_len=20 caps=0x431 level=-64 wps
I/wpa_supplicant( 1048):    skip - SSID mismatch
I/wpa_supplicant( 1048): 9: b8:62:1f:52:69:dd ssid='RD-APP' wpa_ie_len=0 rsn_ie_len=20 caps=0x411 level=-64 wps
I/wpa_supplicant( 1048):    skip - SSID mismatch
I/wpa_supplicant( 1048): 10: d4:83:04:04:93:90 ssid='HSRD2' wpa_ie_len=22 rsn_ie_len=20 caps=0x431 level=-65
I/wpa_supplicant( 1048):    skip - SSID mismatch
I/wpa_supplicant( 1048): 11: 1c:5f:2b:65:ac:a0 ssid='dlink-ACA0' wpa_ie_len=26 rsn_ie_len=24 caps=0x411 level=-67 wps
I/wpa_supplicant( 1048):    skip - SSID mismatch
I/wpa_supplicant( 1048): 12: 00:19:e0:b4:6d:6a ssid='HANSONG' wpa_ie_len=0 rsn_ie_len=0 caps=0x431 level=-70
I/wpa_supplicant( 1048):    skip - SSID mismatch
I/wpa_supplicant( 1048): 13: 20:e5:2a:2b:15:97 ssid='NETGEAR09-5G' wpa_ie_len=0 rsn_ie_len=20 caps=0x11 level=-79 wps
I/wpa_supplicant( 1048):    skip - SSID mismatch
I/wpa_supplicant( 1048): 14: f0:b4:29:d7:a3:2a ssid='GUEST' wpa_ie_len=26 rsn_ie_len=24 caps=0xc11 level=-74 wps
I/wpa_supplicant( 1048):    skip - SSID mismatch
I/wpa_supplicant( 1048): 15: 9c:21:6a:4a:5b:6c ssid='DQE001' wpa_ie_len=22 rsn_ie_len=20 caps=0x431 level=-75 wps
I/wpa_supplicant( 1048):    skip - SSID mismatch
I/wpa_supplicant( 1048): 16: 50:64:2b:21:bc:d3 ssid='GUEST_plus' wpa_ie_len=26 rsn_ie_len=24 caps=0xc11 level=-76 wps
I/wpa_supplicant( 1048):    skip - SSID mismatch
I/wpa_supplicant( 1048): 17: a0:63:91:a4:5b:33 ssid='NETGEAR30' wpa_ie_len=0 rsn_ie_len=20 caps=0x431 level=-90 wps
I/wpa_supplicant( 1048):    skip - SSID mismatch
I/wpa_supplicant( 1048): 18: 00:22:3f:93:12:7c ssid='blu24' wpa_ie_len=22 rsn_ie_len=0 caps=0x431 level=-90
I/wpa_supplicant( 1048):    skip - SSID mismatch
I/wpa_supplicant( 1048): 19: 94:d9:b3:66:f0:b8 ssid='TP-LINK_F0B8' wpa_ie_len=22 rsn_ie_len=20 caps=0x1411 level=-91
I/wpa_supplicant( 1048):    skip - SSID mismatch
I/wpa_supplicant( 1048): 20: 44:94:fc:33:f7:ce ssid='NADTESTAP' wpa_ie_len=0 rsn_ie_len=20 caps=0x411 level=-92 wps
I/wpa_supplicant( 1048):    skip - SSID mismatch
E/YANI_KERNEL( 1029): Event Received fron Netlink Event:-1 iface:4 link:0
E/YANI_KERNEL( 1029): After Netlink 0
I/cast_shell( 1393): [1395:1439:INFO:metrics_recorder.cc(196)] Record action: Setup.offer.iOS
E/LIBRECastSysInfo( 1395): CastSysInfoDummy::GetDeviceModel LS2
E/LIBRECastSysInfo( 1395): CastSysInfoDummy::GetProductName LS9 Platform
I/cast_shell( 1393): [1395:1439:INFO:api_offer.cc(122)] Added LNID header value to offer request
I/cast_shell( 1393): [1395:1424:INFO:cast_http_user_agent_settings.cc(50)] Locale changed: accept_language=zh-CN,zh;q=0.9
I/cast_shell( 1393): [1395:1438:INFO:metrics_recorder.cc(196)] Cast v2 action(socket_id=c2108e27-6d24-fcb1-47ea-6da4a7a724b4.5): CastV2.Connection.Connect.In
I/cast_shell( 1393): [1395:1438:INFO:metrics_recorder.cc(196)] Cast v2 action(socket_id=c2108e27-6d24-fcb1-47ea-6da4a7a724b4.7): CastV2.Connection.Connect.In
I/cast_shell( 1393): [1395:1438:INFO:metrics_recorder.cc(196)] Cast v2 action(socket_id=c2108e27-6d24-fcb1-47ea-6da4a7a724b4.6): CastV2.Connection.Connect.In
E/LIBRECastSysInfo( 1395): CastSysInfoDummy::GetDeviceModel LS2
