E/LibreBleController( 1395): Libre:AddCharacteristic:service_uuid=FEA0, characteristic_uuid=0228FE40002F11E587D00002A5D5C51B,control_uuid= 
E/LibreBleController( 1395): options[0].data()=0010
E/LibreBleController( 1395): options[1].data()=08
E/BT_SYSTEM_CONTROL( 1060): Libre:AddCharacteristic:service_uuid=FEA0, characteristic_uuid=0228FE40002F11E587D00002A5D5C51B,control_uuid= 
E/BT_SYSTEM_CONTROL( 1060): options[0].data()=0010
E/BT_SYSTEM_CONTROL( 1060): options[1].data()=08
E/BT_SYSTEM_CONTROL( 1060): options(btsysctl) = 2, 16 8
E/BT_SYSTEM_CONTROL( 1060): characteristic_added_cb status 0 serv handle 28 char handle 4e
E/BT_SYSTEM_CONTROL( 1060): send to socket: 56 BTLE0048|OnCharAddCb|78|1BC5D5A50200D087E5112F0040FE2802
E/LibreBleController( 1395): string is BTLE0048|OnCharAddCb|78|1BC5D5A50200D087E5112F0040FE2802 len is 56
E/LibreBleController( 1395): libcast_dummy : OnCharAddCb = 0x4e, 1BC5D5A502
E/LibreBleController( 1395): char added
E/LibreBleController( 1395): Libre:AddService : characteristics = 0x6c1c, 0328FE40002F11E587D00002A5D5C51B, 0x10, 8, 0
E/LibreBleController( 1395): options = 0010
E/LibreBleController( 1395): options = 08
E/LibreBleController( 1395): Libre:AddCharacteristic:service_uuid=FEA0, characteristic_uuid=0328FE40002F11E587D00002A5D5C51B,control_uuid= 
E/LibreBleController( 1395): options[0].data()=0010
E/LibreBleController( 1395): options[1].data()=08
E/BT_SYSTEM_CONTROL( 1060): Libre:AddCharacteristic:service_uuid=FEA0, characteristic_uuid=0328FE40002F11E587D00002A5D5C51B,control_uuid= 
E/BT_SYSTEM_CONTROL( 1060): options[0].data()=0010
E/BT_SYSTEM_CONTROL( 1060): options[1].data()=08
E/BT_SYSTEM_CONTROL( 1060): options(btsysctl) = 2, 16 8
E/BT_SYSTEM_CONTROL( 1060): characteristic_added_cb status 0 serv handle 28 char handle 50
E/BT_SYSTEM_CONTROL( 1060): send to socket: 56 BTLE0048|OnCharAddCb|80|1BC5D5A50200D087E5112F0040FE2803
E/LibreBleController( 1395): string is BTLE0048|OnCharAddCb|80|1BC5D5A50200D087E5112F0040FE2803 len is 56
E/LibreBleController( 1395): libcast_dummy : OnCharAddCb = 0x50, 1BC5D5A502
E/LibreBleController( 1395): char added
E/WifiUtil( 1174): no scan results listed
E/castlibre( 1174): 
E/castlibre( 1174):  No Scan Results yet sleep  selectChannel  
E/LibreBleController( 1395): Libre:AddService : characteristics = 0x6c1c, 0428FE40002F11E587D00002A5D5C51B, 0x10, 8, 0
E/LibreBleController( 1395): options = 0010
E/LibreBleController( 1395): options = 08
E/LibreBleController( 1395): Libre:AddCharacteristic:service_uuid=FEA0, characteristic_uuid=0428FE40002F11E587D00002A5D5C51B,control_uuid= 
E/LibreBleController( 1395): options[0].data()=0010
E/LibreBleController( 1395): options[1].data()=08
E/BT_SYSTEM_CONTROL( 1060): Libre:AddCharacteristic:service_uuid=FEA0, characteristic_uuid=0428FE40002F11E587D00002A5D5C51B,control_uuid= 
E/BT_SYSTEM_CONTROL( 1060): options[0].data()=0010
E/BT_SYSTEM_CONTROL( 1060): options[1].data()=08
E/BT_SYSTEM_CONTROL( 1060): options(btsysctl) = 2, 16 8
E/BT_SYSTEM_CONTROL( 1060): characteristic_added_cb status 0 serv handle 28 char handle 52
E/BT_SYSTEM_CONTROL( 1060): send to socket: 56 BTLE0048|OnCharAddCb|82|1BC5D5A50200D087E5112F0040FE2804
E/LibreBleController( 1395): string is BTLE0048|OnCharAddCb|82|1BC5D5A50200D087E5112F0040FE2804 len is 56
E/LibreBleController( 1395): libcast_dummy : OnCharAddCb = 0x52, 1BC5D5A502
E/LibreBleController( 1395): char added
E/LibreBleController( 1395): Libre:AddService : characteristics = 0x6c1c, 0528FE40002F11E587D00002A5D5C51B, 0x10, 8, 0
E/LibreBleController( 1395): options = 0010
E/LibreBleController( 1395): options = 08
E/LibreBleController( 1395): Libre:AddCharacteristic:service_uuid=FEA0, characteristic_uuid=0528FE40002F11E587D00002A5D5C51B,control_uuid= 
E/LibreBleController( 1395): options[0].data()=0010
E/LibreBleController( 1395): options[1].data()=08
E/BT_SYSTEM_CONTROL( 1060): Libre:AddCharacteristic:service_uuid=FEA0, characteristic_uuid=0528FE40002F11E587D00002A5D5C51B,control_uuid= 
E/BT_SYSTEM_CONTROL( 1060): options[0].data()=0010
E/BT_SYSTEM_CONTROL( 1060): options[1].data()=08
E/BT_SYSTEM_CONTROL( 1060): options(btsysctl) = 2, 16 8
E/BT_SYSTEM_CONTROL( 1060): characteristic_added_cb status 0 serv handle 28 char handle 54
E/BT_SYSTEM_CONTROL( 1060): send to socket: 56 BTLE0048|OnCharAddCb|84|1BC5D5A50200D087E5112F0040FE2805
E/LibreBleController( 1395): string is BTLE0048|OnCharAddCb|84|1BC5D5A50200D087E5112F0040FE2805 len is 56
E/LibreBleController( 1395): libcast_dummy : OnCharAddCb = 0x54, 1BC5D5A502
E/LibreBleController( 1395): char added
E/LibreBleController( 1395): Libre:AddService : characteristics = 0x6c1c, 137C6160FAB211E49FBB0002A5D5C51B, 0x10, 8, 0
E/LibreBleController( 1395): options = 0010
E/LibreBleController( 1395): options = 08
E/LibreBleController( 1395): Libre:AddCharacteristic:service_uuid=FEA0, characteristic_uuid=137C6160FAB211E49FBB0002A5D5C51B,control_uuid= 
E/LibreBleController( 1395): options[0].data()=0010
E/LibreBleController( 1395): options[1].data()=08
E/BT_SYSTEM_CONTROL( 1060): Libre:AddCharacteristic:service_uuid=FEA0, characteristic_uuid=137C6160FAB211E49FBB0002A5D5C51B,control_uuid= 
E/BT_SYSTEM_CONTROL( 1060): options[0].data()=0010
E/BT_SYSTEM_CONTROL( 1060): options[1].data()=08
E/BT_SYSTEM_CONTROL( 1060): options(btsysctl) = 2, 16 8
E/BT_SYSTEM_CONTROL( 1060): characteristic_added_cb status 0 serv handle 28 char handle 56
E/BT_SYSTEM_CONTROL( 1060): send to socket: 56 BTLE0048|OnCharAddCb|86|1BC5D5A50200BB9FE411B2FA60617C13
E/LibreBleController( 1395): string is BTLE0048|OnCharAddCb|86|1BC5D5A50200BB9FE411B2FA60617C13 len is 56
E/LibreBleController( 1395): libcast_dummy : OnCharAddCb = 0x56, 1BC5D5A502
E/LibreBleController( 1395): char added
E/LibreBleController( 1395): Libre:AddService : characteristics = 0x6c1c, 147C6160FAB211E49FBB0002A5D5C51B, 0x10, 8, 0
E/LibreBleController( 1395): options = 0010
E/LibreBleController( 1395): options = 08
E/LibreBleController( 1395): Libre:AddCharacteristic:service_uuid=FEA0, characteristic_uuid=147C6160FAB211E49FBB0002A5D5C51B,control_uuid= 
E/LibreBleController( 1395): options[0].data()=0010
E/LibreBleController( 1395): options[1].data()=08
E/BT_SYSTEM_CONTROL( 1060): Libre:AddCharacteristic:service_uuid=FEA0, characteristic_uuid=147C6160FAB211E49FBB0002A5D5C51B,control_uuid= 
E/BT_SYSTEM_CONTROL( 1060): options[0].data()=0010
E/BT_SYSTEM_CONTROL( 1060): options[1].data()=08
E/BT_SYSTEM_CONTROL( 1060): options(btsysctl) = 2, 16 8
E/BT_SYSTEM_CONTROL( 1060): characteristic_added_cb status 0 serv handle 28 char handle 58
E/BT_SYSTEM_CONTROL( 1060): send to socket: 56 BTLE0048|OnCharAddCb|88|1BC5D5A50200BB9FE411B2FA60617C14
E/LibreBleController( 1395): string is BTLE0048|OnCharAddCb|88|1BC5D5A50200BB9FE411B2FA60617C14 len is 56
E/LibreBleController( 1395): libcast_dummy : OnCharAddCb = 0x58, 1BC5D5A502
E/LibreBleController( 1395): char added
E/LibreBleController( 1395): Libre:AddService : characteristics = 0x6c1c, 0128FE40002F11E587D00002A5D5C51B, 0x11, 10, 0
E/LibreBleController( 1395): options = 0011
E/LibreBleController( 1395): options = 0A
E/LibreBleController( 1395): Libre:AddCharacteristic:service_uuid=FEA0, characteristic_uuid=0128FE40002F11E587D00002A5D5C51B,control_uuid= 
E/LibreBleController( 1395): options[0].data()=0011
E/LibreBleController( 1395): options[1].data()=0A
E/BT_SYSTEM_CONTROL( 1060): Libre:AddCharacteristic:service_uuid=FEA0, characteristic_uuid=0128FE40002F11E587D00002A5D5C51B,control_uuid= 
E/BT_SYSTEM_CONTROL( 1060): options[0].data()=0011
E/BT_SYSTEM_CONTROL( 1060): options[1].data()=0A
E/BT_SYSTEM_CONTROL( 1060): options(btsysctl) = 2, 17 10
E/BT_SYSTEM_CONTROL( 1060): characteristic_added_cb status 0 serv handle 28 char handle 5a
E/BT_SYSTEM_CONTROL( 1060): send to socket: 56 BTLE0048|OnCharAddCb|90|1BC5D5A50200D087E5112F0040FE2801
E/LibreBleController( 1395): string is BTLE0048|OnCharAddCb|90|1BC5D5A50200D087E5112F0040FE2801 len is 56
E/LibreBleController( 1395): libcast_dummy : OnCharAddCb = 0x5a, 1BC5D5A502
E/LibreBleController( 1395): char added
E/LibreBleController( 1395): 
E/LibreBleController( 1395): Libre:StartService service_uuid=FEA0
E/LibreBleController( 1395): StartService send to socket 26
E/LibreBleController( 1395): ****** start send to socket stop no wait********
E/BT_SYSTEM_CONTROL( 1060): 
E/BT_SYSTEM_CONTROL( 1060): Libre:StartService service_uuid=FEA0
E/BT_SYSTEM_CONTROL( 1060): StartService 1057 handle:40
E/BT_SYSTEM_CONTROL( 1060): service_started_cb status 0 srvc_handle 40
E/BT_SYSTEM_CONTROL( 1060): send to socket: 25 BTLE0017|OnServiceStartCb
E/LibreBleController( 1395): StartService send to socket complete
E/LibreBleController( 1395): string is BTLE0017|OnServiceStartCb len is 25
E/LibreBleController( 1395): libcast_dummy : OnServiceStartCb
E/LibreBleController( 1395): Libre:StartAdvertising = FEA0, 1
E/LibreBleController( 1395): Libre:SetAdvertisement service_uuid=FEA0, transmit_name=0
E/LibreBleController( 1395): advertised_uuids[0].data()=FEA0
E/BT_SYSTEM_CONTROL( 1060): Libre:SetAdvertisement service_uuid=FEA0, transmit_name=0
E/BT_SYSTEM_CONTROL( 1060): advertise_data.data[0]=0x3
E/BT_SYSTEM_CONTROL( 1060): advertise_data.data[1]=0x3
E/BT_SYSTEM_CONTROL( 1060): advertise_data.data[2]=0xa0
E/BT_SYSTEM_CONTROL( 1060): advertise_data.data[3]=0xfe
E/BT_SYSTEM_CONTROL( 1060): advertise_data.data[4]=0x10
E/BT_SYSTEM_CONTROL( 1060): advertise_data.data[5]=0x16
E/BT_SYSTEM_CONTROL( 1060): advertise_data.data[6]=0xa0
E/BT_SYSTEM_CONTROL( 1060): advertise_data.data[7]=0xfe
E/BT_SYSTEM_CONTROL( 1060): advertise_data.data[8]=0x3
E/BT_SYSTEM_CONTROL( 1060): advertise_data.data[9]=0xfa
E/BT_SYSTEM_CONTROL( 1060): advertise_data.data[10]=0x8f
E/BT_SYSTEM_CONTROL( 1060): advertise_data.data[11]=0xca
E/BT_SYSTEM_CONTROL( 1060): advertise_data.data[12]=0x55
E/BT_SYSTEM_CONTROL( 1060): advertise_data.data[13]=0xe1
E/BT_SYSTEM_CONTROL( 1060): advertise_data.data[14]=0x8e
E/BT_SYSTEM_CONTROL( 1060): advertise_data.data[15]=0x64
E/BT_SYSTEM_CONTROL( 1060): advertise_data.data[16]=0x20
E/BT_SYSTEM_CONTROL( 1060): advertise_data.data[17]=0x20
E/BT_SYSTEM_CONTROL( 1060): advertise_data.data[18]=0x20
E/BT_SYSTEM_CONTROL( 1060): advertise_data.data[19]=0x1e
E/BT_SYSTEM_CONTROL( 1060): advertise_data.data[20]=0x1
E/BT_SYSTEM_CONTROL( 1060): advertised_uuids[0].data()=FEA0
E/BT_SYSTEM_CONTROL( 1060): conv16_128uuid 1572
E/BT_SYSTEM_CONTROL( 1060): Can not set advertisement data, since BLE not initialized 0xb3f011e0
E/BT_SYSTEM_CONTROL( 1060): adv data set success
E/LibreBleController( 1395): Libre:SetScanResponse:service_uuid=FEA0,transmit_name= 1
E/LibreBleController( 1395): advertised_uuids[0].data()=FEA0
E/LibreBleController( 1395): Libre:StartAdvertise
E/BT_SYSTEM_CONTROL( 1060): Libre:SetScanResponse:service_uuid=FEA0,transmit_name= 1
E/BT_SYSTEM_CONTROL( 1060): advertise_data.data[0]=0x15
E/BT_SYSTEM_CONTROL( 1060): advertise_data.data[1]=0x9
E/BT_SYSTEM_CONTROL( 1060): advertise_data.data[2]=0x4c
E/BT_SYSTEM_CONTROL( 1060): advertise_data.data[3]=0x79
E/BT_SYSTEM_CONTROL( 1060): advertise_data.data[4]=0x72
E/BT_SYSTEM_CONTROL( 1060): advertise_data.data[5]=0x69
E/BT_SYSTEM_CONTROL( 1060): advertise_data.data[6]=0x63
E/BT_SYSTEM_CONTROL( 1060): advertise_data.data[7]=0x20
E/BT_SYSTEM_CONTROL( 1060): advertise_data.data[8]=0x53
E/BT_SYSTEM_CONTROL( 1060): advertise_data.data[9]=0x70
E/BT_SYSTEM_CONTROL( 1060): advertise_data.data[10]=0x65
E/BT_SYSTEM_CONTROL( 1060): advertise_data.data[11]=0x61
E/BT_SYSTEM_CONTROL( 1060): advertise_data.data[12]=0x6b
E/BT_SYSTEM_CONTROL( 1060): advertise_data.data[13]=0x65
E/BT_SYSTEM_CONTROL( 1060): advertise_data.data[14]=0x72
E/BT_SYSTEM_CONTROL( 1060): advertise_data.data[15]=0x20
E/BT_SYSTEM_CONTROL( 1060): advertise_data.data[16]=0x43
E/BT_SYSTEM_CONTROL( 1060): advertise_data.data[17]=0x35
E/BT_SYSTEM_CONTROL( 1060): advertise_data.data[18]=0x30
E/BT_SYSTEM_CONTROL( 1060): advertise_data.data[19]=0x31
E/BT_SYSTEM_CONTROL( 1060): advertise_data.data[20]=0x37
E/BT_SYSTEM_CONTROL( 1060): advertise_data.data[21]=0x30
E/BT_SYSTEM_CONTROL( 1060): advertised_uuids[0].data()=FEA0
E/BT_SYSTEM_CONTROL( 1060): conv16_128uuid 1572
E/BT_SYSTEM_CONTROL( 1060): scan resp data set success
E/BT_SYSTEM_CONTROL( 1060): adv data set successfully
E/BT_SYSTEM_CONTROL( 1060): StartAdvertising 1705
D/bt_btm_ble( 1060): disc_mode 0200
E/bt_btif ( 1060): bta_gattc_listen failed, unknown client_if: 0
I/cast_shell( 1393): [1395:1439:INFO:bluetooth_manager.cc(538)] Started Bluetooth service
I/cast_shell( 1393): [1395:1439:INFO:ble_setup.cc(344)] BLE setup started.
E/LibreBleController( 1395): BluetoothDummy::OnAdvertisingCb = 1
E/WifiUtil( 1174): no scan results listed
E/castlibre( 1174): 
E/castlibre( 1174):  No Scan Results yet sleep  selectChannel  
E/YANI_KERNEL( 1029): GOT NetLink
E/YANI_KERNEL( 1029):  Interface Index  wlan0:4 eth0:0 p2p0:6
E/YANI_KERNEL( 1029):  Netlink event :16
E/YANI_KERNEL( 1029): Event for device index :4
E/YANI_KERNEL( 1029): Event Received fron Netlink Event:-1 iface:4 link:0
E/YANI_KERNEL( 1029): After Netlink 0
E/YANI_KERNEL( 1029): GOT NetLink
E/YANI_KERNEL( 1029):  Interface Index  wlan0:4 eth0:0 p2p0:6
E/YANI_KERNEL( 1029):  Netlink event :16
E/YANI_KERNEL( 1029): Event for device index :4
E/YANI_KERNEL( 1029): Event Received fron Netlink Event:-1 iface:4 link:0
E/YANI_KERNEL( 1029): After Netlink 0
E/YANI_KERNEL( 1029): Got supplicant event
E/YANI_KERNEL( 1029): Got supplicant event
I/wpa_supplicant( 1048): nl80211: New scan results available
I/wpa_supplicant( 1048): State: SCANNING -> INACTIVE
E/WifiUtil( 1174): channel with best signal: channel = 10, freq = 2457, signal = 2457
I/castlibre( 1174):  Get Channel 10 frequency 2457
E/castlibre( 1174): Send Buffer to start SoftAp Lyric Speaker C50170.d::10
I/LUCITransportService( 1030): writeLocalMessage() MID = 498 buffer = WACSTART
I/castlibre( 1174): 
I/castlibre( 1174):  INIT CAST & Conf_Status HOTSPOT Done 
E/LUCI_SERVER( 1030): Luci Server Thread wait over MID 498....
E/luci_helper( 1060): LUCIHelper::LUCI_TransportListener::onMessageBoxChanged
E/MB_HANDLER( 1060): Messagebox_handler::MessageBoxAlert id = 498 
E/MB_HANDLER( 1060):  
E/MB_HANDLER( 1060): Message Handler Thread wait over MID[498]....
E/MB_HANDLER( 1060):  TRIGGER GoogleCast SETUP & WAC
E/MB_HANDLER( 1060): ***** WAC WACStopRequest ***** 
E/MB_HANDLER( 1060):  WACSTOP request
E/LUCI_SERVER( 1030): Luci Server Thread waiting for packets....
E/WAC_SERVER( 1060): STOPPING WAC from LUCI
E/MB_HANDLER( 1060):  Silently Wait for next request   
E/MB_HANDLER( 1060):  ############WAC RequsetForExit true##################   
E/MB_HANDLER( 1060): WAC Start
E/MB_HANDLER( 1060): Signal Start WAC
E/MB_HANDLER( 1060):  ############WACSTART DONE##################   
E/MB_HANDLER( 1060): Message Handler Thread waiting for messages....
E/MB_HANDLER( 1060):  WACSTART request
E/WAC_SERVER( 1060): Check Device Support ENV_CastSetup true 
E/GenericAPI( 1060): genericapi_Check_ip ifname : p2p0
E/WAC_SERVER( 1060): ARK:WAC START
E/WAC_SERVER( 1060): Triggering WAC
E/WAC_SERVER( 1060): WACStartMain_th
E/WAC_SERVER( 1060): 
E/WAC_SERVER( 1060): ###################################
E/WAC_SERVER( 1060): # WAC SERVER v1.22
E/WAC_SERVER( 1060): ###################################
E/WAC_SERVER( 1060): 
E/WAC_SERVER( 1060): ************************************************
E/WAC_SERVER( 1060): PLATFORM ATTRIBUTES:
E/WAC_SERVER( 1060):     NAME.........: Lyric Speaker C50170
E/WAC_SERVER( 1060):     MODEL........: LS2
E/WAC_SERVER( 1060):     MANUFACTURER.: SIX
E/WAC_SERVER( 1060):     FW REV.......: 1.0.0
E/WAC_SERVER( 1060):     HW REV.......: 1.0.0
E/WAC_SERVER( 1060):     SERIAL NUMBER: 1xxx0
E/WAC_SERVER( 1060):     UNCONFIGURED.: YES
E/WAC_SERVER( 1060): PLATFORM FEATURES:
E/WAC_SERVER( 1060):     AIRPLAY.....: YES
E/WAC_SERVER( 1060):     AIRPRINT....: NO
E/WAC_SERVER( 1060):     2.4GHz Wi-Fi: YES
E/WAC_SERVER( 1060):     5.0GHz Wi-Fi: NO
E/WAC_SERVER( 1060):     WoW.........: NO
E/WAC_SERVER( 1060): PLATFORM EA INFO:
E/WAC_SERVER( 1060):     NUM PROTOCOLS.: 0
E/WAC_SERVER( 1060): PLATFORM NETWORK INFO:
E/WAC_SERVER( 1060):     MAC ADDRESS: DA:F7:10:C5:01:70
E/WAC_SERVER( 1060): ************************************************
E/MB_HANDLER( 1060):  Silently Wait for next request   
E/WAC_SERVER( 1060): _WACServerEngine eState_Initialize
E/WAC_SERVER( 1060): _HandleState_Initialize
E/WAC_SERVER( 1060): CALLBACK WAC PLATFORM
E/MB_HANDLER( 1060): ***** WACAlerts *****0 
I/LUCITransportService( 1030): writeRemoteMessage() MID = 143 buffer = 0
I/LUCI-UART( 1030): UART write() SUCCESS MID = 143 data = 0 bytesWritten = 11 m_fd = 0xb
E/WAC_SERVER( 1060): Initializing Configuration
E/WAC_SERVER( 1060): IN PlatformMFiAuthInitialize
E/WAC_SERVER( 1060): PlatformMFiAuthCopyCertificate
E/Test    ( 1060): MFi auth copy certificate
E/Test    ( 1060): Open
E/Test    ( 1060): A
E/Test    ( 1060): ### MFi auth set register 0x30 failed (try 1): 121
E/Test    ( 1060): WRITE register SUCCESS 0x30 (try 2): 0
E/Test    ( 1060): ### MFi auth read register 0x30, 2 bytes failed (try 1): 121 
E/Test Mani( 1060): READ register SUCCESS 0x30 (try 2): 0 n : 2
E/Test    ( 1060): SUCCESS 0x30
E/Test    ( 1060): ### MFi auth set register 0x31 failed (try 1): 121
E/Test    ( 1060): WRITE register SUCCESS 0x31 (try 2): 0
E/Test    ( 1060): ### MFi auth read register 0x31, 908 bytes failed (try 1): 121 
E/Test Mani( 1060): READ register SUCCESS 0x31 (try 2): 0 n : 908
E/Test    ( 1060): 0x31 SUCCESS
E/WAC_SERVER( 1060): err value is 0
E/WAC_SERVER( 1060): ********* START WAC ***********
E/WAC_SERVER( 1060): Split "Lyric Speaker C50170.d::10"
E/WAC_SERVER( 1060): Lyric Speaker C50170.d
E/WAC_SERVER( 1060): 10
E/WAC_SERVER( 1060): ARK : Execute Command Lyric_speaker_configure_C50170  & Env Item SSID Lyric_speaker_configure 
E/WAC_SERVER( 1060): Print temp[0]=Lyric Speaker C50170.d  temp[1]=10
E/WAC_SERVER( 1060): persist Text in  pch1 FA:8F:CA:55:E1:8E,
E/WAC_SERVER( 1060): persist Text in  bssid FA:8F:CA:55:E1:8E,
E/hostapd ( 1471): Configuration file: /data/wifi/hostapd_ddms.conf
E/YANI_KERNEL( 1029): GOT NetLink
E/YANI_KERNEL( 1029):  Interface Index  wlan0:4 eth0:0 p2p0:6
E/YANI_KERNEL( 1029):  Netlink event :16
E/YANI_KERNEL( 1029): Event for device index :6
E/YANI_KERNEL( 1029): Event Received fron Netlink Event:-1 iface:6 link:0
E/YANI_KERNEL( 1029): After Netlink 0
I/hostapd ( 1471): rfkill: Cannot open RFKILL control device
I/hostapd ( 1471): nl80211: Could not re-add multicast membership for vendor events: -2 (No such file or directory)
I/hostapd ( 1471): p2p0: interface state UNINITIALIZED->COUNTRY_UPDATE
E/hostapd ( 1471): Using interface p2p0
W/hostapd ( 1471): Device is trying to offload WPS Probe Response while not supporting this
E/YANI_KERNEL( 1029): GOT NetLink
E/YANI_KERNEL( 1029):  Interface Index  wlan0:4 eth0:0 p2p0:6
E/YANI_KERNEL( 1029):  Netlink event :16
E/YANI_KERNEL( 1029): Event for device index :6
E/YANI_KERNEL( 1029): Event Received fron Netlink Event:-1 iface:6 link:0
E/YANI_KERNEL( 1029): After Netlink 0
E/YANI_KERNEL( 1029): GOT NetLink
E/YANI_KERNEL( 1029):  Interface Index  wlan0:4 eth0:0 p2p0:6
E/YANI_KERNEL( 1029):  Netlink event :16
E/YANI_KERNEL( 1029): Event for device index :7
E/YANI_KERNEL( 1029): Event Received fron Netlink Event:-1 iface:7 link:0
E/YANI_KERNEL( 1029): After Netlink 0
E/YANI_KERNEL( 1029): GOT NetLink
E/YANI_KERNEL( 1029):  Interface Index  wlan0:4 eth0:0 p2p0:6
E/YANI_KERNEL( 1029):  Netlink event :16
E/YANI_KERNEL( 1029): Event for device index :7
E/YANI_KERNEL( 1029): Event Received fron Netlink Event:-1 iface:7 link:0
E/YANI_KERNEL( 1029): After Netlink 0
E/hostapd ( 1471): Using interface p2p1
W/hostapd ( 1471): Device is trying to offload WPS Probe Response while not supporting this
E/YANI_KERNEL( 1029): GOT NetLink
E/YANI_KERNEL( 1029):  Interface Index  wlan0:4 eth0:0 p2p0:6
E/YANI_KERNEL( 1029):  Netlink event :16
E/YANI_KERNEL( 1029): Event for device index :7
E/YANI_KERNEL( 1029): Event Received fron Netlink Event:-1 iface:7 link:0
E/YANI_KERNEL( 1029): After Netlink 0
I/hostapd ( 1471): p2p0: interface state COUNTRY_UPDATE->ENABLED
I/hostapd ( 1471): p2p0: AP-ENABLED 
E/WAC_SERVER( 1060): ARK: Set p2p IP address
E/YANI_KERNEL( 1029): GOT NetLink
E/YANI_KERNEL( 1029):  Interface Index  wlan0:4 eth0:0 p2p0:6
E/YANI_KERNEL( 1029):  Netlink event :20
E/YANI_KERNEL( 1029): Event for device index :6
E/YANI_KERNEL( 1029): Event Received fron Netlink Event:6 iface:6 link:-1
E/YANI_KERNEL( 1029): After Netlink 1
E/YANI_SERVER( 1029): Received NetLink  event 6 index 6 
E/YANI_SERVER( 1029): Received LinkStatus Wlan -1 Eth -1
E/YANI_SERVER( 1029): PARSE RESULT ifill 6 ifindex 2
E/YANI_SERVER( 1029): IFACE status is GOTIP for IFACE=p2p0
E/YANI_SERVER( 1029): YANI IS IN CONF MODE
E/YANI_SERVER( 1029): Device is in REFILL_WACMODE
E/YANI_SERVER( 1029): YANI: I am Done Wait For Event 
E/YANI_SERVER( 1029): YANI: Get Event or iFindex -1 
E/YANI_KERNEL( 1029): Listen for FD of WLAN: 13 & Netlink:11 
E/YANI_KERNEL( 1029): GOT NetLink
E/YANI_KERNEL( 1029):  Interface Index  wlan0:4 eth0:0 p2p0:6
E/YANI_KERNEL( 1029):  Netlink event :20
E/YANI_KERNEL( 1029): Event for device index :7
E/YANI_KERNEL( 1029): Event Received fron Netlink Event:0 iface:7 link:-1
E/YANI_KERNEL( 1029): After Netlink 0
E/YANI_SERVER( 1029):  onNetworkParametersChanged m_wacmode = 1  m_index =2 NetStatus->interfacename_ =p2p0 NetStatus->mstatus_ = 1
E/YANI_SERVICE( 1029): YaniService notifyOnMessageBoxChanged Start 
E/YANI_SERVICE( 1029): YaniService mListeners 0 
E/WAC_SERVER( 1060): set country code to world domain
I/cast_shell( 1393): [1395:1420:INFO:device_info_impl.cc(778)] Primary netif changed: new=p2p0, old=
I/cast_shell( 1393): [1395:1420:INFO:device_info_impl.cc(787)] Primary IPv4 address changed: netif=p2p0, new=192.168.43.1, old=
I/cast_shell( 1393): [1395:1439:WARNING:setup_manager_impl.cc(814)] NAT not supported, no captive portal support.
E/YANI_HELPER( 1059): YANIHelper::Yani Helper ::onNetworkParametersChanged
E/LSDC    ( 1059): LSComService::YaniAlert got yani alert iface is 4, status is 1....
E/LSDC    ( 1059): LSComService::YaniAlert DONE 
E/LSDDMS  ( 1059): LSDDMSService::YaniAlert iface = 4 status = 1 
E/LSDDMS  ( 1059): LSDDMSService::YaniAlert DONE 
E/YANI_SERVICE( 1029): YaniService mListeners 1 
E/YANI_HELPER( 1060): YANIHelper::Yani Helper ::onNetworkParametersChanged
E/MB_HANDLER( 1060): Messagebox_handler::____YaniAlert IFACE=4 STATUS = 1 
E/YANI_SERVICE( 1029): YaniService mListeners 2 
E/YANI_HELPER( 1058): YANIHelper::Yani Helper ::onNetworkParametersChanged
E/common_time( 1058): CommonTimeServer::YaniAlert 4 1 
E/common_time( 1058): CommonTimeServer::YaniAlert DONE 
E/YANI_SERVICE( 1029): YaniService mListeners 3 
E/YANI_HELPER( 1030): YANIHelper::Yani Helper ::onNetworkParametersChanged
E/        ( 1395): Libre:bluetooth_v2_dummy - Server::IsSupported
E/LibreBleController( 1395): Libre:IsSupported
E/LUCI_SERVER( 1030): Luci Server YaniAlert iface = 4,status =1 
E/        ( 1395): Libre:bluetooth_v2_dummy - LeAdvertiser::IsSupported
E/LibreBleController( 1395): Libre:IsSupported
E/YANI_SERVICE( 1029): YaniService mListeners 4 
E/YANI_HELPER( 1108): YANIHelper::Yani Helper ::onNetworkParametersChanged
E/InternetUpgrade( 1108): YaniAlert iface = 4 , Status = 1 
E/InternetUpgrade( 1108):  Not in Active Interface to Internet Upgrade
E/InternetUpgrade( 1108): ::YaniAlert Finish
E/YANI_SERVICE( 1029): YaniService mListeners 5 
E/MB_HANDLER( 1060):  --- YaniHandler Thread Thread wait over....
E/MB_HANDLER( 1060): Messagebox_handler::YaniAlert IFACE=4 STATUS = 1 
E/YANI_HELPER( 1109): YANIHelper::Yani Helper ::onNetworkParametersChanged
E/LIBRE MANAGER( 1109): LibreCrazyManager::YaniAlert 4 1 
E/LIBRE MANAGER( 1109): LibreCrazyManger::NetworkParametersChanged 4 1 
I/cast_shell( 1393): [1395:1395:INFO:cast_receiver_impl.cc(1280)] Discovery stopped.
I/cast_shell( 1393): [1395:1395:INFO:cast_receiver_impl.cc(1264)] Discovery started or updated: state=setup-only
E/MB_HANDLER( 1060): Yani alert to host 4#1,0#2,0#3,0#4,1
E/MB_HANDLER( 1060): Yani alert to host 4#1,0#2,0#3,0#4,1
I/LUCITransportService( 1030): writeRemoteMessage() MID = 124 buffer = 4#1,0#2,0#3,0#4,1
I/LUCI-UART( 1030): UART write() SUCCESS MID = 124 data = 4#1,0#2,0#3,0#4,1 bytesWritten = 27 m_fd = 0xb
E/MB_HANDLER( 1060): Messagebox_handler::Start with trigger DDMS
E/MB_HANDLER( 1060): Messagebox_handler::Done with trigger DDMS
E/MB_HANDLER( 1060): Messagebox_handler:: Finish work with YaniAlert 
E/MB_HANDLER( 1060):  --- YaniHandler Thread waiting for messages....
E/YANI_SERVICE( 1029): YaniService mListeners 6 
E/YANI_HELPER( 1175): YANIHelper::Yani Helper ::onNetworkParametersChanged
E/UpnpBrowser( 1175): UpnpBrowser:: YaniAlert IFACE=4 STATUS = 1 
E/UpnpBrowser( 1175): UpnpBrowser:: YaniAlert END ***** 
E/YANI_SERVICE( 1029): YaniService mListeners 7 
E/YANI_HELPER( 1174): YANIHelper::Yani Helper ::onNetworkParametersChanged
I/castlibre( 1174): YaniAlert() iface '4' Status '1' bootupstate '0'
E/YANI_SERVICE( 1029): YaniService mListeners 8 
E/YANI_HELPER( 1213): YANIHelper::Yani Helper ::onNetworkParametersChanged
E/YANI_SERVICE( 1029): YaniService mListeners 9 
E/YANI_HELPER( 1245): YANIHelper::Yani Helper ::onNetworkParametersChanged
E/TELNET  ( 1245): TelnetServer::____YaniAlert IFACE=4 STATUS = 1
E/TELNET  ( 1245): TelnetServer::____YaniAlert end
E/YANI_SERVICE( 1029): YaniService notifyOnMessageBoxChanged Finished
E/YANI_SERVER( 1029): ******* YaniServer::NOTIFY DONE ************* 
I/cast_shell( 1393): [1395:1441:INFO:multizone_manager.cc(1347)] Updated leader quality: 13762566
I/cast_shell( 1393): [1395:1436:INFO:metrics_recorder.cc(196)] cast event: Cast.Discovery.Mdns.SocketCreated
I/cast_shell( 1393): [1395:1436:INFO:mdns_app_filter.cc(1028)] Created mDNS socket for interface:name=p2p0, address=192.168.43.1, index=6
I/cast_shell( 1393): [1395:1436:INFO:metrics_recorder.cc(196)] cast event: Cast.Discovery.Mdns.SocketCreated
I/cast_shell( 1393): [1395:1436:INFO:mdns_app_filter.cc(1028)] Created mDNS socket for interface:name=p2p1, address=192.168.255.249, index=7
I/cast_shell( 1393): [1395:1436:INFO:mdns_app_filter.cc(879)] MdnsAppFilter is starting.
I/cast_shell( 1393): [1395:1436:INFO:metrics_recorder.cc(196)] cast event: Cast.Discovery.Mdns.ResponderStarted
I/cast_shell( 1393): [1395:1436:INFO:mdns_manager_impl.cc(252)] Primary interface for service discovery has changed: ifindex=6
I/cast_shell( 1393): [1395:1395:INFO:mdns_manager_impl.cc(427)] Successfully updated service: type=_googlezone
E/LIBREWifiController( 1395): WifiControllerDummy::GetCurrentStatus
E/LIBREWifiController( 1395): WifiControllerDummy::GetConfiguredNetworks
I/cast_shell( 1393): [1395:1439:INFO:setup_state.cc(429)] EurekaInfoCalled: wifi_state=4, has_ip_address=true, connected=0, is_initial_setup=0
I/cast_shell( 1393): [1395:1439:INFO:setup_state.cc(212)] Setup state changed: SETUP_STATE_DISCONNECTED (10) -> SETUP_STATE_CHECKING_GLOBAL_CONNECTIVITY (50)
E/        ( 1395): Libre:bluetooth_v2_dummy - Server::IsSupported
E/LibreBleController( 1395): Libre:IsSupported
E/        ( 1395): Libre:bluetooth_v2_dummy - LeAdvertiser::IsSupported
E/LibreBleController( 1395): Libre:IsSupported
E/LIBREWifiController( 1395): WifiControllerDummy::GetCurrentStatus
E/LIBREWifiController( 1395): WifiControllerDummy::GetConfiguredNetworks
I/cast_shell( 1393): [1395:1439:INFO:setup_state.cc(429)] EurekaInfoCalled: wifi_state=4, has_ip_address=true, connected=0, is_initial_setup=0
E/LIBREWifiController( 1395): WifiControllerDummy::GetCurrentStatus
E/LIBREWifiController( 1395): WifiControllerDummy::GetConfiguredNetworks
I/cast_shell( 1393): [1395:1439:INFO:setup_state.cc(429)] EurekaInfoCalled: wifi_state=4, has_ip_address=true, connected=0, is_initial_setup=0
E/LIBRECastSysInfo( 1395): CastSysInfoDummy::FactoryCountry 00
E/LIBRECastSysInfo( 1395): CastSysInfoDummy::GetDeviceModel LS2
E/LIBRECastSysInfo( 1395): CastSysInfoDummy::GetProductName LS9 Platform
E/LIBRECastSysInfo( 1395): CastSysInfoDummy::GetManufacturer LibreSync
E/LIBREWifiController( 1395): WifiControllerDummy::IsSupported 1
E/LIBRECastSysInfo( 1395): CastSysInfoDummy::FactoryCountry 00
E/        ( 1395): Libre:bluetooth_v2_dummy - Server::IsSupported
E/LibreBleController( 1395): Libre:IsSupported
E/        ( 1395): Libre:bluetooth_v2_dummy - LeAdvertiser::IsSupported
E/LibreBleController( 1395): Libre:IsSupported
E/LIBREWifiController( 1395): WifiControllerDummy::IsSupported 1
E/        ( 1395): Libre:bluetooth_v2_dummy - Server::IsSupported
E/LibreBleController( 1395): Libre:IsSupported
E/        ( 1395): Libre:bluetooth_v2_dummy - LeAdvertiser::IsSupported
E/LibreBleController( 1395): Libre:IsSupported
E/LIBRECastSysInfo( 1395): property_get ro.product.release.track beta-channel
E/LIBRECastSysInfo( 1395): CastSysInfoDummy::GetProductName LS9 Platform
E/LIBRECastSysInfo( 1395): CastSysInfoDummy::FactoryCountry 00
E/LIBRECastSysInfo( 1395): CastSysInfoDummy::GetDeviceModel LS2
E/LIBRECastSysInfo( 1395): CastSysInfoDummy::GetProductName LS9 Platform
E/LIBRECastSysInfo( 1395): CastSysInfoDummy::GetManufacturer LibreSync
E/LIBREWifiController( 1395): WifiControllerDummy::IsSupported 1
E/LIBRECastSysInfo( 1395): CastSysInfoDummy::FactoryCountry 00
E/        ( 1395): Libre:bluetooth_v2_dummy - Server::IsSupported
E/LibreBleController( 1395): Libre:IsSupported
E/        ( 1395): Libre:bluetooth_v2_dummy - LeAdvertiser::IsSupported
E/LibreBleController( 1395): Libre:IsSupported
E/LIBREWifiController( 1395): WifiControllerDummy::IsSupported 1
E/        ( 1395): Libre:bluetooth_v2_dummy - Server::IsSupported
E/LibreBleController( 1395): Libre:IsSupported
E/        ( 1395): Libre:bluetooth_v2_dummy - LeAdvertiser::IsSupported
E/LibreBleController( 1395): Libre:IsSupported
E/LIBRECastSysInfo( 1395): property_get ro.product.release.track beta-channel
E/LIBRECastSysInfo( 1395): CastSysInfoDummy::GetProductName LS9 Platform
E/LIBRECastSysInfo( 1395): CastSysInfoDummy::FactoryCountry 00
E/LIBRECastSysInfo( 1395): CastSysInfoDummy::GetDeviceModel LS2
E/LIBRECastSysInfo( 1395): CastSysInfoDummy::GetProductName LS9 Platform
E/LIBRECastSysInfo( 1395): CastSysInfoDummy::GetManufacturer LibreSync
E/LIBREWifiController( 1395): WifiControllerDummy::IsSupported 1
E/LIBRECastSysInfo( 1395): CastSysInfoDummy::FactoryCountry 00
E/        ( 1395): Libre:bluetooth_v2_dummy - Server::IsSupported
E/LibreBleController( 1395): Libre:IsSupported
E/        ( 1395): Libre:bluetooth_v2_dummy - LeAdvertiser::IsSupported
E/LibreBleController( 1395): Libre:IsSupported
E/LIBREWifiController( 1395): WifiControllerDummy::IsSupported 1
E/        ( 1395): Libre:bluetooth_v2_dummy - Server::IsSupported
E/LibreBleController( 1395): Libre:IsSupported
E/        ( 1395): Libre:bluetooth_v2_dummy - LeAdvertiser::IsSupported
E/LibreBleController( 1395): Libre:IsSupported
E/LIBRECastSysInfo( 1395): property_get ro.product.release.track beta-channel
E/LIBRECastSysInfo( 1395): CastSysInfoDummy::GetProductName LS9 Platform
E/LIBREWifiController( 1395): WifiControllerDummy::GetCurrentStatus
E/LIBREWifiController( 1395): WifiControllerDummy::GetConfiguredNetworks
I/cast_shell( 1393): [1395:1439:INFO:setup_state.cc(429)] EurekaInfoCalled: wifi_state=4, has_ip_address=true, connected=0, is_initial_setup=0
E/LIBREWifiController( 1395): WifiControllerDummy::GetCurrentStatus
E/LIBREWifiController( 1395): WifiControllerDummy::GetConfiguredNetworks
I/cast_shell( 1393): [1395:1439:INFO:setup_state.cc(429)] EurekaInfoCalled: wifi_state=4, has_ip_address=true, connected=0, is_initial_setup=0
E/LIBREWifiController( 1395): WifiControllerDummy::GetCurrentStatus
I/dnsmasq ( 1493): started, version 2.51 cachesize 150
I/dnsmasq ( 1493): compile time options: no-IPv6 GNU-getopt no-MMU no-DBus no-I18N DHCP no-scripts no-TFTP
W/dnsmasq ( 1493): warning: no upstream servers configured
I/dnsmasq ( 1493): DHCP, IP range 192.168.43.100 -- 192.168.43.155, lease time 12h
I/dnsmasq ( 1493): DHCP, IP range 192.168.255.250 -- 192.168.255.254, lease time 12h
I/dnsmasq ( 1493): cleared cache
E/LIBREWifiController( 1395): WifiControllerDummy::GetConfiguredNetworks
I/cast_shell( 1393): [1395:1439:INFO:setup_state.cc(429)] EurekaInfoCalled: wifi_state=4, has_ip_address=true, connected=0, is_initial_setup=0
E/LIBRECastSysInfo( 1395): CastSysInfoDummy::FactoryCountry 00
E/LIBRECastSysInfo( 1395): CastSysInfoDummy::GetDeviceModel LS2
E/LIBRECastSysInfo( 1395): CastSysInfoDummy::GetProductName LS9 Platform
E/LIBRECastSysInfo( 1395): CastSysInfoDummy::GetManufacturer LibreSync
E/LIBREWifiController( 1395): WifiControllerDummy::IsSupported 1
E/LIBRECastSysInfo( 1395): CastSysInfoDummy::FactoryCountry 00
E/        ( 1395): Libre:bluetooth_v2_dummy - Server::IsSupported
E/LibreBleController( 1395): Libre:IsSupported
E/        ( 1395): Libre:bluetooth_v2_dummy - LeAdvertiser::IsSupported
E/LibreBleController( 1395): Libre:IsSupported
E/LIBREWifiController( 1395): WifiControllerDummy::IsSupported 1
E/        ( 1395): Libre:bluetooth_v2_dummy - Server::IsSupported
E/LibreBleController( 1395): Libre:IsSupported
E/        ( 1395): Libre:bluetooth_v2_dummy - LeAdvertiser::IsSupported
E/LibreBleController( 1395): Libre:IsSupported
E/LIBRECastSysInfo( 1395): property_get ro.product.release.track beta-channel
E/LIBRECastSysInfo( 1395): CastSysInfoDummy::GetProductName LS9 Platform
E/LIBRECastSysInfo( 1395): CastSysInfoDummy::FactoryCountry 00
E/LIBRECastSysInfo( 1395): CastSysInfoDummy::GetDeviceModel LS2
E/LIBRECastSysInfo( 1395): CastSysInfoDummy::GetProductName LS9 Platform
E/LIBRECastSysInfo( 1395): CastSysInfoDummy::GetManufacturer LibreSync
E/LIBREWifiController( 1395): WifiControllerDummy::IsSupported 1
E/LIBRECastSysInfo( 1395): CastSysInfoDummy::FactoryCountry 00
E/        ( 1395): Libre:bluetooth_v2_dummy - Server::IsSupported
E/LibreBleController( 1395): Libre:IsSupported
E/        ( 1395): Libre:bluetooth_v2_dummy - LeAdvertiser::IsSupported
E/LibreBleController( 1395): Libre:IsSupported
E/LIBREWifiController( 1395): WifiControllerDummy::IsSupported 1
E/        ( 1395): Libre:bluetooth_v2_dummy - Server::IsSupported
E/LibreBleController( 1395): Libre:IsSupported
E/        ( 1395): Libre:bluetooth_v2_dummy - LeAdvertiser::IsSupported
E/LibreBleController( 1395): Libre:IsSupported
E/LIBRECastSysInfo( 1395): property_get ro.product.release.track beta-channel
E/LIBRECastSysInfo( 1395): CastSysInfoDummy::GetProductName LS9 Platform
I/LibreCastControlDelegate( 1174): OnCastStatus() +++
I/LibreCastControlDelegate( 1174): Device Build Number -> '1.28.102057'
I/castlibre( 1174): updateCastBuildVersion() Version 1.28.102057
I/LUCITransportService( 1030): readRemoteMessage() MID = 7 buffer = 1.28.102057
I/LibreCastControlDelegate( 1174): Active Applications -> 0
I/LibreCastControlDelegate( 1174): Current Cast State '2' -> 'NOT_SETUP'
I/castlibre( 1174): NotifyLUCIOTA() state = 13 value = 14 buff = 14 mCastNotifyOTAStatus = 14 
I/LUCITransportService( 1030): readRemoteMessage() MID = 108 buffer = None
I/LibreCastControlDelegate( 1174): OnCastStatus() ---
E/WAC_SERVER( 1060): Platform Software Access Point started
E/WAC_SERVER( 1060):  Socket FD socket 79
E/WAC_SERVER( 1060): _HandleState_Initialize started
E/WAC_SERVER( 1060): Lyric Speaker C50170@_mfi-config._tcp:35624 registered successfully
E/WAC_SERVER( 1060): Bonjour service registered with seed: 0
E/WAC_SERVER( 1060): _HandleState_Initialize Error :0 
E/WAC_SERVER( 1060): _WACServerEngine eState_WaitingForAuthSetupMessage
E/WAC_SERVER( 1060): CALLBACK WAC PLATFORM
E/MB_HANDLER( 1060): ***** WACAlerts *****1 
I/LUCITransportService( 1030): writeRemoteMessage() MID = 143 buffer = 1
I/LUCI-UART( 1030): UART write() SUCCESS MID = 143 data = 1 bytesWritten = 11 m_fd = 0xb
E/WAC_SERVER( 1060): Ready for CONFIG :Please connect using IOS device
E/WAC_SERVER( 1060): _HandleState_WaitingForAuthSetupMessage
E/WAC_SERVER( 1060): _HandleState_WaitingForAuthSetupMessage Before Sem wait for /auth message 
E/WAC_SERVER( 1060): "WACPreConfigListener":0 listener thread started
E/WAC_SERVER( 1060):  not connected server->acceptSocket 79 
I/LUCI-UART( 1030): RemoteID = 43690 CommandType = 2 Command = 208 CommandStatus = 0 DataLen = 9
E/LUCI_SERVER( 1030): Luci Server Thread wait over MID 208....
E/LUCI_SERVER( 1030): Got NV name : ssid
E/LUCI_SERVER( 1030): SET_VALUE_TO_NV_READ = ssid:
E/LUCI_SERVER( 1030): Luci Server Thread waiting for packets....
I/cast_shell( 1393): [1395:1436:INFO:mdns_app_filter.cc(1158)] MdnsAppFilter: Done probing.
I/cast_shell( 1393): [1395:1436:INFO:mdns_app_filter.cc(1278)] MdnsAppFilter: Done announcing.
E/LIBREWifiController( 1395): WifiControllerDummy::GetCurrentStatus
E/LIBREWifiController( 1395): WifiControllerDummy::GetCurrentStatus
E/LIBREWifiController( 1395): WifiControllerDummy::GetCurrentStatus
E/LIBREWifiController( 1395): WifiControllerDummy::GetConfiguredNetworks
E/LIBREWifiController( 1395): WifiControllerDummy::GetCurrentStatus
I/cast_shell( 1393): [1395:1439:INFO:setup_state.cc(429)] EurekaInfoCalled: wifi_state=4, has_ip_address=true, connected=0, is_initial_setup=0
E/LIBREWifiController( 1395): WifiControllerDummy::GetConfiguredNetworks
E/LIBRECastSysInfo( 1395): CastSysInfoDummy::FactoryCountry 00
E/LIBRECastSysInfo( 1395): CastSysInfoDummy::GetDeviceModel LS2
E/LIBRECastSysInfo( 1395): CastSysInfoDummy::GetProductName LS9 Platform
E/LIBRECastSysInfo( 1395): CastSysInfoDummy::GetManufacturer LibreSync
E/LIBREWifiController( 1395): WifiControllerDummy::IsSupported 1
E/LIBRECastSysInfo( 1395): CastSysInfoDummy::FactoryCountry 00
E/        ( 1395): Libre:bluetooth_v2_dummy - Server::IsSupported
E/LibreBleController( 1395): Libre:IsSupported
E/        ( 1395): Libre:bluetooth_v2_dummy - LeAdvertiser::IsSupported
E/LibreBleController( 1395): Libre:IsSupported
E/LIBREWifiController( 1395): WifiControllerDummy::IsSupported 1
E/        ( 1395): Libre:bluetooth_v2_dummy - Server::IsSupported
E/LibreBleController( 1395): Libre:IsSupported
E/        ( 1395): Libre:bluetooth_v2_dummy - LeAdvertiser::IsSupported
E/LibreBleController( 1395): Libre:IsSupported
E/LIBRECastSysInfo( 1395): property_get ro.product.release.track beta-channel
E/LIBRECastSysInfo( 1395): CastSysInfoDummy::GetProductName LS9 Platform
E/LIBRECastSysInfo( 1395): CastSysInfoDummy::FactoryCountry 00
E/LIBRECastSysInfo( 1395): CastSysInfoDummy::GetDeviceModel LS2
E/LIBRECastSysInfo( 1395): CastSysInfoDummy::GetProductName LS9 Platform
E/LIBRECastSysInfo( 1395): CastSysInfoDummy::GetManufacturer LibreSync
E/LIBREWifiController( 1395): WifiControllerDummy::IsSupported 1
E/LIBRECastSysInfo( 1395): CastSysInfoDummy::FactoryCountry 00
E/        ( 1395): Libre:bluetooth_v2_dummy - Server::IsSupported
E/LibreBleController( 1395): Libre:IsSupported
E/        ( 1395): Libre:bluetooth_v2_dummy - LeAdvertiser::IsSupported
E/LibreBleController( 1395): Libre:IsSupported
E/LIBREWifiController( 1395): WifiControllerDummy::IsSupported 1
E/        ( 1395): Libre:bluetooth_v2_dummy - Server::IsSupported
E/LibreBleController( 1395): Libre:IsSupported
E/        ( 1395): Libre:bluetooth_v2_dummy - LeAdvertiser::IsSupported
E/LibreBleController( 1395): Libre:IsSupported
E/LIBRECastSysInfo( 1395): property_get ro.product.release.track beta-channel
E/LIBRECastSysInfo( 1395): CastSysInfoDummy::GetProductName LS9 Platform
I/cast_shell( 1393): [1395:1439:INFO:setup_state.cc(429)] EurekaInfoCalled: wifi_state=4, has_ip_address=true, connected=0, is_initial_setup=0
I/mdns    ( 1016): mDNS Response sent for 31 seconds = 13
E/LIBREWifiController( 1395): **::HasChanges 0 *****
E/        ( 1395): Libre:bluetooth_v2_dummy - Server::IsSupported
E/LibreBleController( 1395): Libre:IsSupported
E/        ( 1395): Libre:bluetooth_v2_dummy - LeAdvertiser::IsSupported
E/LibreBleController( 1395): Libre:IsSupported
E/LIBREWifiController( 1395): WifiControllerDummy::GetCurrentStatus
I/cast_shell( 1393): [1395:1439:ERROR:setup_state.cc(316)] Timeout for state=SETUP_STATE_CHECKING_GLOBAL_CONNECTIVITY(50): move to state=SETUP_STATE_CHECKING_GLOBAL_CONNECTIVITY_BAD_ROUTER(52).
I/cast_shell( 1393): [1395:1439:INFO:setup_state.cc(212)] Setup state changed: SETUP_STATE_CHECKING_GLOBAL_CONNECTIVITY (50) -> SETUP_STATE_CHECKING_GLOBAL_CONNECTIVITY_BAD_ROUTER (52)
E/LIBREWifiController( 1395): WifiControllerDummy::GetConfiguredNetworks
E/LIBREWifiController( 1395): WifiControllerDummy::GetCurrentStatus
I/cast_shell( 1393): [1395:1439:INFO:setup_state.cc(429)] EurekaInfoCalled: wifi_state=4, has_ip_address=true, connected=0, is_initial_setup=0
E/LIBREWifiController( 1395): WifiControllerDummy::GetConfiguredNetworks
E/LIBREWifiController( 1395): WifiControllerDummy::GetCurrentStatus
I/cast_shell( 1393): [1395:1439:INFO:setup_state.cc(429)] EurekaInfoCalled: wifi_state=4, has_ip_address=true, connected=0, is_initial_setup=0
E/LIBREWifiController( 1395): WifiControllerDummy::GetConfiguredNetworks
E/LIBRECastSysInfo( 1395): CastSysInfoDummy::FactoryCountry 00
E/LIBRECastSysInfo( 1395): CastSysInfoDummy::GetDeviceModel LS2
E/LIBRECastSysInfo( 1395): CastSysInfoDummy::GetProductName LS9 Platform
E/LIBRECastSysInfo( 1395): CastSysInfoDummy::GetManufacturer LibreSync
E/LIBREWifiController( 1395): WifiControllerDummy::IsSupported 1
E/LIBRECastSysInfo( 1395): CastSysInfoDummy::FactoryCountry 00
E/        ( 1395): Libre:bluetooth_v2_dummy - Server::IsSupported
E/LibreBleController( 1395): Libre:IsSupported
E/        ( 1395): Libre:bluetooth_v2_dummy - LeAdvertiser::IsSupported
E/LibreBleController( 1395): Libre:IsSupported
E/LIBREWifiController( 1395): WifiControllerDummy::IsSupported 1
E/        ( 1395): Libre:bluetooth_v2_dummy - Server::IsSupported
E/LibreBleController( 1395): Libre:IsSupported
E/        ( 1395): Libre:bluetooth_v2_dummy - LeAdvertiser::IsSupported
E/LibreBleController( 1395): Libre:IsSupported
E/LIBRECastSysInfo( 1395): property_get ro.product.release.track beta-channel
E/LIBRECastSysInfo( 1395): CastSysInfoDummy::GetProductName LS9 Platform
E/LIBRECastSysInfo( 1395): CastSysInfoDummy::FactoryCountry 00
E/LIBRECastSysInfo( 1395): CastSysInfoDummy::GetDeviceModel LS2
E/LIBRECastSysInfo( 1395): CastSysInfoDummy::GetProductName LS9 Platform
E/LIBRECastSysInfo( 1395): CastSysInfoDummy::GetManufacturer LibreSync
E/LIBREWifiController( 1395): WifiControllerDummy::IsSupported 1
E/LIBRECastSysInfo( 1395): CastSysInfoDummy::FactoryCountry 00
E/        ( 1395): Libre:bluetooth_v2_dummy - Server::IsSupported
E/LibreBleController( 1395): Libre:IsSupported
E/        ( 1395): Libre:bluetooth_v2_dummy - LeAdvertiser::IsSupported
E/LibreBleController( 1395): Libre:IsSupported
E/LIBREWifiController( 1395): WifiControllerDummy::IsSupported 1
E/        ( 1395): Libre:bluetooth_v2_dummy - Server::IsSupported
E/LibreBleController( 1395): Libre:IsSupported
E/        ( 1395): Libre:bluetooth_v2_dummy - LeAdvertiser::IsSupported
E/LibreBleController( 1395): Libre:IsSupported
E/LIBRECastSysInfo( 1395): property_get ro.product.release.track beta-channel
E/LIBRECastSysInfo( 1395): CastSysInfoDummy::GetProductName LS9 Platform
I/LibreCastControlDelegate( 1174): OnCastStatus() +++
I/LibreCastControlDelegate( 1174): Device Build Number -> '1.28.102057'
I/castlibre( 1174): updateCastBuildVersion() Version 1.28.102057
I/cast_shell( 1393): [1395:1439:INFO:setup_state.cc(429)] EurekaInfoCalled: wifi_state=4, has_ip_address=true, connected=0, is_initial_setup=0
I/LUCITransportService( 1030): readRemoteMessage() MID = 7 buffer = 1.28.102057
I/LibreCastControlDelegate( 1174): Active Applications -> 0
I/LibreCastControlDelegate( 1174): Current Cast State '2' -> 'NOT_SETUP'
I/castlibre( 1174): NotifyLUCIOTA() state = 13 value = 14 buff = 14 mCastNotifyOTAStatus = 14 
I/LUCITransportService( 1030): readRemoteMessage() MID = 108 buffer = None
I/LibreCastControlDelegate( 1174): OnCastStatus() ---
I/cast_shell( 1393): [1395:1436:INFO:mdns_app_filter.cc(2140)] MdnsAppFilter: responses sent in 33 seconds: 3
E/LIBRECastSysInfo( 1395): property_get ro.product.release.track from prop
E/LIBRECastSysInfo( 1395): property_get ro.product.release.track from prop
E/LIBRECastSysInfo( 1395): property_get ro.product.release.track from prop
E/LIBRECastSysInfo( 1395): property_get ro.product.release.track from prop
E/LIBRECastSysInfo( 1395): CastSysInfoDummy::GetManufacturer LibreSync
E/LIBRECastSysInfo( 1395): CastSysInfoDummy::GetManufacturer LibreSync
E/LIBRECastSysInfo( 1395): CastSysInfoDummy::GetDeviceModel LS2
E/LIBRECastSysInfo( 1395): CastSysInfoDummy::GetDeviceModel LS2
E/LIBRECastSysInfo( 1395): Serial Text in  GetSerialNumber ids6omnm3Pz8kuEv25Un 
E/LIBRECastSysInfo( 1395): CastSysInfoDummy::GetProductName LS9 Platform
I/cast_shell( 1393): [1395:1395:INFO:metrics_recorder_impl.cc(773)] Upload opt-out event with response code -1
I/cast_shell( 1393): [1395:1395:INFO:metrics_recorder.cc(89)] Metrics stat: total=10
I/cast_shell( 1393): Cast.Discovery.Mdns.ResponderStarted=1
I/cast_shell( 1393): Cast.Discovery.Mdns.SocketCreated=2
I/cast_shell( 1393): CastV2.Connection.Connect.In=1
I/cast_shell( 1393): CastV2.Receiver.DeviceStatus.Out=7
I/cast_shell( 1393): CastV2.Receiver.DeviceStatus.Out.Broadcast=3
I/cast_shell( 1393): CastV2.Receiver.GetStatus.In=1
I/cast_shell( 1393): CastV2.Resource.Provider.In=1
I/cast_shell( 1393): CastV2.Resource.Version.In=1
I/cast_shell( 1393): CastV2.Resource.Version.Out=1
I/cast_shell( 1393): CastV2.Transport.Accept=2
I/cast_shell( 1393): [1395:1395:INFO:gcm_manager.cc(226)] Disabling GCM Driver
E/LIBRECastSysInfo( 1395): property_get ro.product.release.track from prop
E/LIBRECastSysInfo( 1395): property_get ro.product.release.track from prop
E/LIBRECastSysInfo( 1395): CastSysInfoDummy::GetProductName LS9 Platform
E/LIBRECastSysInfo( 1395): CastSysInfoDummy::GetManufacturer LibreSync
E/LIBRECastSysInfo( 1395): CastSysInfoDummy::GetManufacturer LibreSync
E/LIBRECastSysInfo( 1395): CastSysInfoDummy::GetDeviceModel LS2
E/LIBRECastSysInfo( 1395): CastSysInfoDummy::GetDeviceModel LS2
E/LIBRECastSysInfo( 1395): Serial Text in  GetSerialNumber ids6omnm3Pz8kuEv25Un 
E/LIBRECastSysInfo( 1395): CastSysInfoDummy::GetSystemBuildNumber from prop 2297
E/LIBRECastSysInfo( 1395): CastSysInfoDummy::GetSystemBuildNumber 2297
I/cast_shell( 1393): [1395:1395:INFO:metrics_recorder_impl.cc(739)] Activated server experiments: []
I/cast_shell( 1393): [1395:1436:INFO:mdns_app_filter.cc(2140)] MdnsAppFilter: responses sent in 48 seconds: 4
I/mdns    ( 1016): mDNS Response sent for 56 seconds = 6
E/LibreBleController( 1395): Libre:StopAdvertising
E/LibreBleController( 1395): Libre:StopAdvertise
E/BT_SYSTEM_CONTROL( 1060): StartAdvertising 1705
E/bt_btif ( 1060): bta_gattc_listen failed, unknown client_if: 0
E/LibreBleController( 1395): BluetoothDummy::OnAdvertisingCb = 0
E/LibreBleController( 1395): Libre:StartAdvertising = FEA0, 1
E/LibreBleController( 1395): Libre:SetAdvertisement service_uuid=FEA0, transmit_name=0
E/LibreBleController( 1395): advertised_uuids[0].data()=FEA0
E/LibreBleController( 1395): Libre:SetScanResponse:service_uuid=FEA0,transmit_name= 1
E/LibreBleController( 1395): advertised_uuids[0].data()=FEA0
E/LibreBleController( 1395): Libre:StartAdvertise
E/BT_SYSTEM_CONTROL( 1060): Libre:SetAdvertisement service_uuid=FEA0, transmit_name=0
E/BT_SYSTEM_CONTROL( 1060): advertise_data.data[0]=0x3
E/BT_SYSTEM_CONTROL( 1060): advertise_data.data[1]=0x3
E/BT_SYSTEM_CONTROL( 1060): advertise_data.data[2]=0xa0
E/BT_SYSTEM_CONTROL( 1060): advertise_data.data[3]=0xfe
E/BT_SYSTEM_CONTROL( 1060): advertise_data.data[4]=0x10
E/BT_SYSTEM_CONTROL( 1060): advertise_data.data[5]=0x16
E/BT_SYSTEM_CONTROL( 1060): advertise_data.data[6]=0xa0
E/BT_SYSTEM_CONTROL( 1060): advertise_data.data[7]=0xfe
E/BT_SYSTEM_CONTROL( 1060): advertise_data.data[8]=0x3
E/BT_SYSTEM_CONTROL( 1060): advertise_data.data[9]=0xfa
E/BT_SYSTEM_CONTROL( 1060): advertise_data.data[10]=0x8f
E/BT_SYSTEM_CONTROL( 1060): advertise_data.data[11]=0xca
E/BT_SYSTEM_CONTROL( 1060): advertise_data.data[12]=0x55
E/BT_SYSTEM_CONTROL( 1060): advertise_data.data[13]=0xe1
E/BT_SYSTEM_CONTROL( 1060): advertise_data.data[14]=0x8e
E/BT_SYSTEM_CONTROL( 1060): advertise_data.data[15]=0x64
E/BT_SYSTEM_CONTROL( 1060): advertise_data.data[16]=0x20
E/BT_SYSTEM_CONTROL( 1060): advertise_data.data[17]=0x20
E/BT_SYSTEM_CONTROL( 1060): advertise_data.data[18]=0x20
E/BT_SYSTEM_CONTROL( 1060): advertise_data.data[19]=0x1e
E/BT_SYSTEM_CONTROL( 1060): advertise_data.data[20]=0x2
E/BT_SYSTEM_CONTROL( 1060): advertised_uuids[0].data()=FEA0
E/BT_SYSTEM_CONTROL( 1060): conv16_128uuid 1572
E/BT_SYSTEM_CONTROL( 1060): Can not set advertisement data, since BLE not initialized 0xb3f011e0
E/BT_SYSTEM_CONTROL( 1060): adv data set success
E/BT_SYSTEM_CONTROL( 1060): Libre:SetScanResponse:service_uuid=FEA0,transmit_name= 1
E/BT_SYSTEM_CONTROL( 1060): advertise_data.data[0]=0x15
E/BT_SYSTEM_CONTROL( 1060): advertise_data.data[1]=0x9
E/BT_SYSTEM_CONTROL( 1060): advertise_data.data[2]=0x4c
E/BT_SYSTEM_CONTROL( 1060): advertise_data.data[3]=0x79
E/BT_SYSTEM_CONTROL( 1060): advertise_data.data[4]=0x72
E/BT_SYSTEM_CONTROL( 1060): advertise_data.data[5]=0x69
E/BT_SYSTEM_CONTROL( 1060): advertise_data.data[6]=0x63
E/BT_SYSTEM_CONTROL( 1060): advertise_data.data[7]=0x20
E/BT_SYSTEM_CONTROL( 1060): advertise_data.data[8]=0x53
E/BT_SYSTEM_CONTROL( 1060): advertise_data.data[9]=0x70
E/BT_SYSTEM_CONTROL( 1060): advertise_data.data[10]=0x65
E/BT_SYSTEM_CONTROL( 1060): advertise_data.data[11]=0x61
E/BT_SYSTEM_CONTROL( 1060): advertise_data.data[12]=0x6b
E/BT_SYSTEM_CONTROL( 1060): advertise_data.data[13]=0x65
E/BT_SYSTEM_CONTROL( 1060): advertise_data.data[14]=0x72
E/BT_SYSTEM_CONTROL( 1060): advertise_data.data[15]=0x20
E/BT_SYSTEM_CONTROL( 1060): advertise_data.data[16]=0x43
E/BT_SYSTEM_CONTROL( 1060): advertise_data.data[17]=0x35
E/BT_SYSTEM_CONTROL( 1060): advertise_data.data[18]=0x30
E/BT_SYSTEM_CONTROL( 1060): advertise_data.data[19]=0x31
